Archive member included because of file (symbol)

c:/_bin/codeblocks/armgnu/bin/../lib/gcc/arm-none-eabi/4.7.4/../../../../arm-none-eabi/lib/armv7-m\libstdc++.a(si_class_type_info.o)
                              obj\Debug\src\adc.o (vtable for __cxxabiv1::__si_class_type_info)
c:/_bin/codeblocks/armgnu/bin/../lib/gcc/arm-none-eabi/4.7.4/../../../../arm-none-eabi/lib/armv7-m\libstdc++.a(eh_arm.o)
                              obj\Debug\main.o (__cxa_end_cleanup)
c:/_bin/codeblocks/armgnu/bin/../lib/gcc/arm-none-eabi/4.7.4/../../../../arm-none-eabi/lib/armv7-m\libstdc++.a(pure.o)
                              obj\Debug\src\adc.o (__cxa_pure_virtual)
c:/_bin/codeblocks/armgnu/bin/../lib/gcc/arm-none-eabi/4.7.4/../../../../arm-none-eabi/lib/armv7-m\libstdc++.a(eh_globals.o)
                              c:/_bin/codeblocks/armgnu/bin/../lib/gcc/arm-none-eabi/4.7.4/../../../../arm-none-eabi/lib/armv7-m\libstdc++.a(eh_arm.o) (__cxa_get_globals)
c:/_bin/codeblocks/armgnu/bin/../lib/gcc/arm-none-eabi/4.7.4/../../../../arm-none-eabi/lib/armv7-m\libstdc++.a(eh_exception.o)
                              c:/_bin/codeblocks/armgnu/bin/../lib/gcc/arm-none-eabi/4.7.4/../../../../arm-none-eabi/lib/armv7-m\libstdc++.a(eh_arm.o) (typeinfo for __cxxabiv1::__forced_unwind)
c:/_bin/codeblocks/armgnu/bin/../lib/gcc/arm-none-eabi/4.7.4/../../../../arm-none-eabi/lib/armv7-m\libstdc++.a(del_op.o)
                              obj\Debug\src\adc.o (operator delete(void*))
c:/_bin/codeblocks/armgnu/bin/../lib/gcc/arm-none-eabi/4.7.4/../../../../arm-none-eabi/lib/armv7-m\libstdc++.a(class_type_info.o)
                              c:/_bin/codeblocks/armgnu/bin/../lib/gcc/arm-none-eabi/4.7.4/../../../../arm-none-eabi/lib/armv7-m\libstdc++.a(si_class_type_info.o) (__cxxabiv1::__class_type_info::__do_upcast(__cxxabiv1::__class_type_info const*, void**) const)
c:/_bin/codeblocks/armgnu/bin/../lib/gcc/arm-none-eabi/4.7.4/../../../../arm-none-eabi/lib/armv7-m\libstdc++.a(atexit_arm.o)
                              obj\Debug\src\bus.o (__aeabi_atexit)
c:/_bin/codeblocks/armgnu/bin/../lib/gcc/arm-none-eabi/4.7.4/../../../../arm-none-eabi/lib/armv7-m\libstdc++.a(eh_personality.o)
                              obj\Debug\main.o (__gxx_personality_v0)
c:/_bin/codeblocks/armgnu/bin/../lib/gcc/arm-none-eabi/4.7.4/../../../../arm-none-eabi/lib/armv7-m\libstdc++.a(eh_terminate.o)
                              c:/_bin/codeblocks/armgnu/bin/../lib/gcc/arm-none-eabi/4.7.4/../../../../arm-none-eabi/lib/armv7-m\libstdc++.a(eh_arm.o) (std::terminate())
c:/_bin/codeblocks/armgnu/bin/../lib/gcc/arm-none-eabi/4.7.4/../../../../arm-none-eabi/lib/armv7-m\libstdc++.a(tinfo.o)
                              c:/_bin/codeblocks/armgnu/bin/../lib/gcc/arm-none-eabi/4.7.4/../../../../arm-none-eabi/lib/armv7-m\libstdc++.a(class_type_info.o) (std::type_info::~type_info())
c:/_bin/codeblocks/armgnu/bin/../lib/gcc/arm-none-eabi/4.7.4/../../../../arm-none-eabi/lib/armv7-m\libstdc++.a(eh_unex_handler.o)
                              c:/_bin/codeblocks/armgnu/bin/../lib/gcc/arm-none-eabi/4.7.4/../../../../arm-none-eabi/lib/armv7-m\libstdc++.a(eh_terminate.o) (__cxxabiv1::__unexpected_handler)
c:/_bin/codeblocks/armgnu/bin/../lib/gcc/arm-none-eabi/4.7.4/../../../../arm-none-eabi/lib/armv7-m\libstdc++.a(eh_call.o)
                              c:/_bin/codeblocks/armgnu/bin/../lib/gcc/arm-none-eabi/4.7.4/../../../../arm-none-eabi/lib/armv7-m\libstdc++.a(eh_personality.o) (__cxa_call_terminate)
c:/_bin/codeblocks/armgnu/bin/../lib/gcc/arm-none-eabi/4.7.4/../../../../arm-none-eabi/lib/armv7-m\libstdc++.a(eh_catch.o)
                              c:/_bin/codeblocks/armgnu/bin/../lib/gcc/arm-none-eabi/4.7.4/../../../../arm-none-eabi/lib/armv7-m\libstdc++.a(eh_personality.o) (__cxa_begin_catch)
c:/_bin/codeblocks/armgnu/bin/../lib/gcc/arm-none-eabi/4.7.4/../../../../arm-none-eabi/lib/armv7-m\libstdc++.a(eh_throw.o)
                              c:/_bin/codeblocks/armgnu/bin/../lib/gcc/arm-none-eabi/4.7.4/../../../../arm-none-eabi/lib/armv7-m\libstdc++.a(eh_call.o) (__cxa_throw)
c:/_bin/codeblocks/armgnu/bin/../lib/gcc/arm-none-eabi/4.7.4/../../../../arm-none-eabi/lib/armv7-m\libstdc++.a(eh_term_handler.o)
                              c:/_bin/codeblocks/armgnu/bin/../lib/gcc/arm-none-eabi/4.7.4/../../../../arm-none-eabi/lib/armv7-m\libstdc++.a(eh_terminate.o) (__cxxabiv1::__terminate_handler)
c:/_bin/codeblocks/armgnu/bin/../lib/gcc/arm-none-eabi/4.7.4/../../../../arm-none-eabi/lib/armv7-m\libstdc++.a(eh_alloc.o)
                              c:/_bin/codeblocks/armgnu/bin/../lib/gcc/arm-none-eabi/4.7.4/../../../../arm-none-eabi/lib/armv7-m\libstdc++.a(eh_call.o) (__cxa_allocate_exception)
c:/_bin/codeblocks/armgnu/bin/../lib/gcc/arm-none-eabi/4.7.4/../../../../arm-none-eabi/lib/armv7-m\libstdc++.a(vterminate.o)
[...]
Memory Configuration

Name             Origin             Length             Attributes
FLASH            0x08000000         0x00020000         xr
RAM              0x20000000         0x00002000         xrw
MEMORY_B1        0x60000000         0x00000000         xr
*default*        0x00000000         0xffffffff

Linker script and memory map

LOAD c:/_bin/codeblocks/armgnu/bin/../lib/gcc/arm-none-eabi/4.7.4/armv7-m/crti.o
LOAD c:/_bin/codeblocks/armgnu/bin/../lib/gcc/arm-none-eabi/4.7.4/armv7-m/crtbegin.o
LOAD c:/_bin/codeblocks/armgnu/bin/../lib/gcc/arm-none-eabi/4.7.4/../../../../arm-none-eabi/lib/armv7-m/crt0.o
LOAD obj\Debug\lib\CMSIS\CM3\CoreSupport\core_cm3.o
LOAD obj\Debug\lib\CMSIS\CM3\DeviceSupport\ST\STM32F10x\startup\gcc_ride7\startup_stm32f10x_md_vl.o
LOAD obj\Debug\lib\CMSIS\CM3\DeviceSupport\ST\STM32F10x\system_stm32f10x.o
LOAD obj\Debug\lib\STM32F10x_StdPeriph_Driver\src\misc.o
LOAD obj\Debug\lib\STM32F10x_StdPeriph_Driver\src\stm32f10x_adc.o
LOAD obj\Debug\lib\STM32F10x_StdPeriph_Driver\src\stm32f10x_bkp.o
LOAD obj\Debug\lib\STM32F10x_StdPeriph_Driver\src\stm32f10x_can.o
LOAD obj\Debug\lib\STM32F10x_StdPeriph_Driver\src\stm32f10x_cec.o
LOAD obj\Debug\lib\STM32F10x_StdPeriph_Driver\src\stm32f10x_crc.o
LOAD obj\Debug\lib\STM32F10x_StdPeriph_Driver\src\stm32f10x_dac.o
LOAD obj\Debug\lib\STM32F10x_StdPeriph_Driver\src\stm32f10x_dbgmcu.o
LOAD obj\Debug\lib\STM32F10x_StdPeriph_Driver\src\stm32f10x_dma.o
LOAD obj\Debug\lib\STM32F10x_StdPeriph_Driver\src\stm32f10x_exti.o
LOAD obj\Debug\lib\STM32F10x_StdPeriph_Driver\src\stm32f10x_flash.o
LOAD obj\Debug\lib\STM32F10x_StdPeriph_Driver\src\stm32f10x_fsmc.o
LOAD obj\Debug\lib\STM32F10x_StdPeriph_Driver\src\stm32f10x_gpio.o
LOAD obj\Debug\lib\STM32F10x_StdPeriph_Driver\src\stm32f10x_i2c.o
LOAD obj\Debug\lib\STM32F10x_StdPeriph_Driver\src\stm32f10x_iwdg.o
LOAD obj\Debug\lib\STM32F10x_StdPeriph_Driver\src\stm32f10x_pwr.o
LOAD obj\Debug\lib\STM32F10x_StdPeriph_Driver\src\stm32f10x_rcc.o
LOAD obj\Debug\lib\STM32F10x_StdPeriph_Driver\src\stm32f10x_rtc.o
LOAD obj\Debug\lib\STM32F10x_StdPeriph_Driver\src\stm32f10x_sdio.o
LOAD obj\Debug\lib\STM32F10x_StdPeriph_Driver\src\stm32f10x_spi.o
LOAD obj\Debug\lib\STM32F10x_StdPeriph_Driver\src\stm32f10x_tim.o
LOAD obj\Debug\lib\STM32F10x_StdPeriph_Driver\src\stm32f10x_usart.o
LOAD obj\Debug\lib\STM32F10x_StdPeriph_Driver\src\stm32f10x_wwdg.o
LOAD obj\Debug\lib\syscalls.o
LOAD obj\Debug\lib\Utilities\STM32vldiscovery.o
LOAD obj\Debug\main.o
LOAD obj\Debug\src\adc.o
LOAD obj\Debug\src\bus.o
LOAD obj\Debug\src\dac.o
LOAD obj\Debug\src\led.o
LOAD obj\Debug\src\pin.o
LOAD obj\Debug\src\tim.o
LOAD c:/_bin/codeblocks/armgnu/bin/../lib/gcc/arm-none-eabi/4.7.4/../../../../arm-none-eabi/lib/armv7-m\libstdc++.a
LOAD c:/_bin/codeblocks/armgnu/bin/../lib/gcc/arm-none-eabi/4.7.4/../../../../arm-none-eabi/lib/armv7-m\libm.a
START GROUP
LOAD c:/_bin/codeblocks/armgnu/bin/../lib/gcc/arm-none-eabi/4.7.4/armv7-m\libgcc.a
LOAD c:/_bin/codeblocks/armgnu/bin/../lib/gcc/arm-none-eabi/4.7.4/../../../../arm-none-eabi/lib/armv7-m\libc.a
END GROUP
LOAD c:/_bin/codeblocks/armgnu/bin/../lib/gcc/arm-none-eabi/4.7.4/armv7-m/crtend.o
LOAD c:/_bin/codeblocks/armgnu/bin/../lib/gcc/arm-none-eabi/4.7.4/armv7-m/crtn.o
                0x20002000                _estack = 0x20002000
                0x00000400                _Min_Heap_Size = 0x400
                0x00000800                _Min_Stack_Size = 0x800

.isr_vector     0x08000000      0x1d0
                0x08000000                . = ALIGN (0x4)
 *(.isr_vector)
 .isr_vector    0x08000000      0x1d0 obj\Debug\lib\CMSIS\CM3\DeviceSupport\ST\STM32F10x\startup\gcc_ride7\startup_stm32f10x_md_vl.o
                0x08000000                g_pfnVectors
                0x080001d0                . = ALIGN (0x4)

.text           0x080001d0    0x16568
                0x080001d0                . = ALIGN (0x4)
 *(.text)
 .text          0x080001d0       0x54 c:/_bin/codeblocks/armgnu/bin/../lib/gcc/arm-none-eabi/4.7.4/armv7-m/crtbegin.o
 .text          0x08000224     0x9bac c:/_bin/codeblocks/armgnu/bin/../lib/gcc/arm-none-eabi/4.7.4/../../../../arm-none-eabi/lib/armv7-m\libstdc++.a(cp-demangle.o)
                0x08009cec                __cxa_demangle
                0x08009db4                __gcclibcxx_demangle_callback
 .text          0x08009dd0      0x370 c:/_bin/codeblocks/armgnu/bin/../lib/gcc/arm-none-eabi/4.7.4/armv7-m\libgcc.a(_arm_addsubdf3.o)
                0x08009dd0                __aeabi_drsub
                0x08009dd8                __aeabi_dsub
                0x08009dd8                __subdf3
                0x08009ddc                __aeabi_dadd
                0x08009ddc                __adddf3
                0x0800a054                __floatunsidf
                0x0800a054                __aeabi_ui2d
                0x0800a074                __floatsidf
                0x0800a074                __aeabi_i2d
                0x0800a098                __aeabi_f2d
                0x0800a098                __extendsfdf2
                0x0800a0d4                __floatundidf
                0x0800a0d4                __aeabi_ul2d
                0x0800a0e4                __floatdidf
                0x0800a0e4                __aeabi_l2d
 .text          0x0800a140      0x424 c:/_bin/codeblocks/armgnu/bin/../lib/gcc/arm-none-eabi/4.7.4/armv7-m\libgcc.a(_arm_muldivdf3.o)
                0x0800a140                __aeabi_dmul
                0x0800a140                __muldf3
                0x0800a394                __divdf3
                0x0800a394                __aeabi_ddiv
 .text          0x0800a564       0x50 c:/_bin/codeblocks/armgnu/bin/../lib/gcc/arm-none-eabi/4.7.4/armv7-m\libgcc.a(_arm_fixdfsi.o)
                0x0800a564                __aeabi_d2iz
                0x0800a564                __fixdfsi
 .text          0x0800a5b4      0xb8c c:/_bin/codeblocks/armgnu/bin/../lib/gcc/arm-none-eabi/4.7.4/armv7-m\libgcc.a(unwind-arm.o)
                0x0800a878                _Unwind_GetCFA
                0x0800a87c                __gnu_Unwind_RaiseException
                0x0800a8dc                __gnu_Unwind_ForcedUnwind
                0x0800a8f4                __gnu_Unwind_Resume
                0x0800a938                __gnu_Unwind_Resume_or_Rethrow
                0x0800a950                _Unwind_Complete
                0x0800a954                _Unwind_DeleteException
                0x0800a964                _Unwind_VRS_Get
                0x0800a9a0                _Unwind_VRS_Set
                0x0800ad3c                __aeabi_unwind_cpp_pr2
                0x0800ad44                __aeabi_unwind_cpp_pr1
                0x0800ad4c                __aeabi_unwind_cpp_pr0
                0x0800ad54                __gnu_Unwind_Backtrace
                0x0800adc0                _Unwind_VRS_Pop
 .text          0x0800b140      0x1ac c:/_bin/codeblocks/armgnu/bin/../lib/gcc/arm-none-eabi/4.7.4/armv7-m\libgcc.a(libunwind.o)
                0x0800b140                __restore_core_regs
                0x0800b140                restore_core_regs
                0x0800b158                __gnu_Unwind_Restore_VFP
                0x0800b160                __gnu_Unwind_Save_VFP
                0x0800b168                __gnu_Unwind_Restore_VFP_D
                0x0800b170                __gnu_Unwind_Save_VFP_D
                0x0800b178                __gnu_Unwind_Restore_VFP_D_16_to_31
                0x0800b180                __gnu_Unwind_Save_VFP_D_16_to_31
                0x0800b188                __gnu_Unwind_Restore_WMMXD
                0x0800b1cc                __gnu_Unwind_Save_WMMXD
                0x0800b210                __gnu_Unwind_Restore_WMMXC
                0x0800b224                __gnu_Unwind_Save_WMMXC
                0x0800b238                ___Unwind_RaiseException
                0x0800b238                _Unwind_RaiseException
                0x0800b25c                _Unwind_Resume
                0x0800b25c                ___Unwind_Resume
                0x0800b280                _Unwind_Resume_or_Rethrow
                0x0800b280                ___Unwind_Resume_or_Rethrow
                0x0800b2a4                _Unwind_ForcedUnwind
                0x0800b2a4                ___Unwind_ForcedUnwind
                0x0800b2c8                ___Unwind_Backtrace
                0x0800b2c8                _Unwind_Backtrace
 .text          0x0800b2ec      0x3a4 c:/_bin/codeblocks/armgnu/bin/../lib/gcc/arm-none-eabi/4.7.4/armv7-m\libgcc.a(pr-support.o)
                0x0800b338                __gnu_unwind_execute
                0x0800b638                __gnu_unwind_frame
                0x0800b660                _Unwind_GetRegionStart
                0x0800b66c                _Unwind_GetLanguageSpecificData
                0x0800b680                _Unwind_GetDataRelBase
                0x0800b688                _Unwind_GetTextRelBase
 .text          0x0800b690      0x2e0 c:/_bin/codeblocks/armgnu/bin/../lib/gcc/arm-none-eabi/4.7.4/armv7-m\libgcc.a(unwind-c.o)
                0x0800b894                __gcc_personality_v0
 .text          0x0800b970      0x110 c:/_bin/codeblocks/armgnu/bin/../lib/gcc/arm-none-eabi/4.7.4/armv7-m\libgcc.a(_arm_cmpdf2.o)
                0x0800b970                __gtdf2
                0x0800b970                __gedf2
                0x0800b978                __ltdf2
                0x0800b978                __ledf2
                0x0800b980                __nedf2
                0x0800b980                __eqdf2
                0x0800b980                __cmpdf2
                0x0800b9fc                __aeabi_cdrcmple
                0x0800ba0c                __aeabi_cdcmpeq
                0x0800ba0c                __aeabi_cdcmple
                0x0800ba1c                __aeabi_dcmpeq
                0x0800ba30                __aeabi_dcmplt
                0x0800ba44                __aeabi_dcmple
                0x0800ba58                __aeabi_dcmpge
                0x0800ba6c                __aeabi_dcmpgt
 .text          0x0800ba80       0x2c c:/_bin/codeblocks/armgnu/bin/../lib/gcc/arm-none-eabi/4.7.4/armv7-m\libgcc.a(_aeabi_uldivmod.o)
                0x0800ba80                __aeabi_uldivmod
 .text          0x0800baac       0x60 c:/_bin/codeblocks/armgnu/bin/../lib/gcc/arm-none-eabi/4.7.4/armv7-m\libgcc.a(bpabi.o)
                0x0800baac                __gnu_ldivmod_helper
                0x0800badc                __gnu_uldivmod_helper
 .text          0x0800bb0c        0x4 c:/_bin/codeblocks/armgnu/bin/../lib/gcc/arm-none-eabi/4.7.4/armv7-m\libgcc.a(_dvmd_tls.o)
                0x0800bb0c                __aeabi_idiv0
                0x0800bb0c                __aeabi_ldiv0
 .text          0x0800bb10      0x2bc c:/_bin/codeblocks/armgnu/bin/../lib/gcc/arm-none-eabi/4.7.4/armv7-m\libgcc.a(_divdi3.o)
                0x0800bb10                __divdi3
 .text          0x0800bdcc      0x28c c:/_bin/codeblocks/armgnu/bin/../lib/gcc/arm-none-eabi/4.7.4/armv7-m\libgcc.a(_udivdi3.o)
                0x0800bdcc                __udivdi3
 *(.text*)
 .text.Reset_Handler
                0x0800c058       0x5c obj\Debug\lib\CMSIS\CM3\DeviceSupport\ST\STM32F10x\startup\gcc_ride7\startup_stm32f10x_md_vl.o
                0x0800c058                Reset_Handler
 .text.Default_Handler
                0x0800c0b4        0x4 obj\Debug\lib\CMSIS\CM3\DeviceSupport\ST\STM32F10x\startup\gcc_ride7\startup_stm32f10x_md_vl.o
                0x0800c0b4                EXTI2_IRQHandler
                0x0800c0b4                DebugMon_Handler
                0x0800c0b4                TIM1_CC_IRQHandler
                0x0800c0b4                HardFault_Handler
                0x0800c0b4                SysTick_Handler
                0x0800c0b4                PVD_IRQHandler
                0x0800c0b4                PendSV_Handler
                0x0800c0b4                NMI_Handler
                0x0800c0b4                EXTI3_IRQHandler
                0x0800c0b4                EXTI0_IRQHandler
                0x0800c0b4                I2C2_EV_IRQHandler
                0x0800c0b4                TIM1_UP_TIM16_IRQHandler
                0x0800c0b4                UsageFault_Handler
                0x0800c0b4                SPI1_IRQHandler
                0x0800c0b4                TAMPER_IRQHandler
                0x0800c0b4                DMA1_Channel4_IRQHandler
                0x0800c0b4                ADC1_IRQHandler
                0x0800c0b4                USART3_IRQHandler
                0x0800c0b4                RTC_IRQHandler
                0x0800c0b4                DMA1_Channel7_IRQHandler
                0x0800c0b4                TIM4_IRQHandler
                0x0800c0b4                I2C1_EV_IRQHandler
                0x0800c0b4                DMA1_Channel6_IRQHandler
                0x0800c0b4                TIM3_IRQHandler
                0x0800c0b4                RCC_IRQHandler
                0x0800c0b4                DMA1_Channel1_IRQHandler
                0x0800c0b4                Default_Handler
                0x0800c0b4                CEC_IRQHandler
                0x0800c0b4                EXTI15_10_IRQHandler
                0x0800c0b4                TIM7_IRQHandler
                0x0800c0b4                EXTI9_5_IRQHandler
                0x0800c0b4                SPI2_IRQHandler
                0x0800c0b4                MemManage_Handler
                0x0800c0b4                SVC_Handler
                0x0800c0b4                DMA1_Channel5_IRQHandler
                0x0800c0b4                EXTI4_IRQHandler
                0x0800c0b4                TIM1_TRG_COM_TIM17_IRQHandler
                0x0800c0b4                DMA1_Channel3_IRQHandler
                0x0800c0b4                WWDG_IRQHandler
                0x0800c0b4                TIM2_IRQHandler
                0x0800c0b4                EXTI1_IRQHandler
                0x0800c0b4                RTCAlarm_IRQHandler
                0x0800c0b4                USART2_IRQHandler
                0x0800c0b4                I2C2_ER_IRQHandler
                0x0800c0b4                DMA1_Channel2_IRQHandler
                0x0800c0b4                FLASH_IRQHandler
                0x0800c0b4                BusFault_Handler
                0x0800c0b4                USART1_IRQHandler
                0x0800c0b4                I2C1_ER_IRQHandler
                0x0800c0b4                TIM1_BRK_TIM15_IRQHandler
 .text.SystemInit
                0x0800c0b8       0xa8 obj\Debug\lib\CMSIS\CM3\DeviceSupport\ST\STM32F10x\system_stm32f10x.o
                0x0800c0b8                SystemInit
 .text.SetSysClock
                0x0800c160        0xc obj\Debug\lib\CMSIS\CM3\DeviceSupport\ST\STM32F10x\system_stm32f10x.o
 .text.SetSysClockTo24
                0x0800c16c      0x15c obj\Debug\lib\CMSIS\CM3\DeviceSupport\ST\STM32F10x\system_stm32f10x.o
 .text.ADC_DeInit
                0x0800c2c8       0xc0 obj\Debug\lib\STM32F10x_StdPeriph_Driver\src\stm32f10x_adc.o
                0x0800c2c8                ADC_DeInit
 .text.ADC_Init
                0x0800c388      0x274 obj\Debug\lib\STM32F10x_StdPeriph_Driver\src\stm32f10x_adc.o
                0x0800c388                ADC_Init
 .text.ADC_Cmd  0x0800c5fc       0x8c obj\Debug\lib\STM32F10x_StdPeriph_Driver\src\stm32f10x_adc.o
                0x0800c5fc                ADC_Cmd
 .text.ADC_ResetCalibration
                0x0800c688       0x58 obj\Debug\lib\STM32F10x_StdPeriph_Driver\src\stm32f10x_adc.o
                0x0800c688                ADC_ResetCalibration
 .text.ADC_GetResetCalibrationStatus
                0x0800c6e0       0x70 obj\Debug\lib\STM32F10x_StdPeriph_Driver\src\stm32f10x_adc.o
                0x0800c6e0                ADC_GetResetCalibrationStatus
 .text.ADC_StartCalibration
                0x0800c750       0x58 obj\Debug\lib\STM32F10x_StdPeriph_Driver\src\stm32f10x_adc.o
                0x0800c750                ADC_StartCalibration
 .text.ADC_GetCalibrationStatus
                0x0800c7a8       0x70 obj\Debug\lib\STM32F10x_StdPeriph_Driver\src\stm32f10x_adc.o
                0x0800c7a8                ADC_GetCalibrationStatus
 .text.ADC_SoftwareStartConvCmd
                0x0800c818       0x8c obj\Debug\lib\STM32F10x_StdPeriph_Driver\src\stm32f10x_adc.o
                0x0800c818                ADC_SoftwareStartConvCmd
 .text.ADC_RegularChannelConfig
                0x0800c8a4      0x2cc obj\Debug\lib\STM32F10x_StdPeriph_Driver\src\stm32f10x_adc.o
                0x0800c8a4                ADC_RegularChannelConfig
 .text.ADC_GetConversionValue
                0x0800cb70       0x54 obj\Debug\lib\STM32F10x_StdPeriph_Driver\src\stm32f10x_adc.o
                0x0800cb70                ADC_GetConversionValue
 .text.ADC_TempSensorVrefintCmd
                0x0800cbc4       0x68 obj\Debug\lib\STM32F10x_StdPeriph_Driver\src\stm32f10x_adc.o
                0x0800cbc4                ADC_TempSensorVrefintCmd
 .text.ADC_GetFlagStatus
                0x0800cc2c       0xa0 obj\Debug\lib\STM32F10x_StdPeriph_Driver\src\stm32f10x_adc.o
                0x0800cc2c                ADC_GetFlagStatus
 .text.ADC_ClearFlag
                0x0800cccc       0x78 obj\Debug\lib\STM32F10x_StdPeriph_Driver\src\stm32f10x_adc.o
                0x0800cccc                ADC_ClearFlag
 .text.DAC_DeInit
                0x0800cd44       0x20 obj\Debug\lib\STM32F10x_StdPeriph_Driver\src\stm32f10x_dac.o
                0x0800cd44                DAC_DeInit
 .text.DAC_Cmd  0x0800cd64       0x98 obj\Debug\lib\STM32F10x_StdPeriph_Driver\src\stm32f10x_dac.o
                0x0800cd64                DAC_Cmd
 .text.GPIO_Init
                0x0800cdfc      0x2b0 obj\Debug\lib\STM32F10x_StdPeriph_Driver\src\stm32f10x_gpio.o
                0x0800cdfc                GPIO_Init
 .text.RCC_APB2PeriphClockCmd
                0x0800d0ac       0x94 obj\Debug\lib\STM32F10x_StdPeriph_Driver\src\stm32f10x_rcc.o
                0x0800d0ac                RCC_APB2PeriphClockCmd
 .text.RCC_APB1PeriphClockCmd
                0x0800d140       0x94 obj\Debug\lib\STM32F10x_StdPeriph_Driver\src\stm32f10x_rcc.o
                0x0800d140                RCC_APB1PeriphClockCmd
 .text.RCC_APB2PeriphResetCmd
                0x0800d1d4       0x94 obj\Debug\lib\STM32F10x_StdPeriph_Driver\src\stm32f10x_rcc.o
                0x0800d1d4                RCC_APB2PeriphResetCmd
 .text.RCC_APB1PeriphResetCmd
                0x0800d268       0x94 obj\Debug\lib\STM32F10x_StdPeriph_Driver\src\stm32f10x_rcc.o
                0x0800d268                RCC_APB1PeriphResetCmd
 .text.TIM_DeInit
                0x0800d2fc      0x3a8 obj\Debug\lib\STM32F10x_StdPeriph_Driver\src\stm32f10x_tim.o
                0x0800d2fc                TIM_DeInit
 .text.USART_SendData
                0x0800d6a4       0x94 obj\Debug\lib\STM32F10x_StdPeriph_Driver\src\stm32f10x_usart.o
                0x0800d6a4                USART_SendData
 .text.USART_ReceiveData
                0x0800d738       0x78 obj\Debug\lib\STM32F10x_StdPeriph_Driver\src\stm32f10x_usart.o
                0x0800d738                USART_ReceiveData
 .text.USART_GetFlagStatus
                0x0800d7b0      0x124 obj\Debug\lib\STM32F10x_StdPeriph_Driver\src\stm32f10x_usart.o
                0x0800d7b0                USART_GetFlagStatus
 .text.uart_putc
                0x0800d8d4       0x3c obj\Debug\lib\syscalls.o
                0x0800d8d4                uart_putc
 .text.uart_getc
                0x0800d910       0x3c obj\Debug\lib\syscalls.o
                0x0800d910                uart_getc
 .text._read_r  0x0800d94c       0x48 obj\Debug\lib\syscalls.o
                0x0800d94c                _read_r
 .text._lseek_r
                0x0800d994       0x20 obj\Debug\lib\syscalls.o
                0x0800d994                _lseek_r
 .text._write_r
                0x0800d9b4       0x54 obj\Debug\lib\syscalls.o
                0x0800d9b4                _write_r
 .text._close_r
                0x0800da08       0x1c obj\Debug\lib\syscalls.o
                0x0800da08                _close_r
 .text._sbrk_r  0x0800da24       0x80 obj\Debug\lib\syscalls.o
                0x0800da24                _sbrk_r
 .text._fstat_r
                0x0800daa4       0x30 obj\Debug\lib\syscalls.o
                0x0800daa4                _fstat_r
 .text._isatty_r
                0x0800dad4       0x1c obj\Debug\lib\syscalls.o
                0x0800dad4                _isatty_r
 .text._getpid  0x0800daf0       0x10 obj\Debug\lib\syscalls.o
                0x0800daf0                _getpid
 .text._kill    0x0800db00       0x24 obj\Debug\lib\syscalls.o
                0x0800db00                _kill
 .text._exit    0x0800db24        0xc obj\Debug\lib\syscalls.o
                0x0800db24                _exit
 .text.STM32vldiscovery_LEDInit
                0x0800db30       0x6c obj\Debug\lib\Utilities\STM32vldiscovery.o
                0x0800db30                STM32vldiscovery_LEDInit
 .text.STM32vldiscovery_LEDOn
                0x0800db9c       0x34 obj\Debug\lib\Utilities\STM32vldiscovery.o
                0x0800db9c                STM32vldiscovery_LEDOn
 .text.STM32vldiscovery_LEDOff
                0x0800dbd0       0x34 obj\Debug\lib\Utilities\STM32vldiscovery.o
                0x0800dbd0                STM32vldiscovery_LEDOff
 .text.main     0x0800dc04       0xcc obj\Debug\main.o
                0x0800dc04                main
 .text._Z5Delaym
                0x0800dcd0       0x2c obj\Debug\main.o
                0x0800dcd0                Delay(unsigned long)
 .text.TIM6_DAC_IRQHandler
                0x0800dcfc        0xc obj\Debug\main.o
                0x0800dcfc                TIM6_DAC_IRQHandler
 .text.assert_failed
                0x0800dd08        0xc obj\Debug\main.o
                0x0800dd08                assert_failed
 .text._ZN11ADConverterC2Ev
                0x0800dd14       0x20 obj\Debug\src\adc.o
                0x0800dd14                ADConverter::ADConverter()
                0x0800dd14                ADConverter::ADConverter()
 .text._ZN12ADConverter1C2Ev
                0x0800dd34       0xa8 obj\Debug\src\adc.o
                0x0800dd34                ADConverter1::ADConverter1()
                0x0800dd34                ADConverter1::ADConverter1()
 .text._ZN12ADConverter15startEv
                0x0800dddc       0x88 obj\Debug\src\adc.o
                0x0800dddc                ADConverter1::start()
 .text._ZN12ADConverter14stopEv
                0x0800de64       0x20 obj\Debug\src\adc.o
                0x0800de64                ADConverter1::stop()
 .text._ZN12ADConverter14readEv
                0x0800de84       0x60 obj\Debug\src\adc.o
                0x0800de84                ADConverter1::read()
 .text._ZN12ADConverter1D2Ev
                0x0800dee4       0x3c obj\Debug\src\adc.o
                0x0800dee4                ADConverter1::~ADConverter1()
                0x0800dee4                ADConverter1::~ADConverter1()
 .text._ZN12ADConverter1D0Ev
                0x0800df20       0x20 obj\Debug\src\adc.o
                0x0800df20                ADConverter1::~ADConverter1()
 .text._ZN4APB16enableE12PeripheralID
                0x0800df40       0x1c obj\Debug\src\bus.o
                0x0800df40                APB1::enable(PeripheralID)
 .text._ZN4APB17disableE12PeripheralID
                0x0800df5c       0x1c obj\Debug\src\bus.o
                0x0800df5c                APB1::disable(PeripheralID)
 .text._ZN4APB26enableE12PeripheralID
                0x0800df78       0x1c obj\Debug\src\bus.o
                0x0800df78                APB2::enable(PeripheralID)
 .text._ZN4APB27disableE12PeripheralID
                0x0800df94       0x1c obj\Debug\src\bus.o
                0x0800df94                APB2::disable(PeripheralID)
 .text._ZN4APB2D2Ev
                0x0800dfb0       0x30 obj\Debug\src\bus.o
                0x0800dfb0                APB2::~APB2()
                0x0800dfb0                APB2::~APB2()
 .text._ZN4APB2D0Ev
                0x0800dfe0       0x20 obj\Debug\src\bus.o
                0x0800dfe0                APB2::~APB2()
 .text._ZN4APB1D2Ev
                0x0800e000       0x30 obj\Debug\src\bus.o
                0x0800e000                APB1::~APB1()
                0x0800e000                APB1::~APB1()
 .text._ZN4APB1D0Ev
                0x0800e030       0x20 obj\Debug\src\bus.o
                0x0800e030                APB1::~APB1()
 .text._Z41__static_initialization_and_destruction_0ii
                0x0800e050       0x5c obj\Debug\src\bus.o
 .text._GLOBAL__sub_I_bus1
                0x0800e0ac       0x14 obj\Debug\src\bus.o
 .text._ZN3DacC2Ev
                0x0800e0c0       0x20 obj\Debug\src\dac.o
                0x0800e0c0                Dac::Dac()
                0x0800e0c0                Dac::Dac()
 .text._ZN4Dac1C2Ev
                0x0800e0e0       0x8c obj\Debug\src\dac.o
                0x0800e0e0                Dac1::Dac1()
                0x0800e0e0                Dac1::Dac1()
 .text._ZN4Dac1D2Ev
                0x0800e16c       0x40 obj\Debug\src\dac.o
                0x0800e16c                Dac1::~Dac1()
                0x0800e16c                Dac1::~Dac1()
 .text._ZN4Dac15startEv
                0x0800e1ac       0x1c obj\Debug\src\dac.o
                0x0800e1ac                Dac1::start()
 .text._ZN4Dac14stopEv
                0x0800e1c8       0x14 obj\Debug\src\dac.o
                0x0800e1c8                Dac1::stop()
 .text._ZN3Dac4tickEv
                0x0800e1dc       0xd4 obj\Debug\src\dac.o
                0x0800e1dc                Dac::tick()
 .text._ZN3LedC2E5LedID
                0x0800e2b0       0x3c obj\Debug\src\led.o
                0x0800e2b0                Led::Led(LedID)
                0x0800e2b0                Led::Led(LedID)
 .text._ZN3Led2onEv
                0x0800e2ec       0x1c obj\Debug\src\led.o
                0x0800e2ec                Led::on()
 .text._ZN3Led3offEv
                0x0800e308       0x1c obj\Debug\src\led.o
                0x0800e308                Led::off()
 .text._ZN3PinC2E6APinID
                0x0800e324       0x54 obj\Debug\src\pin.o
                0x0800e324                Pin::Pin(APinID)
                0x0800e324                Pin::Pin(APinID)
 .text._ZN3Pin18setupSlowOutAnalogEv
                0x0800e378       0x38 obj\Debug\src\pin.o
                0x0800e378                Pin::setupSlowOutAnalog()
 .text._ZN3Pin17setupSlowInAnalogEv
                0x0800e3b0       0x38 obj\Debug\src\pin.o
                0x0800e3b0                Pin::setupSlowInAnalog()
 .text.NVIC_EnableIRQ
                0x0800e3e8       0x38 obj\Debug\src\tim.o
 .text._ZN5TimerC2Ev
                0x0800e420       0x18 obj\Debug\src\tim.o
                0x0800e420                Timer::Timer()
                0x0800e420                Timer::Timer()
 .text._ZN6Timer6C2Ev
                0x0800e438       0xa4 obj\Debug\src\tim.o
                0x0800e438                Timer6::Timer6()
                0x0800e438                Timer6::Timer6()
 .text._ZN6Timer6D2Ev
                0x0800e4dc       0x20 obj\Debug\src\tim.o
                0x0800e4dc                Timer6::~Timer6()
                0x0800e4dc                Timer6::~Timer6()
 .text._ZNK10__cxxabiv120__si_class_type_info12__do_dyncastEiNS_17__class_type_info10__sub_kindEPKS1_PKvS4_S6_RNS1_16__dyncast_resultE
                0x0800e4fc       0x90 c:/_bin/codeblocks/armgnu/bin/../lib/gcc/arm-none-eabi/4.7.4/../../../../arm-none-eabi/lib/armv7-m\libstdc++.a(si_class_type_info.o)
                0x0800e4fc                __cxxabiv1::__si_class_type_info::__do_dyncast(int, __cxxabiv1::__class_type_info::__sub_kind, __cxxabiv1::__class_type_info const*, void const*, __cxxabiv1::__class_type_info const*, void const*, __cxxabiv1::__class_type_info::__dyncast_result&) const
 .text._ZN10__cxxabiv120__si_class_type_infoD2Ev
                0x0800e58c       0x14 c:/_bin/codeblocks/armgnu/bin/../lib/gcc/arm-none-eabi/4.7.4/../../../../arm-none-eabi/lib/armv7-m\libstdc++.a(si_class_type_info.o)
                0x0800e58c                __cxxabiv1::__si_class_type_info::~__si_class_type_info()
                0x0800e58c                __cxxabiv1::__si_class_type_info::~__si_class_type_info()
 .text._ZN10__cxxabiv120__si_class_type_infoD0Ev
                0x0800e5a0       0x14 c:/_bin/codeblocks/armgnu/bin/../lib/gcc/arm-none-eabi/4.7.4/../../../../arm-none-eabi/lib/armv7-m\libstdc++.a(si_class_type_info.o)
                0x0800e5a0                __cxxabiv1::__si_class_type_info::~__si_class_type_info()
 .text._ZNK10__cxxabiv120__si_class_type_info20__do_find_public_srcEiPKvPKNS_17__class_type_infoES2_
                0x0800e5b4       0x34 c:/_bin/codeblocks/armgnu/bin/../lib/gcc/arm-none-eabi/4.7.4/../../../../arm-none-eabi/lib/armv7-m\libstdc++.a(si_class_type_info.o)
                0x0800e5b4                __cxxabiv1::__si_class_type_info::__do_find_public_src(int, void const*, __cxxabiv1::__class_type_info const*, void const*) const
 .text._ZNK10__cxxabiv120__si_class_type_info11__do_upcastEPKNS_17__class_type_infoEPKvRNS1_15__upcast_resultE
                0x0800e5e8       0x24 c:/_bin/codeblocks/armgnu/bin/../lib/gcc/arm-none-eabi/4.7.4/../../../../arm-none-eabi/lib/armv7-m\libstdc++.a(si_class_type_info.o)
                0x0800e5e8                __cxxabiv1::__si_class_type_info::__do_upcast(__cxxabiv1::__class_type_info const*, void const*, __cxxabiv1::__class_type_info::__upcast_result&) const
 .text.__cxa_end_cleanup
                0x0800e60c        0xc c:/_bin/codeblocks/armgnu/bin/../lib/gcc/arm-none-eabi/4.7.4/../../../../arm-none-eabi/lib/armv7-m\libstdc++.a(eh_arm.o)
                0x0800e60c                __cxa_end_cleanup
 .text.__cxa_type_match
                0x0800e618       0xb0 c:/_bin/codeblocks/armgnu/bin/../lib/gcc/arm-none-eabi/4.7.4/../../../../arm-none-eabi/lib/armv7-m\libstdc++.a(eh_arm.o)
                0x0800e618                __cxa_type_match
 .text.__cxa_begin_cleanup
                0x0800e6c8       0x64 c:/_bin/codeblocks/armgnu/bin/../lib/gcc/arm-none-eabi/4.7.4/../../../../arm-none-eabi/lib/armv7-m\libstdc++.a(eh_arm.o)
                0x0800e6c8                __cxa_begin_cleanup
 .text.__gnu_end_cleanup
                0x0800e72c       0x74 c:/_bin/codeblocks/armgnu/bin/../lib/gcc/arm-none-eabi/4.7.4/../../../../arm-none-eabi/lib/armv7-m\libstdc++.a(eh_arm.o)
                0x0800e72c                __gnu_end_cleanup
 .text.__cxa_pure_virtual
                0x0800e7a0       0x18 c:/_bin/codeblocks/armgnu/bin/../lib/gcc/arm-none-eabi/4.7.4/../../../../arm-none-eabi/lib/armv7-m\libstdc++.a(pure.o)
                0x0800e7a0                __cxa_pure_virtual
 .text.__cxa_get_globals_fast
                0x0800e7b8        0xc c:/_bin/codeblocks/armgnu/bin/../lib/gcc/arm-none-eabi/4.7.4/../../../../arm-none-eabi/lib/armv7-m\libstdc++.a(eh_globals.o)
                0x0800e7b8                __cxa_get_globals_fast
 .text.__cxa_get_globals
                0x0800e7c4        0xc c:/_bin/codeblocks/armgnu/bin/../lib/gcc/arm-none-eabi/4.7.4/../../../../arm-none-eabi/lib/armv7-m\libstdc++.a(eh_globals.o)
                0x0800e7c4                __cxa_get_globals
 .text._ZNSt9exceptionD2Ev
                0x0800e7d0        0xc c:/_bin/codeblocks/armgnu/bin/../lib/gcc/arm-none-eabi/4.7.4/../../../../arm-none-eabi/lib/armv7-m\libstdc++.a(eh_exception.o)
                0x0800e7d0                std::exception::~exception()
                0x0800e7d0                std::exception::~exception()
 .text._ZNSt13bad_exceptionD2Ev
                0x0800e7dc        0xc c:/_bin/codeblocks/armgnu/bin/../lib/gcc/arm-none-eabi/4.7.4/../../../../arm-none-eabi/lib/armv7-m\libstdc++.a(eh_exception.o)
                0x0800e7dc                std::bad_exception::~bad_exception()
                0x0800e7dc                std::bad_exception::~bad_exception()
 .text._ZNKSt9exception4whatEv
                0x0800e7e8        0xc c:/_bin/codeblocks/armgnu/bin/../lib/gcc/arm-none-eabi/4.7.4/../../../../arm-none-eabi/lib/armv7-m\libstdc++.a(eh_exception.o)
                0x0800e7e8                std::exception::what() const
 .text._ZNKSt13bad_exception4whatEv
                0x0800e7f4        0xc c:/_bin/codeblocks/armgnu/bin/../lib/gcc/arm-none-eabi/4.7.4/../../../../arm-none-eabi/lib/armv7-m\libstdc++.a(eh_exception.o)
                0x0800e7f4                std::bad_exception::what() const
 .text._ZNSt9exceptionD0Ev
                0x0800e800       0x14 c:/_bin/codeblocks/armgnu/bin/../lib/gcc/arm-none-eabi/4.7.4/../../../../arm-none-eabi/lib/armv7-m\libstdc++.a(eh_exception.o)
                0x0800e800                std::exception::~exception()
 .text._ZNSt13bad_exceptionD0Ev
                0x0800e814       0x14 c:/_bin/codeblocks/armgnu/bin/../lib/gcc/arm-none-eabi/4.7.4/../../../../arm-none-eabi/lib/armv7-m\libstdc++.a(eh_exception.o)
                0x0800e814                std::bad_exception::~bad_exception()
 .text._ZdlPv   0x0800e828        0x8 c:/_bin/codeblocks/armgnu/bin/../lib/gcc/arm-none-eabi/4.7.4/../../../../arm-none-eabi/lib/armv7-m\libstdc++.a(del_op.o)
                0x0800e828                operator delete(void*)
 .text._ZNK10__cxxabiv117__class_type_info11__do_upcastEPKS0_PPv
                0x0800e830       0x38 c:/_bin/codeblocks/armgnu/bin/../lib/gcc/arm-none-eabi/4.7.4/../../../../arm-none-eabi/lib/armv7-m\libstdc++.a(class_type_info.o)
                0x0800e830                __cxxabiv1::__class_type_info::__do_upcast(__cxxabiv1::__class_type_info const*, void**) const
 .text._ZNK10__cxxabiv117__class_type_info20__do_find_public_srcEiPKvPKS0_S2_
                0x0800e868        0xc c:/_bin/codeblocks/armgnu/bin/../lib/gcc/arm-none-eabi/4.7.4/../../../../arm-none-eabi/lib/armv7-m\libstdc++.a(class_type_info.o)
                0x0800e868                __cxxabiv1::__class_type_info::__do_find_public_src(int, void const*, __cxxabiv1::__class_type_info const*, void const*) const
 .text._ZNK10__cxxabiv117__class_type_info11__do_upcastEPKS0_PKvRNS0_15__upcast_resultE
                0x0800e874       0x1c c:/_bin/codeblocks/armgnu/bin/../lib/gcc/arm-none-eabi/4.7.4/../../../../arm-none-eabi/lib/armv7-m\libstdc++.a(class_type_info.o)
                0x0800e874                __cxxabiv1::__class_type_info::__do_upcast(__cxxabiv1::__class_type_info const*, void const*, __cxxabiv1::__class_type_info::__upcast_result&) const
 .text._ZN10__cxxabiv117__class_type_infoD2Ev
                0x0800e890       0x14 c:/_bin/codeblocks/armgnu/bin/../lib/gcc/arm-none-eabi/4.7.4/../../../../arm-none-eabi/lib/armv7-m\libstdc++.a(class_type_info.o)
                0x0800e890                __cxxabiv1::__class_type_info::~__class_type_info()
                0x0800e890                __cxxabiv1::__class_type_info::~__class_type_info()
 .text._ZN10__cxxabiv117__class_type_infoD0Ev
                0x0800e8a4       0x14 c:/_bin/codeblocks/armgnu/bin/../lib/gcc/arm-none-eabi/4.7.4/../../../../arm-none-eabi/lib/armv7-m\libstdc++.a(class_type_info.o)
                0x0800e8a4                __cxxabiv1::__class_type_info::~__class_type_info()
 .text._ZNK10__cxxabiv117__class_type_info12__do_dyncastEiNS0_10__sub_kindEPKS0_PKvS3_S5_RNS0_16__dyncast_resultE
                0x0800e8b8       0x40 c:/_bin/codeblocks/armgnu/bin/../lib/gcc/arm-none-eabi/4.7.4/../../../../arm-none-eabi/lib/armv7-m\libstdc++.a(class_type_info.o)
                0x0800e8b8                __cxxabiv1::__class_type_info::__do_dyncast(int, __cxxabiv1::__class_type_info::__sub_kind, __cxxabiv1::__class_type_info const*, void const*, __cxxabiv1::__class_type_info const*, void const*, __cxxabiv1::__class_type_info::__dyncast_result&) const
 .text._ZNK10__cxxabiv117__class_type_info10__do_catchEPKSt9type_infoPPvj
                0x0800e8f8       0x28 c:/_bin/codeblocks/armgnu/bin/../lib/gcc/arm-none-eabi/4.7.4/../../../../arm-none-eabi/lib/armv7-m\libstdc++.a(class_type_info.o)
                0x0800e8f8                __cxxabiv1::__class_type_info::__do_catch(std::type_info const*, void**, unsigned int) const
 .text.__aeabi_atexit
                0x0800e920        0xc c:/_bin/codeblocks/armgnu/bin/../lib/gcc/arm-none-eabi/4.7.4/../../../../arm-none-eabi/lib/armv7-m\libstdc++.a(atexit_arm.o)
                0x0800e920                __aeabi_atexit
 .text._ZL12read_sleb128PKhPl
                0x0800e92c       0x3c c:/_bin/codeblocks/armgnu/bin/../lib/gcc/arm-none-eabi/4.7.4/../../../../arm-none-eabi/lib/armv7-m\libstdc++.a(eh_personality.o)
 .text._ZL28read_encoded_value_with_basehjPKhPj
                0x0800e968       0xb0 c:/_bin/codeblocks/armgnu/bin/../lib/gcc/arm-none-eabi/4.7.4/../../../../arm-none-eabi/lib/armv7-m\libstdc++.a(eh_personality.o)
 .text._ZL21base_of_encoded_valuehP15_Unwind_Context
                0x0800ea18       0x4c c:/_bin/codeblocks/armgnu/bin/../lib/gcc/arm-none-eabi/4.7.4/../../../../arm-none-eabi/lib/armv7-m\libstdc++.a(eh_personality.o)
 .text._ZL17parse_lsda_headerP15_Unwind_ContextPKhP16lsda_header_info
                0x0800ea64       0x94 c:/_bin/codeblocks/armgnu/bin/../lib/gcc/arm-none-eabi/4.7.4/../../../../arm-none-eabi/lib/armv7-m\libstdc++.a(eh_personality.o)
 .text.__gxx_personality_v0
                0x0800eaf8      0x3f8 c:/_bin/codeblocks/armgnu/bin/../lib/gcc/arm-none-eabi/4.7.4/../../../../arm-none-eabi/lib/armv7-m\libstdc++.a(eh_personality.o)
                0x0800eaf8                __gxx_personality_v0
 .text._ZN10__cxxabiv111__terminateEPFvvE
                0x0800eef0       0x28 c:/_bin/codeblocks/armgnu/bin/../lib/gcc/arm-none-eabi/4.7.4/../../../../arm-none-eabi/lib/armv7-m\libstdc++.a(eh_terminate.o)
                0x0800eef0                __cxxabiv1::__terminate(void (*)())
 .text._ZSt9terminatev
                0x0800ef18       0x10 c:/_bin/codeblocks/armgnu/bin/../lib/gcc/arm-none-eabi/4.7.4/../../../../arm-none-eabi/lib/armv7-m\libstdc++.a(eh_terminate.o)
                0x0800ef18                std::terminate()
 .text._ZN10__cxxabiv112__unexpectedEPFvvE
                0x0800ef28        0x8 c:/_bin/codeblocks/armgnu/bin/../lib/gcc/arm-none-eabi/4.7.4/../../../../arm-none-eabi/lib/armv7-m\libstdc++.a(eh_terminate.o)
                0x0800ef28                __cxxabiv1::__unexpected(void (*)())
 .text._ZSt10unexpectedv
                0x0800ef30       0x10 c:/_bin/codeblocks/armgnu/bin/../lib/gcc/arm-none-eabi/4.7.4/../../../../arm-none-eabi/lib/armv7-m\libstdc++.a(eh_terminate.o)
                0x0800ef30                std::unexpected()
 .text._ZNSt9type_infoD2Ev
                0x0800ef40        0xc c:/_bin/codeblocks/armgnu/bin/../lib/gcc/arm-none-eabi/4.7.4/../../../../arm-none-eabi/lib/armv7-m\libstdc++.a(tinfo.o)
                0x0800ef40                std::type_info::~type_info()
                0x0800ef40                std::type_info::~type_info()
 .text._ZNKSt9type_info14__is_pointer_pEv
                0x0800ef4c        0x4 c:/_bin/codeblocks/armgnu/bin/../lib/gcc/arm-none-eabi/4.7.4/../../../../arm-none-eabi/lib/armv7-m\libstdc++.a(tinfo.o)
                0x0800ef4c                std::type_info::__is_pointer_p() const
 .text._ZNKSt9type_info15__is_function_pEv
                0x0800ef50        0x4 c:/_bin/codeblocks/armgnu/bin/../lib/gcc/arm-none-eabi/4.7.4/../../../../arm-none-eabi/lib/armv7-m\libstdc++.a(tinfo.o)
                0x0800ef50                std::type_info::__is_function_p() const
 .text._ZNKSt9type_info11__do_upcastEPKN10__cxxabiv117__class_type_infoEPPv
                0x0800ef54        0x4 c:/_bin/codeblocks/armgnu/bin/../lib/gcc/arm-none-eabi/4.7.4/../../../../arm-none-eabi/lib/armv7-m\libstdc++.a(tinfo.o)
                0x0800ef54                std::type_info::__do_upcast(__cxxabiv1::__class_type_info const*, void**) const
 .text._ZNSt9type_infoD0Ev
                0x0800ef58       0x14 c:/_bin/codeblocks/armgnu/bin/../lib/gcc/arm-none-eabi/4.7.4/../../../../arm-none-eabi/lib/armv7-m\libstdc++.a(tinfo.o)
                0x0800ef58                std::type_info::~type_info()
 .text._ZNKSt9type_infoeqERKS_
                0x0800ef6c       0x28 c:/_bin/codeblocks/armgnu/bin/../lib/gcc/arm-none-eabi/4.7.4/../../../../arm-none-eabi/lib/armv7-m\libstdc++.a(tinfo.o)
                0x0800ef6c                std::type_info::operator==(std::type_info const&) const
 .text._ZNKSt9type_info10__do_catchEPKS_PPvj
                0x0800ef94        0x4 c:/_bin/codeblocks/armgnu/bin/../lib/gcc/arm-none-eabi/4.7.4/../../../../arm-none-eabi/lib/armv7-m\libstdc++.a(tinfo.o)
                0x0800ef94                std::type_info::__do_catch(std::type_info const*, void**, unsigned int) const
 .text._ZN10__cxxabiv1L24__is_gxx_exception_classEPc
                0x0800ef98       0x3c c:/_bin/codeblocks/armgnu/bin/../lib/gcc/arm-none-eabi/4.7.4/../../../../arm-none-eabi/lib/armv7-m\libstdc++.a(eh_call.o)
 .text.__cxa_call_terminate
                0x0800efd4       0x20 c:/_bin/codeblocks/armgnu/bin/../lib/gcc/arm-none-eabi/4.7.4/../../../../arm-none-eabi/lib/armv7-m\libstdc++.a(eh_call.o)
                0x0800efd4                __cxa_call_terminate
 .text.__cxa_call_unexpected
                0x0800eff4       0xe4 c:/_bin/codeblocks/armgnu/bin/../lib/gcc/arm-none-eabi/4.7.4/../../../../arm-none-eabi/lib/armv7-m\libstdc++.a(eh_call.o)
                0x0800eff4                __cxa_call_unexpected
 .text.__cxa_begin_catch
                0x0800f0d8       0x8c c:/_bin/codeblocks/armgnu/bin/../lib/gcc/arm-none-eabi/4.7.4/../../../../arm-none-eabi/lib/armv7-m\libstdc++.a(eh_catch.o)
                0x0800f0d8                __cxa_begin_catch
 .text.__cxa_end_catch
                0x0800f164       0x8c c:/_bin/codeblocks/armgnu/bin/../lib/gcc/arm-none-eabi/4.7.4/../../../../arm-none-eabi/lib/armv7-m\libstdc++.a(eh_catch.o)
                0x0800f164                __cxa_end_catch
 .text._ZL23__gxx_exception_cleanup19_Unwind_Reason_CodeP21_Unwind_Control_Block
                0x0800f1f0       0x44 c:/_bin/codeblocks/armgnu/bin/../lib/gcc/arm-none-eabi/4.7.4/../../../../arm-none-eabi/lib/armv7-m\libstdc++.a(eh_throw.o)
 .text.__cxa_throw
                0x0800f234       0x7c c:/_bin/codeblocks/armgnu/bin/../lib/gcc/arm-none-eabi/4.7.4/../../../../arm-none-eabi/lib/armv7-m\libstdc++.a(eh_throw.o)
                0x0800f234                __cxa_throw
 .text.__cxa_rethrow
                0x0800f2b0       0x70 c:/_bin/codeblocks/armgnu/bin/../lib/gcc/arm-none-eabi/4.7.4/../../../../arm-none-eabi/lib/armv7-m\libstdc++.a(eh_throw.o)
                0x0800f2b0                __cxa_rethrow
 .text.__cxa_allocate_exception
                0x0800f320       0x70 c:/_bin/codeblocks/armgnu/bin/../lib/gcc/arm-none-eabi/4.7.4/../../../../arm-none-eabi/lib/armv7-m\libstdc++.a(eh_alloc.o)
                0x0800f320                __cxa_allocate_exception
 .text.__cxa_free_exception
                0x0800f390       0x34 c:/_bin/codeblocks/armgnu/bin/../lib/gcc/arm-none-eabi/4.7.4/../../../../arm-none-eabi/lib/armv7-m\libstdc++.a(eh_alloc.o)
                0x0800f390                __cxa_free_exception
 .text._ZN9__gnu_cxx27__verbose_terminate_handlerEv
                0x0800f3c4      0x110 c:/_bin/codeblocks/armgnu/bin/../lib/gcc/arm-none-eabi/4.7.4/../../../../arm-none-eabi/lib/armv7-m\libstdc++.a(vterminate.o)
                0x0800f3c4                __gnu_cxx::__verbose_terminate_handler()
 .text.__cxa_current_exception_type
                0x0800f4d4       0x1c c:/_bin/codeblocks/armgnu/bin/../lib/gcc/arm-none-eabi/4.7.4/../../../../arm-none-eabi/lib/armv7-m\libstdc++.a(eh_type.o)
                0x0800f4d4                __cxa_current_exception_type
 .text.__register_exitproc
                0x0800f4f0       0xac c:/_bin/codeblocks/armgnu/bin/../lib/gcc/arm-none-eabi/4.7.4/../../../../arm-none-eabi/lib/armv7-m\libc.a(lib_a-__atexit.o)
                0x0800f4f0                __register_exitproc
 .text.abort    0x0800f59c       0x10 c:/_bin/codeblocks/armgnu/bin/../lib/gcc/arm-none-eabi/4.7.4/../../../../arm-none-eabi/lib/armv7-m\libc.a(lib_a-abort.o)
                0x0800f59c                abort
 .text.__cxa_atexit
                0x0800f5ac       0x14 c:/_bin/codeblocks/armgnu/bin/../lib/gcc/arm-none-eabi/4.7.4/../../../../arm-none-eabi/lib/armv7-m\libc.a(lib_a-cxa_atexit.o)
                0x0800f5ac                __cxa_atexit
 .text.__errno  0x0800f5c0        0xc c:/_bin/codeblocks/armgnu/bin/../lib/gcc/arm-none-eabi/4.7.4/../../../../arm-none-eabi/lib/armv7-m\libc.a(lib_a-errno.o)
                0x0800f5c0                __errno
 .text.__libc_fini_array
                0x0800f5cc       0x50 c:/_bin/codeblocks/armgnu/bin/../lib/gcc/arm-none-eabi/4.7.4/../../../../arm-none-eabi/lib/armv7-m\libc.a(lib_a-fini.o)
                0x0800f5cc                __libc_fini_array
 .text.fputc    0x0800f61c       0x28 c:/_bin/codeblocks/armgnu/bin/../lib/gcc/arm-none-eabi/4.7.4/../../../../arm-none-eabi/lib/armv7-m\libc.a(lib_a-fputc.o)
                0x0800f61c                fputc
 .text._fputs_r
                0x0800f644       0x50 c:/_bin/codeblocks/armgnu/bin/../lib/gcc/arm-none-eabi/4.7.4/../../../../arm-none-eabi/lib/armv7-m\libc.a(lib_a-fputs.o)
                0x0800f644                _fputs_r
 .text.fputs    0x0800f694       0x18 c:/_bin/codeblocks/armgnu/bin/../lib/gcc/arm-none-eabi/4.7.4/../../../../arm-none-eabi/lib/armv7-m\libc.a(lib_a-fputs.o)
                0x0800f694                fputs
 .text.__sfvwrite_r
                0x0800f6ac      0x314 c:/_bin/codeblocks/armgnu/bin/../lib/gcc/arm-none-eabi/4.7.4/../../../../arm-none-eabi/lib/armv7-m\libc.a(lib_a-fvwrite.o)
                0x0800f6ac                __sfvwrite_r
 .text._fwrite_r
                0x0800f9c0       0x60 c:/_bin/codeblocks/armgnu/bin/../lib/gcc/arm-none-eabi/4.7.4/../../../../arm-none-eabi/lib/armv7-m\libc.a(lib_a-fwrite.o)
                0x0800f9c0                _fwrite_r
 .text.fwrite   0x0800fa20       0x28 c:/_bin/codeblocks/armgnu/bin/../lib/gcc/arm-none-eabi/4.7.4/../../../../arm-none-eabi/lib/armv7-m\libc.a(lib_a-fwrite.o)
                0x0800fa20                fwrite
 .text.__libc_init_array
                0x0800fa48       0x94 c:/_bin/codeblocks/armgnu/bin/../lib/gcc/arm-none-eabi/4.7.4/../../../../arm-none-eabi/lib/armv7-m\libc.a(lib_a-init.o)
                0x0800fa48                __libc_init_array
 .text.malloc   0x0800fadc       0x10 c:/_bin/codeblocks/armgnu/bin/../lib/gcc/arm-none-eabi/4.7.4/../../../../arm-none-eabi/lib/armv7-m\libc.a(lib_a-malloc.o)
                0x0800fadc                malloc
 .text.free     0x0800faec       0x10 c:/_bin/codeblocks/armgnu/bin/../lib/gcc/arm-none-eabi/4.7.4/../../../../arm-none-eabi/lib/armv7-m\libc.a(lib_a-malloc.o)
                0x0800faec                free
 .text._malloc_r
                0x0800fafc      0x530 c:/_bin/codeblocks/armgnu/bin/../lib/gcc/arm-none-eabi/4.7.4/../../../../arm-none-eabi/lib/armv7-m\libc.a(lib_a-mallocr.o)
                0x0800fafc                _malloc_r
 .text.memchr   0x0801002c      0x140 c:/_bin/codeblocks/armgnu/bin/../lib/gcc/arm-none-eabi/4.7.4/../../../../arm-none-eabi/lib/armv7-m\libc.a(lib_a-memchr.o)
                0x0801002c                memchr
 .text.memcmp   0x0801016c       0xb8 c:/_bin/codeblocks/armgnu/bin/../lib/gcc/arm-none-eabi/4.7.4/../../../../arm-none-eabi/lib/armv7-m\libc.a(lib_a-memcmp.o)
                0x0801016c                memcmp
 .text.memcpy   0x08010224      0x15c c:/_bin/codeblocks/armgnu/bin/../lib/gcc/arm-none-eabi/4.7.4/../../../../arm-none-eabi/lib/armv7-m\libc.a(lib_a-memcpy.o)
                0x08010224                memcpy
 .text.memmove  0x08010380      0x1b0 c:/_bin/codeblocks/armgnu/bin/../lib/gcc/arm-none-eabi/4.7.4/../../../../arm-none-eabi/lib/armv7-m\libc.a(lib_a-memmove.o)
                0x08010380                memmove
 .text.memset   0x08010530      0x12c c:/_bin/codeblocks/armgnu/bin/../lib/gcc/arm-none-eabi/4.7.4/../../../../arm-none-eabi/lib/armv7-m\libc.a(lib_a-memset.o)
                0x08010530                memset
 .text.__malloc_lock
                0x0801065c        0x4 c:/_bin/codeblocks/armgnu/bin/../lib/gcc/arm-none-eabi/4.7.4/../../../../arm-none-eabi/lib/armv7-m\libc.a(lib_a-mlock.o)
                0x0801065c                __malloc_lock
 .text.__malloc_unlock
                0x08010660        0x4 c:/_bin/codeblocks/armgnu/bin/../lib/gcc/arm-none-eabi/4.7.4/../../../../arm-none-eabi/lib/armv7-m\libc.a(lib_a-mlock.o)
                0x08010660                __malloc_unlock
 .text._putc_r  0x08010664       0x60 c:/_bin/codeblocks/armgnu/bin/../lib/gcc/arm-none-eabi/4.7.4/../../../../arm-none-eabi/lib/armv7-m\libc.a(lib_a-putc.o)
                0x08010664                _putc_r
 .text.realloc  0x080106c4       0x18 c:/_bin/codeblocks/armgnu/bin/../lib/gcc/arm-none-eabi/4.7.4/../../../../arm-none-eabi/lib/armv7-m\libc.a(lib_a-realloc.o)
                0x080106c4                realloc
 .text._realloc_r
                0x080106dc      0x3ec c:/_bin/codeblocks/armgnu/bin/../lib/gcc/arm-none-eabi/4.7.4/../../../../arm-none-eabi/lib/armv7-m\libc.a(lib_a-reallocr.o)
                0x080106dc                _realloc_r
 .text._raise_r
                0x08010ac8       0x58 c:/_bin/codeblocks/armgnu/bin/../lib/gcc/arm-none-eabi/4.7.4/../../../../arm-none-eabi/lib/armv7-m\libc.a(lib_a-signal.o)
                0x08010ac8                _raise_r
 .text.raise    0x08010b20       0x10 c:/_bin/codeblocks/armgnu/bin/../lib/gcc/arm-none-eabi/4.7.4/../../../../arm-none-eabi/lib/armv7-m\libc.a(lib_a-signal.o)
                0x08010b20                raise
 .text._kill_r  0x08010b30       0x28 c:/_bin/codeblocks/armgnu/bin/../lib/gcc/arm-none-eabi/4.7.4/../../../../arm-none-eabi/lib/armv7-m\libc.a(lib_a-signalr.o)
                0x08010b30                _kill_r
 .text._getpid_r
                0x08010b58        0x4 c:/_bin/codeblocks/armgnu/bin/../lib/gcc/arm-none-eabi/4.7.4/../../../../arm-none-eabi/lib/armv7-m\libc.a(lib_a-signalr.o)
                0x08010b58                _getpid_r
 .text.sprintf  0x08010b5c       0x50 c:/_bin/codeblocks/armgnu/bin/../lib/gcc/arm-none-eabi/4.7.4/../../../../arm-none-eabi/lib/armv7-m\libc.a(lib_a-sprintf.o)
                0x08010b5c                sprintf
 .text.strcmp   0x08010bac       0x80 c:/_bin/codeblocks/armgnu/bin/../lib/gcc/arm-none-eabi/4.7.4/../../../../arm-none-eabi/lib/armv7-m\libc.a(lib_a-strcmp.o)
                0x08010bac                strcmp
 .text.strcmp_unaligned
                0x08010c2c      0x15c c:/_bin/codeblocks/armgnu/bin/../lib/gcc/arm-none-eabi/4.7.4/../../../../arm-none-eabi/lib/armv7-m\libc.a(lib_a-strcmp.o)
 .text.strlen   0x08010d88       0x60 c:/_bin/codeblocks/armgnu/bin/../lib/gcc/arm-none-eabi/4.7.4/../../../../arm-none-eabi/lib/armv7-m\libc.a(lib_a-strlen.o)
                0x08010d88                strlen
 .text.strncmp  0x08010de8      0x120 c:/_bin/codeblocks/armgnu/bin/../lib/gcc/arm-none-eabi/4.7.4/../../../../arm-none-eabi/lib/armv7-m\libc.a(lib_a-strncmp.o)
                0x08010de8                strncmp
 .text._svfprintf_r
                0x08010f08     0x1adc c:/_bin/codeblocks/armgnu/bin/../lib/gcc/arm-none-eabi/4.7.4/../../../../arm-none-eabi/lib/armv7-m\libc.a(lib_a-svfprintf.o)
                0x08010f08                _svfprintf_r
 .text.write    0x080129e4       0x1c c:/_bin/codeblocks/armgnu/bin/../lib/gcc/arm-none-eabi/4.7.4/../../../../arm-none-eabi/lib/armv7-m\libc.a(lib_a-syswrite.o)
                0x080129e4                write
 .text.__swbuf_r
                0x08012a00       0xbc c:/_bin/codeblocks/armgnu/bin/../lib/gcc/arm-none-eabi/4.7.4/../../../../arm-none-eabi/lib/armv7-m\libc.a(lib_a-wbuf.o)
                0x08012a00                __swbuf_r
 .text.__swsetup_r
                0x08012abc       0xc4 c:/_bin/codeblocks/armgnu/bin/../lib/gcc/arm-none-eabi/4.7.4/../../../../arm-none-eabi/lib/armv7-m\libc.a(lib_a-wsetup.o)
                0x08012abc                __swsetup_r
 .text.startup.register_fini
                0x08012b80       0x14 c:/_bin/codeblocks/armgnu/bin/../lib/gcc/arm-none-eabi/4.7.4/../../../../arm-none-eabi/lib/armv7-m\libc.a(lib_a-__call_atexit.o)
 .text.atexit   0x08012b94        0xc c:/_bin/codeblocks/armgnu/bin/../lib/gcc/arm-none-eabi/4.7.4/../../../../arm-none-eabi/lib/armv7-m\libc.a(lib_a-atexit.o)
                0x08012b94                atexit
 .text.quorem   0x08012ba0      0x2ec c:/_bin/codeblocks/armgnu/bin/../lib/gcc/arm-none-eabi/4.7.4/../../../../arm-none-eabi/lib/armv7-m\libc.a(lib_a-dtoa.o)
 *fill*         0x08012e8c        0x4 00
 .text._dtoa_r  0x08012e90     0x11f8 c:/_bin/codeblocks/armgnu/bin/../lib/gcc/arm-none-eabi/4.7.4/../../../../arm-none-eabi/lib/armv7-m\libc.a(lib_a-dtoa.o)
                0x08012e90                _dtoa_r
 .text._fflush_r
                0x08014088      0x164 c:/_bin/codeblocks/armgnu/bin/../lib/gcc/arm-none-eabi/4.7.4/../../../../arm-none-eabi/lib/armv7-m\libc.a(lib_a-fflush.o)
                0x08014088                _fflush_r
 .text._cleanup_r
                0x080141ec        0xc c:/_bin/codeblocks/armgnu/bin/../lib/gcc/arm-none-eabi/4.7.4/../../../../arm-none-eabi/lib/armv7-m\libc.a(lib_a-findfp.o)
                0x080141ec                _cleanup_r
 .text.std.isra.0
                0x080141f8       0x50 c:/_bin/codeblocks/armgnu/bin/../lib/gcc/arm-none-eabi/4.7.4/../../../../arm-none-eabi/lib/armv7-m\libc.a(lib_a-findfp.o)
 .text.__sinit  0x08014248       0x4c c:/_bin/codeblocks/armgnu/bin/../lib/gcc/arm-none-eabi/4.7.4/../../../../arm-none-eabi/lib/armv7-m\libc.a(lib_a-findfp.o)
                0x08014248                __sinit
 .text.__sfp_lock_acquire
                0x08014294        0x4 c:/_bin/codeblocks/armgnu/bin/../lib/gcc/arm-none-eabi/4.7.4/../../../../arm-none-eabi/lib/armv7-m\libc.a(lib_a-findfp.o)
                0x08014294                __sfp_lock_acquire
 .text.__sfp_lock_release
                0x08014298        0x4 c:/_bin/codeblocks/armgnu/bin/../lib/gcc/arm-none-eabi/4.7.4/../../../../arm-none-eabi/lib/armv7-m\libc.a(lib_a-findfp.o)
                0x08014298                __sfp_lock_release
 .text._malloc_trim_r
                0x0801429c       0x98 c:/_bin/codeblocks/armgnu/bin/../lib/gcc/arm-none-eabi/4.7.4/../../../../arm-none-eabi/lib/armv7-m\libc.a(lib_a-freer.o)
                0x0801429c                _malloc_trim_r
 .text._free_r  0x08014334      0x194 c:/_bin/codeblocks/armgnu/bin/../lib/gcc/arm-none-eabi/4.7.4/../../../../arm-none-eabi/lib/armv7-m\libc.a(lib_a-freer.o)
                0x08014334                _free_r
 .text._fwalk   0x080144c8       0xb8 c:/_bin/codeblocks/armgnu/bin/../lib/gcc/arm-none-eabi/4.7.4/../../../../arm-none-eabi/lib/armv7-m\libc.a(lib_a-fwalk.o)
                0x080144c8                _fwalk
 .text._localeconv_r
                0x08014580        0xc c:/_bin/codeblocks/armgnu/bin/../lib/gcc/arm-none-eabi/4.7.4/../../../../arm-none-eabi/lib/armv7-m\libc.a(lib_a-locale.o)
                0x08014580                _localeconv_r
 .text.__smakebuf_r
                0x0801458c       0xe8 c:/_bin/codeblocks/armgnu/bin/../lib/gcc/arm-none-eabi/4.7.4/../../../../arm-none-eabi/lib/armv7-m\libc.a(lib_a-makebuf.o)
                0x0801458c                __smakebuf_r
 .text._Balloc  0x08014674       0x4c c:/_bin/codeblocks/armgnu/bin/../lib/gcc/arm-none-eabi/4.7.4/../../../../arm-none-eabi/lib/armv7-m\libc.a(lib_a-mprec.o)
                0x08014674                _Balloc
 .text._Bfree   0x080146c0       0x14 c:/_bin/codeblocks/armgnu/bin/../lib/gcc/arm-none-eabi/4.7.4/../../../../arm-none-eabi/lib/armv7-m\libc.a(lib_a-mprec.o)
                0x080146c0                _Bfree
 .text.__multadd
                0x080146d4       0xfc c:/_bin/codeblocks/armgnu/bin/../lib/gcc/arm-none-eabi/4.7.4/../../../../arm-none-eabi/lib/armv7-m\libc.a(lib_a-mprec.o)
                0x080146d4                __multadd
 .text.__hi0bits
                0x080147d0       0x3c c:/_bin/codeblocks/armgnu/bin/../lib/gcc/arm-none-eabi/4.7.4/../../../../arm-none-eabi/lib/armv7-m\libc.a(lib_a-mprec.o)
                0x080147d0                __hi0bits
 .text.__lo0bits
                0x0801480c       0x5c c:/_bin/codeblocks/armgnu/bin/../lib/gcc/arm-none-eabi/4.7.4/../../../../arm-none-eabi/lib/armv7-m\libc.a(lib_a-mprec.o)
                0x0801480c                __lo0bits
 .text.__i2b    0x08014868       0x14 c:/_bin/codeblocks/armgnu/bin/../lib/gcc/arm-none-eabi/4.7.4/../../../../arm-none-eabi/lib/armv7-m\libc.a(lib_a-mprec.o)
                0x08014868                __i2b
 .text.__multiply
                0x0801487c      0x2d0 c:/_bin/codeblocks/armgnu/bin/../lib/gcc/arm-none-eabi/4.7.4/../../../../arm-none-eabi/lib/armv7-m\libc.a(lib_a-mprec.o)
                0x0801487c                __multiply
 .text.__pow5mult
                0x08014b4c       0x94 c:/_bin/codeblocks/armgnu/bin/../lib/gcc/arm-none-eabi/4.7.4/../../../../arm-none-eabi/lib/armv7-m\libc.a(lib_a-mprec.o)
                0x08014b4c                __pow5mult
 .text.__lshift
                0x08014be0      0x16c c:/_bin/codeblocks/armgnu/bin/../lib/gcc/arm-none-eabi/4.7.4/../../../../arm-none-eabi/lib/armv7-m\libc.a(lib_a-mprec.o)
                0x08014be0                __lshift
 .text.__mcmp   0x08014d4c       0x5c c:/_bin/codeblocks/armgnu/bin/../lib/gcc/arm-none-eabi/4.7.4/../../../../arm-none-eabi/lib/armv7-m\libc.a(lib_a-mprec.o)
                0x08014d4c                __mcmp
 .text.__mdiff  0x08014da8      0x218 c:/_bin/codeblocks/armgnu/bin/../lib/gcc/arm-none-eabi/4.7.4/../../../../arm-none-eabi/lib/armv7-m\libc.a(lib_a-mprec.o)
                0x08014da8                __mdiff
 .text.__d2b    0x08014fc0       0xc0 c:/_bin/codeblocks/armgnu/bin/../lib/gcc/arm-none-eabi/4.7.4/../../../../arm-none-eabi/lib/armv7-m\libc.a(lib_a-mprec.o)
                0x08014fc0                __d2b
 .text.__fpclassifyd
                0x08015080       0x68 c:/_bin/codeblocks/armgnu/bin/../lib/gcc/arm-none-eabi/4.7.4/../../../../arm-none-eabi/lib/armv7-m\libc.a(lib_a-s_fpclassify.o)
                0x08015080                __fpclassifyd
 .text.__sread  0x080150e8       0x24 c:/_bin/codeblocks/armgnu/bin/../lib/gcc/arm-none-eabi/4.7.4/../../../../arm-none-eabi/lib/armv7-m\libc.a(lib_a-stdio.o)
                0x080150e8                __sread
 .text.__swrite
                0x0801510c       0x44 c:/_bin/codeblocks/armgnu/bin/../lib/gcc/arm-none-eabi/4.7.4/../../../../arm-none-eabi/lib/armv7-m\libc.a(lib_a-stdio.o)
                0x0801510c                __swrite
 .text.__sseek  0x08015150       0x24 c:/_bin/codeblocks/armgnu/bin/../lib/gcc/arm-none-eabi/4.7.4/../../../../arm-none-eabi/lib/armv7-m\libc.a(lib_a-stdio.o)
                0x08015150                __sseek
 .text.__sclose
                0x08015174        0x8 c:/_bin/codeblocks/armgnu/bin/../lib/gcc/arm-none-eabi/4.7.4/../../../../arm-none-eabi/lib/armv7-m\libc.a(lib_a-stdio.o)
                0x08015174                __sclose
 .text.__ssprint_r
                0x0801517c      0x100 c:/_bin/codeblocks/armgnu/bin/../lib/gcc/arm-none-eabi/4.7.4/../../../../arm-none-eabi/lib/armv7-m\libc.a(lib_a-svfiprintf.o)
                0x0801517c                __ssprint_r
 .text._calloc_r
                0x0801527c       0x60 c:/_bin/codeblocks/armgnu/bin/../lib/gcc/arm-none-eabi/4.7.4/../../../../arm-none-eabi/lib/armv7-m\libc.a(lib_a-callocr.o)
                0x0801527c                _calloc_r
 .text._fclose_r
                0x080152dc       0x94 c:/_bin/codeblocks/armgnu/bin/../lib/gcc/arm-none-eabi/4.7.4/../../../../arm-none-eabi/lib/armv7-m\libc.a(lib_a-fclose.o)
                0x080152dc                _fclose_r
 .text.fclose   0x08015370       0x10 c:/_bin/codeblocks/armgnu/bin/../lib/gcc/arm-none-eabi/4.7.4/../../../../arm-none-eabi/lib/armv7-m\libc.a(lib_a-fclose.o)
                0x08015370                fclose
 *(.rodata)
 .rodata        0x08015380       0x34 obj\Debug\lib\STM32F10x_StdPeriph_Driver\src\stm32f10x_adc.o
 .rodata        0x080153b4       0x34 obj\Debug\lib\STM32F10x_StdPeriph_Driver\src\stm32f10x_dac.o
 .rodata        0x080153e8       0x34 obj\Debug\lib\STM32F10x_StdPeriph_Driver\src\stm32f10x_gpio.o
 .rodata        0x0801541c       0x34 obj\Debug\lib\STM32F10x_StdPeriph_Driver\src\stm32f10x_rcc.o
 .rodata        0x08015450       0x34 obj\Debug\lib\STM32F10x_StdPeriph_Driver\src\stm32f10x_tim.o
 .rodata        0x08015484       0x38 obj\Debug\lib\STM32F10x_StdPeriph_Driver\src\stm32f10x_usart.o
 .rodata        0x080154bc      0x6f8 c:/_bin/codeblocks/armgnu/bin/../lib/gcc/arm-none-eabi/4.7.4/../../../../arm-none-eabi/lib/armv7-m\libstdc++.a(cp-demangle.o)
 *(.rodata*)
 .rodata.GPIO_PIN
                0x08015bb4        0x4 obj\Debug\lib\Utilities\STM32vldiscovery.o
                0x08015bb4                GPIO_PIN
 .rodata.GPIO_CLK
                0x08015bb8        0x8 obj\Debug\lib\Utilities\STM32vldiscovery.o
                0x08015bb8                GPIO_CLK
 .rodata._ZTV12ADConverter1
                0x08015bc0       0x18 obj\Debug\src\adc.o
                0x08015bc0                vtable for ADConverter1
 .rodata._ZTV11ADConverter
                0x08015bd8       0x10 obj\Debug\src\adc.o
                0x08015bd8                vtable for ADConverter
 .rodata._ZTI12ADConverter1
                0x08015be8        0xc obj\Debug\src\adc.o
                0x08015be8                typeinfo for ADConverter1
 .rodata._ZTS12ADConverter1
                0x08015bf4       0x10 obj\Debug\src\adc.o
                0x08015bf4                typeinfo name for ADConverter1
 .rodata._ZTS11ADConverter
                0x08015c04       0x10 obj\Debug\src\adc.o
                0x08015c04                typeinfo name for ADConverter
 .rodata._ZTI11ADConverter
                0x08015c14        0x8 obj\Debug\src\adc.o
                0x08015c14                typeinfo for ADConverter
 *fill*         0x08015c1c        0x4 00
 .rodata._ZTV4APB2
                0x08015c20       0x18 obj\Debug\src\bus.o
                0x08015c20                vtable for APB2
 .rodata._ZTV4APB1
                0x08015c38       0x18 obj\Debug\src\bus.o
                0x08015c38                vtable for APB1
 .rodata._ZTI4APB2
                0x08015c50        0xc obj\Debug\src\bus.o
                0x08015c50                typeinfo for APB2
 .rodata._ZTS4APB2
                0x08015c5c        0x8 obj\Debug\src\bus.o
                0x08015c5c                typeinfo name for APB2
 .rodata._ZTI4APB1
                0x08015c64        0xc obj\Debug\src\bus.o
                0x08015c64                typeinfo for APB1
 .rodata._ZTS4APB1
                0x08015c70        0x8 obj\Debug\src\bus.o
                0x08015c70                typeinfo name for APB1
 .rodata._ZTS3APB
                0x08015c78        0x8 obj\Debug\src\bus.o
                0x08015c78                typeinfo name for APB
 .rodata._ZTI3APB
                0x08015c80        0x8 obj\Debug\src\bus.o
                0x08015c80                typeinfo for APB
 .rodata._ZTV4Dac1
                0x08015c88       0x10 obj\Debug\src\dac.o
                0x08015c88                vtable for Dac1
 .rodata._ZTV3Dac
                0x08015c98       0x10 obj\Debug\src\dac.o
                0x08015c98                vtable for Dac
 .rodata._ZTI4Dac1
                0x08015ca8        0xc obj\Debug\src\dac.o
                0x08015ca8                typeinfo for Dac1
 .rodata._ZTS4Dac1
                0x08015cb4        0x8 obj\Debug\src\dac.o
                0x08015cb4                typeinfo name for Dac1
 .rodata._ZTS3Dac
                0x08015cbc        0x8 obj\Debug\src\dac.o
                0x08015cbc                typeinfo name for Dac
 .rodata._ZTI3Dac
                0x08015cc4        0x8 obj\Debug\src\dac.o
                0x08015cc4                typeinfo for Dac
 *fill*         0x08015ccc        0x4 00
 .rodata._ZTVN10__cxxabiv120__si_class_type_infoE
                0x08015cd0       0x30 c:/_bin/codeblocks/armgnu/bin/../lib/gcc/arm-none-eabi/4.7.4/../../../../arm-none-eabi/lib/armv7-m\libstdc++.a(si_class_type_info.o)
                0x08015cd0                vtable for __cxxabiv1::__si_class_type_info
 .rodata._ZTIN10__cxxabiv120__si_class_type_infoE
                0x08015d00        0xc c:/_bin/codeblocks/armgnu/bin/../lib/gcc/arm-none-eabi/4.7.4/../../../../arm-none-eabi/lib/armv7-m\libstdc++.a(si_class_type_info.o)
                0x08015d00                typeinfo for __cxxabiv1::__si_class_type_info
 .rodata._ZTSN10__cxxabiv120__si_class_type_infoE
                0x08015d0c       0x28 c:/_bin/codeblocks/armgnu/bin/../lib/gcc/arm-none-eabi/4.7.4/../../../../arm-none-eabi/lib/armv7-m\libstdc++.a(si_class_type_info.o)
                0x08015d0c                typeinfo name for __cxxabiv1::__si_class_type_info
 .rodata.str1.4
                0x08015d34       0x3b c:/_bin/codeblocks/armgnu/bin/../lib/gcc/arm-none-eabi/4.7.4/../../../../arm-none-eabi/lib/armv7-m\libstdc++.a(pure.o)
                                 0x3c (size before relaxing)
 *fill*         0x08015d6f        0x1 00
 .rodata._ZTVSt9exception
                0x08015d70       0x18 c:/_bin/codeblocks/armgnu/bin/../lib/gcc/arm-none-eabi/4.7.4/../../../../arm-none-eabi/lib/armv7-m\libstdc++.a(eh_exception.o)
                0x08015d70                vtable for std::exception
 .rodata._ZTIN10__cxxabiv115__forced_unwindE
                0x08015d88        0x8 c:/_bin/codeblocks/armgnu/bin/../lib/gcc/arm-none-eabi/4.7.4/../../../../arm-none-eabi/lib/armv7-m\libstdc++.a(eh_exception.o)
                0x08015d88                typeinfo for __cxxabiv1::__forced_unwind
 .rodata._ZTISt9exception
                0x08015d90        0x8 c:/_bin/codeblocks/armgnu/bin/../lib/gcc/arm-none-eabi/4.7.4/../../../../arm-none-eabi/lib/armv7-m\libstdc++.a(eh_exception.o)
                0x08015d90                typeinfo for std::exception
 .rodata._ZTSSt13bad_exception
                0x08015d98       0x14 c:/_bin/codeblocks/armgnu/bin/../lib/gcc/arm-none-eabi/4.7.4/../../../../arm-none-eabi/lib/armv7-m\libstdc++.a(eh_exception.o)
                0x08015d98                typeinfo name for std::bad_exception
 .rodata.str1.4
                0x08015dac       0x23 c:/_bin/codeblocks/armgnu/bin/../lib/gcc/arm-none-eabi/4.7.4/../../../../arm-none-eabi/lib/armv7-m\libstdc++.a(eh_exception.o)
                                 0x24 (size before relaxing)
 *fill*         0x08015dcf        0x1 00
 .rodata._ZTSN10__cxxabiv119__foreign_exceptionE
                0x08015dd0       0x24 c:/_bin/codeblocks/armgnu/bin/../lib/gcc/arm-none-eabi/4.7.4/../../../../arm-none-eabi/lib/armv7-m\libstdc++.a(eh_exception.o)
                0x08015dd0                typeinfo name for __cxxabiv1::__foreign_exception
 .rodata._ZTIN10__cxxabiv119__foreign_exceptionE
                0x08015df4        0x8 c:/_bin/codeblocks/armgnu/bin/../lib/gcc/arm-none-eabi/4.7.4/../../../../arm-none-eabi/lib/armv7-m\libstdc++.a(eh_exception.o)
                0x08015df4                typeinfo for __cxxabiv1::__foreign_exception
 *fill*         0x08015dfc        0x4 00
 .rodata._ZTVSt13bad_exception
                0x08015e00       0x18 c:/_bin/codeblocks/armgnu/bin/../lib/gcc/arm-none-eabi/4.7.4/../../../../arm-none-eabi/lib/armv7-m\libstdc++.a(eh_exception.o)
                0x08015e00                vtable for std::bad_exception
 .rodata._ZTSSt9exception
                0x08015e18       0x10 c:/_bin/codeblocks/armgnu/bin/../lib/gcc/arm-none-eabi/4.7.4/../../../../arm-none-eabi/lib/armv7-m\libstdc++.a(eh_exception.o)
                0x08015e18                typeinfo name for std::exception
 .rodata._ZTSN10__cxxabiv115__forced_unwindE
                0x08015e28       0x20 c:/_bin/codeblocks/armgnu/bin/../lib/gcc/arm-none-eabi/4.7.4/../../../../arm-none-eabi/lib/armv7-m\libstdc++.a(eh_exception.o)
                0x08015e28                typeinfo name for __cxxabiv1::__forced_unwind
 .rodata._ZTISt13bad_exception
                0x08015e48        0xc c:/_bin/codeblocks/armgnu/bin/../lib/gcc/arm-none-eabi/4.7.4/../../../../arm-none-eabi/lib/armv7-m\libstdc++.a(eh_exception.o)
                0x08015e48                typeinfo for std::bad_exception
 *fill*         0x08015e54        0x4 00
 .rodata._ZTVN10__cxxabiv117__class_type_infoE
                0x08015e58       0x30 c:/_bin/codeblocks/armgnu/bin/../lib/gcc/arm-none-eabi/4.7.4/../../../../arm-none-eabi/lib/armv7-m\libstdc++.a(class_type_info.o)
                0x08015e58                vtable for __cxxabiv1::__class_type_info
 .rodata._ZTIN10__cxxabiv117__class_type_infoE
                0x08015e88        0xc c:/_bin/codeblocks/armgnu/bin/../lib/gcc/arm-none-eabi/4.7.4/../../../../arm-none-eabi/lib/armv7-m\libstdc++.a(class_type_info.o)
                0x08015e88                typeinfo for __cxxabiv1::__class_type_info
 .rodata._ZTSN10__cxxabiv117__class_type_infoE
                0x08015e94       0x24 c:/_bin/codeblocks/armgnu/bin/../lib/gcc/arm-none-eabi/4.7.4/../../../../arm-none-eabi/lib/armv7-m\libstdc++.a(class_type_info.o)
                0x08015e94                typeinfo name for __cxxabiv1::__class_type_info
 .rodata._ZTISt9type_info
                0x08015eb8        0x8 c:/_bin/codeblocks/armgnu/bin/../lib/gcc/arm-none-eabi/4.7.4/../../../../arm-none-eabi/lib/armv7-m\libstdc++.a(tinfo.o)
                0x08015eb8                typeinfo for std::type_info
 .rodata._ZTSSt9type_info
                0x08015ec0       0x10 c:/_bin/codeblocks/armgnu/bin/../lib/gcc/arm-none-eabi/4.7.4/../../../../arm-none-eabi/lib/armv7-m\libstdc++.a(tinfo.o)
                0x08015ec0                typeinfo name for std::type_info
 .rodata._ZTVSt9type_info
                0x08015ed0       0x20 c:/_bin/codeblocks/armgnu/bin/../lib/gcc/arm-none-eabi/4.7.4/../../../../arm-none-eabi/lib/armv7-m\libstdc++.a(tinfo.o)
                0x08015ed0                vtable for std::type_info
 .rodata.str1.4
                0x08015ef0       0x94 c:/_bin/codeblocks/armgnu/bin/../lib/gcc/arm-none-eabi/4.7.4/../../../../arm-none-eabi/lib/armv7-m\libstdc++.a(vterminate.o)
 .rodata.str1.4
                0x08015f84      0x61b c:/_bin/codeblocks/armgnu/bin/../lib/gcc/arm-none-eabi/4.7.4/../../../../arm-none-eabi/lib/armv7-m\libstdc++.a(cp-demangle.o)
                                0x644 (size before relaxing)
 *fill*         0x0801659f        0x1 00
 .rodata.str1.4
                0x080165a0        0x2 c:/_bin/codeblocks/armgnu/bin/../lib/gcc/arm-none-eabi/4.7.4/../../../../arm-none-eabi/lib/armv7-m\libc.a(lib_a-impure.o)
                                  0x4 (size before relaxing)
 *fill*         0x080165a2        0x2 00
 .rodata._global_impure_ptr
                0x080165a4        0x4 c:/_bin/codeblocks/armgnu/bin/../lib/gcc/arm-none-eabi/4.7.4/../../../../arm-none-eabi/lib/armv7-m\libc.a(lib_a-impure.o)
                0x080165a4                _global_impure_ptr
 .rodata.str1.4
                0x080165a8       0x42 c:/_bin/codeblocks/armgnu/bin/../lib/gcc/arm-none-eabi/4.7.4/../../../../arm-none-eabi/lib/armv7-m\libc.a(lib_a-svfprintf.o)
                                 0x44 (size before relaxing)
 *fill*         0x080165ea        0x2 00
 .rodata.zeroes.6721
                0x080165ec       0x10 c:/_bin/codeblocks/armgnu/bin/../lib/gcc/arm-none-eabi/4.7.4/../../../../arm-none-eabi/lib/armv7-m\libc.a(lib_a-svfprintf.o)
 .rodata.blanks.6720
                0x080165fc       0x10 c:/_bin/codeblocks/armgnu/bin/../lib/gcc/arm-none-eabi/4.7.4/../../../../arm-none-eabi/lib/armv7-m\libc.a(lib_a-svfprintf.o)
 .rodata.str1.4
                0x0801660c       0x10 c:/_bin/codeblocks/armgnu/bin/../lib/gcc/arm-none-eabi/4.7.4/../../../../arm-none-eabi/lib/armv7-m\libc.a(lib_a-dtoa.o)
                                 0x14 (size before relaxing)
 .rodata.str1.4
                0x0801661c        0x8 c:/_bin/codeblocks/armgnu/bin/../lib/gcc/arm-none-eabi/4.7.4/../../../../arm-none-eabi/lib/armv7-m\libc.a(lib_a-locale.o)
                                 0x14 (size before relaxing)
 .rodata.p05.5242
                0x08016624        0xc c:/_bin/codeblocks/armgnu/bin/../lib/gcc/arm-none-eabi/4.7.4/../../../../arm-none-eabi/lib/armv7-m\libc.a(lib_a-mprec.o)
 .rodata.__mprec_tens
                0x08016630       0xc8 c:/_bin/codeblocks/armgnu/bin/../lib/gcc/arm-none-eabi/4.7.4/../../../../arm-none-eabi/lib/armv7-m\libc.a(lib_a-mprec.o)
                0x08016630                __mprec_tens
 .rodata.__mprec_bigtens
                0x080166f8       0x28 c:/_bin/codeblocks/armgnu/bin/../lib/gcc/arm-none-eabi/4.7.4/../../../../arm-none-eabi/lib/armv7-m\libc.a(lib_a-mprec.o)
                0x080166f8                __mprec_bigtens
 *(.glue_7)
 .glue_7        0x00000000        0x0 linker stubs
 *(.glue_7t)
 .glue_7t       0x00000000        0x0 linker stubs
 *(.init)
 .init          0x08016720        0x4 c:/_bin/codeblocks/armgnu/bin/../lib/gcc/arm-none-eabi/4.7.4/armv7-m/crti.o
                0x08016720                _init
 .init          0x08016724        0x8 c:/_bin/codeblocks/armgnu/bin/../lib/gcc/arm-none-eabi/4.7.4/armv7-m/crtn.o
 *(.fini)
 .fini          0x0801672c        0x4 c:/_bin/codeblocks/armgnu/bin/../lib/gcc/arm-none-eabi/4.7.4/armv7-m/crti.o
                0x0801672c                _fini
 .fini          0x08016730        0x8 c:/_bin/codeblocks/armgnu/bin/../lib/gcc/arm-none-eabi/4.7.4/armv7-m/crtn.o
                0x08016738                . = ALIGN (0x4)
                0x08016738                _etext = .

.vfp11_veneer   0x08016738        0x0
 .vfp11_veneer  0x00000000        0x0 linker stubs

.v4_bx          0x08016738        0x0
 .v4_bx         0x00000000        0x0 linker stubs

.iplt           0x08016738        0x0
 .iplt          0x00000000        0x0 c:/_bin/codeblocks/armgnu/bin/../lib/gcc/arm-none-eabi/4.7.4/armv7-m/crtbegin.o

.ARM.extab      0x08016738      0x40c
 *(.ARM.extab* .gnu.linkonce.armextab.*)
 .ARM.extab.text.ADC_DeInit
                0x08016738        0xc obj\Debug\lib\STM32F10x_StdPeriph_Driver\src\stm32f10x_adc.o
 .ARM.extab.text.ADC_Init
                0x08016744        0xc obj\Debug\lib\STM32F10x_StdPeriph_Driver\src\stm32f10x_adc.o
 .ARM.extab.text.ADC_Cmd
                0x08016750        0xc obj\Debug\lib\STM32F10x_StdPeriph_Driver\src\stm32f10x_adc.o
 .ARM.extab.text.ADC_ResetCalibration
                0x0801675c        0xc obj\Debug\lib\STM32F10x_StdPeriph_Driver\src\stm32f10x_adc.o
 .ARM.extab.text.ADC_GetResetCalibrationStatus
                0x08016768        0xc obj\Debug\lib\STM32F10x_StdPeriph_Driver\src\stm32f10x_adc.o
 .ARM.extab.text.ADC_StartCalibration
                0x08016774        0xc obj\Debug\lib\STM32F10x_StdPeriph_Driver\src\stm32f10x_adc.o
 .ARM.extab.text.ADC_GetCalibrationStatus
                0x08016780        0xc obj\Debug\lib\STM32F10x_StdPeriph_Driver\src\stm32f10x_adc.o
 .ARM.extab.text.ADC_SoftwareStartConvCmd
                0x0801678c        0xc obj\Debug\lib\STM32F10x_StdPeriph_Driver\src\stm32f10x_adc.o
 .ARM.extab.text.ADC_RegularChannelConfig
                0x08016798        0xc obj\Debug\lib\STM32F10x_StdPeriph_Driver\src\stm32f10x_adc.o
 .ARM.extab.text.ADC_GetConversionValue
                0x080167a4        0xc obj\Debug\lib\STM32F10x_StdPeriph_Driver\src\stm32f10x_adc.o
 .ARM.extab.text.ADC_TempSensorVrefintCmd
                0x080167b0        0xc obj\Debug\lib\STM32F10x_StdPeriph_Driver\src\stm32f10x_adc.o
 .ARM.extab.text.ADC_GetFlagStatus
                0x080167bc        0xc obj\Debug\lib\STM32F10x_StdPeriph_Driver\src\stm32f10x_adc.o
 .ARM.extab.text.ADC_ClearFlag
                0x080167c8        0xc obj\Debug\lib\STM32F10x_StdPeriph_Driver\src\stm32f10x_adc.o
 .ARM.extab.text.DAC_Cmd
                0x080167d4        0xc obj\Debug\lib\STM32F10x_StdPeriph_Driver\src\stm32f10x_dac.o
 .ARM.extab.text.GPIO_Init
                0x080167e0        0xc obj\Debug\lib\STM32F10x_StdPeriph_Driver\src\stm32f10x_gpio.o
 .ARM.extab.text.RCC_APB2PeriphClockCmd
                0x080167ec        0xc obj\Debug\lib\STM32F10x_StdPeriph_Driver\src\stm32f10x_rcc.o
 .ARM.extab.text.RCC_APB1PeriphClockCmd
                0x080167f8        0xc obj\Debug\lib\STM32F10x_StdPeriph_Driver\src\stm32f10x_rcc.o
 .ARM.extab.text.RCC_APB2PeriphResetCmd
                0x08016804        0xc obj\Debug\lib\STM32F10x_StdPeriph_Driver\src\stm32f10x_rcc.o
 .ARM.extab.text.RCC_APB1PeriphResetCmd
                0x08016810        0xc obj\Debug\lib\STM32F10x_StdPeriph_Driver\src\stm32f10x_rcc.o
 .ARM.extab.text.TIM_DeInit
                0x0801681c        0xc obj\Debug\lib\STM32F10x_StdPeriph_Driver\src\stm32f10x_tim.o
 .ARM.extab.text.USART_SendData
                0x08016828        0xc obj\Debug\lib\STM32F10x_StdPeriph_Driver\src\stm32f10x_usart.o
 .ARM.extab.text.USART_ReceiveData
                0x08016834        0xc obj\Debug\lib\STM32F10x_StdPeriph_Driver\src\stm32f10x_usart.o
 .ARM.extab.text.USART_GetFlagStatus
                0x08016840        0xc obj\Debug\lib\STM32F10x_StdPeriph_Driver\src\stm32f10x_usart.o
 .ARM.extab.text.uart_putc
                0x0801684c        0xc obj\Debug\lib\syscalls.o
 .ARM.extab.text.uart_getc
                0x08016858        0xc obj\Debug\lib\syscalls.o
 .ARM.extab.text._read_r
                0x08016864        0xc obj\Debug\lib\syscalls.o
 .ARM.extab.text._write_r
                0x08016870        0xc obj\Debug\lib\syscalls.o
 .ARM.extab.text._sbrk_r
                0x0801687c        0xc obj\Debug\lib\syscalls.o
 .ARM.extab.text._kill
                0x08016888        0xc obj\Debug\lib\syscalls.o
 .ARM.extab.text.STM32vldiscovery_LEDInit
                0x08016894       0x18 obj\Debug\lib\Utilities\STM32vldiscovery.o
 .ARM.extab.text.main
                0x080168ac       0x28 obj\Debug\main.o
 .ARM.extab.text._ZN11ADConverterC2Ev
                0x080168d4        0x0 obj\Debug\src\adc.o
 .ARM.extab.text._ZN12ADConverter1C2Ev
                0x080168d4       0x20 obj\Debug\src\adc.o
 .ARM.extab.text._ZN12ADConverter15startEv
                0x080168f4        0xc obj\Debug\src\adc.o
 .ARM.extab.text._ZN12ADConverter14stopEv
                0x08016900        0xc obj\Debug\src\adc.o
 .ARM.extab.text._ZN12ADConverter14readEv
                0x0801690c        0xc obj\Debug\src\adc.o
 .ARM.extab.text._ZN12ADConverter1D2Ev
                0x08016918        0xc obj\Debug\src\adc.o
 .ARM.extab.text._ZN12ADConverter1D0Ev
                0x08016924        0xc obj\Debug\src\adc.o
 .ARM.extab.text._ZN4APB16enableE12PeripheralID
                0x08016930        0xc obj\Debug\src\bus.o
 .ARM.extab.text._ZN4APB17disableE12PeripheralID
                0x0801693c        0xc obj\Debug\src\bus.o
 .ARM.extab.text._ZN4APB26enableE12PeripheralID
                0x08016948        0xc obj\Debug\src\bus.o
 .ARM.extab.text._ZN4APB27disableE12PeripheralID
                0x08016954        0xc obj\Debug\src\bus.o
 .ARM.extab.text._ZN4APB2D2Ev
                0x08016960        0x0 obj\Debug\src\bus.o
 .ARM.extab.text._ZN4APB2D0Ev
                0x08016960        0x0 obj\Debug\src\bus.o
 .ARM.extab.text._ZN4APB1D2Ev
                0x08016960        0x0 obj\Debug\src\bus.o
 .ARM.extab.text._ZN4APB1D0Ev
                0x08016960        0x0 obj\Debug\src\bus.o
 .ARM.extab.text._ZN3DacC2Ev
                0x08016960        0x0 obj\Debug\src\dac.o
 .ARM.extab.text._ZN4Dac1C2Ev
                0x08016960       0x1c obj\Debug\src\dac.o
 .ARM.extab.text._ZN4Dac1D2Ev
                0x0801697c       0x1c obj\Debug\src\dac.o
 .ARM.extab.text._ZN4Dac15startEv
                0x08016998        0xc obj\Debug\src\dac.o
 .ARM.extab.text._ZN3LedC2E5LedID
                0x080169a4        0xc obj\Debug\src\led.o
 .ARM.extab.text._ZN3Led2onEv
                0x080169b0        0xc obj\Debug\src\led.o
 .ARM.extab.text._ZN3Led3offEv
                0x080169bc        0xc obj\Debug\src\led.o
 .ARM.extab.text._ZN3PinC2E6APinID
                0x080169c8        0xc obj\Debug\src\pin.o
 .ARM.extab.text._ZN3Pin18setupSlowOutAnalogEv
                0x080169d4       0x18 obj\Debug\src\pin.o
 .ARM.extab.text._ZN3Pin17setupSlowInAnalogEv
                0x080169ec       0x18 obj\Debug\src\pin.o
 .ARM.extab.text._ZN5TimerC2Ev
                0x08016a04        0x0 obj\Debug\src\tim.o
 .ARM.extab.text._ZN6Timer6C2Ev
                0x08016a04        0xc obj\Debug\src\tim.o
 .ARM.extab.text._ZN6Timer6D2Ev
                0x08016a10        0xc obj\Debug\src\tim.o
 .ARM.extab.text.__cxa_pure_virtual
                0x08016a1c        0xc c:/_bin/codeblocks/armgnu/bin/../lib/gcc/arm-none-eabi/4.7.4/../../../../arm-none-eabi/lib/armv7-m\libstdc++.a(pure.o)
 .ARM.extab.text._ZL21base_of_encoded_valuehP15_Unwind_Context
                0x08016a28        0xc c:/_bin/codeblocks/armgnu/bin/../lib/gcc/arm-none-eabi/4.7.4/../../../../arm-none-eabi/lib/armv7-m\libstdc++.a(eh_personality.o)
 .ARM.extab.text.__gxx_personality_v0
                0x08016a34       0x20 c:/_bin/codeblocks/armgnu/bin/../lib/gcc/arm-none-eabi/4.7.4/../../../../arm-none-eabi/lib/armv7-m\libstdc++.a(eh_personality.o)
 .ARM.extab.text._ZN10__cxxabiv111__terminateEPFvvE
                0x08016a54       0x2c c:/_bin/codeblocks/armgnu/bin/../lib/gcc/arm-none-eabi/4.7.4/../../../../arm-none-eabi/lib/armv7-m\libstdc++.a(eh_terminate.o)
 .ARM.extab.text._ZN10__cxxabiv112__unexpectedEPFvvE
                0x08016a80        0xc c:/_bin/codeblocks/armgnu/bin/../lib/gcc/arm-none-eabi/4.7.4/../../../../arm-none-eabi/lib/armv7-m\libstdc++.a(eh_terminate.o)
 .ARM.extab.text._ZSt10unexpectedv
                0x08016a8c        0xc c:/_bin/codeblocks/armgnu/bin/../lib/gcc/arm-none-eabi/4.7.4/../../../../arm-none-eabi/lib/armv7-m\libstdc++.a(eh_terminate.o)
 .ARM.extab.text.__cxa_call_unexpected
                0x08016a98       0x2c c:/_bin/codeblocks/armgnu/bin/../lib/gcc/arm-none-eabi/4.7.4/../../../../arm-none-eabi/lib/armv7-m\libstdc++.a(eh_call.o)
 .ARM.extab.text.__cxa_begin_catch
                0x08016ac4       0x1c c:/_bin/codeblocks/armgnu/bin/../lib/gcc/arm-none-eabi/4.7.4/../../../../arm-none-eabi/lib/armv7-m\libstdc++.a(eh_catch.o)
 .ARM.extab.text._ZN9__gnu_cxx27__verbose_terminate_handlerEv
                0x08016ae0       0x34 c:/_bin/codeblocks/armgnu/bin/../lib/gcc/arm-none-eabi/4.7.4/../../../../arm-none-eabi/lib/armv7-m\libstdc++.a(vterminate.o)
 .ARM.extab     0x08016b14       0x18 c:/_bin/codeblocks/armgnu/bin/../lib/gcc/arm-none-eabi/4.7.4/armv7-m\libgcc.a(unwind-arm.o)
 .ARM.extab     0x08016b2c       0x18 c:/_bin/codeblocks/armgnu/bin/../lib/gcc/arm-none-eabi/4.7.4/armv7-m\libgcc.a(pr-support.o)

.eh_frame       0x08016b44        0x0
 .eh_frame      0x08016b44        0x0 c:/_bin/codeblocks/armgnu/bin/../lib/gcc/arm-none-eabi/4.7.4/armv7-m/crtbegin.o

.ARM            0x08016b44      0x418
                0x08016b44                __exidx_start = .
 *(.ARM.exidx*)
 .ARM.exidx.text.SystemInit
                0x08016c3c        0x8 obj\Debug\lib\CMSIS\CM3\DeviceSupport\ST\STM32F10x\system_stm32f10x.o
 .ARM.exidx.text.SetSysClock
                0x08016c44        0x0 obj\Debug\lib\CMSIS\CM3\DeviceSupport\ST\STM32F10x\system_stm32f10x.o
                                  0x8 (size before relaxing)
 .ARM.exidx.text.SetSysClockTo24
                0x08016c44        0x8 obj\Debug\lib\CMSIS\CM3\DeviceSupport\ST\STM32F10x\system_stm32f10x.o
 .ARM.exidx.text.ADC_DeInit
                0x08016c4c        0x8 obj\Debug\lib\STM32F10x_StdPeriph_Driver\src\stm32f10x_adc.o
 .ARM.exidx.text.ADC_Init
                0x08016c54        0x8 obj\Debug\lib\STM32F10x_StdPeriph_Driver\src\stm32f10x_adc.o
 .ARM.exidx.text.ADC_Cmd
                0x08016c5c        0x8 obj\Debug\lib\STM32F10x_StdPeriph_Driver\src\stm32f10x_adc.o
 .ARM.exidx.text.ADC_ResetCalibration
                0x08016c64        0x8 obj\Debug\lib\STM32F10x_StdPeriph_Driver\src\stm32f10x_adc.o
 .ARM.exidx.text.ADC_GetResetCalibrationStatus
                0x08016c6c        0x8 obj\Debug\lib\STM32F10x_StdPeriph_Driver\src\stm32f10x_adc.o
 .ARM.exidx.text.ADC_StartCalibration
                0x08016c74        0x8 obj\Debug\lib\STM32F10x_StdPeriph_Driver\src\stm32f10x_adc.o
 .ARM.exidx.text.ADC_GetCalibrationStatus
                0x08016c7c        0x8 obj\Debug\lib\STM32F10x_StdPeriph_Driver\src\stm32f10x_adc.o
 .ARM.exidx.text.ADC_SoftwareStartConvCmd
                0x08016c84        0x8 obj\Debug\lib\STM32F10x_StdPeriph_Driver\src\stm32f10x_adc.o
 .ARM.exidx.text.ADC_RegularChannelConfig
                0x08016c8c        0x8 obj\Debug\lib\STM32F10x_StdPeriph_Driver\src\stm32f10x_adc.o
 .ARM.exidx.text.ADC_GetConversionValue
                0x08016c94        0x8 obj\Debug\lib\STM32F10x_StdPeriph_Driver\src\stm32f10x_adc.o
 .ARM.exidx.text.ADC_TempSensorVrefintCmd
                0x08016c9c        0x8 obj\Debug\lib\STM32F10x_StdPeriph_Driver\src\stm32f10x_adc.o
 .ARM.exidx.text.ADC_GetFlagStatus
                0x08016ca4        0x8 obj\Debug\lib\STM32F10x_StdPeriph_Driver\src\stm32f10x_adc.o
 .ARM.exidx.text.ADC_ClearFlag
                0x08016cac        0x8 obj\Debug\lib\STM32F10x_StdPeriph_Driver\src\stm32f10x_adc.o
 .ARM.exidx.text.DAC_DeInit
                0x08016cb4        0x8 obj\Debug\lib\STM32F10x_StdPeriph_Driver\src\stm32f10x_dac.o
 .ARM.exidx.text.DAC_Cmd
                0x08016cbc        0x8 obj\Debug\lib\STM32F10x_StdPeriph_Driver\src\stm32f10x_dac.o
 .ARM.exidx.text.GPIO_Init
                0x08016cc4        0x8 obj\Debug\lib\STM32F10x_StdPeriph_Driver\src\stm32f10x_gpio.o
 .ARM.exidx.text.RCC_APB2PeriphClockCmd
                0x08016ccc        0x8 obj\Debug\lib\STM32F10x_StdPeriph_Driver\src\stm32f10x_rcc.o
 .ARM.exidx.text.RCC_APB1PeriphClockCmd
                0x08016cd4        0x8 obj\Debug\lib\STM32F10x_StdPeriph_Driver\src\stm32f10x_rcc.o
 .ARM.exidx.text.RCC_APB2PeriphResetCmd
                0x08016cdc        0x8 obj\Debug\lib\STM32F10x_StdPeriph_Driver\src\stm32f10x_rcc.o
 .ARM.exidx.text.RCC_APB1PeriphResetCmd
                0x08016ce4        0x8 obj\Debug\lib\STM32F10x_StdPeriph_Driver\src\stm32f10x_rcc.o
 .ARM.exidx.text.TIM_DeInit
                0x08016cec        0x8 obj\Debug\lib\STM32F10x_StdPeriph_Driver\src\stm32f10x_tim.o
 .ARM.exidx.text.USART_SendData
                0x08016cf4        0x8 obj\Debug\lib\STM32F10x_StdPeriph_Driver\src\stm32f10x_usart.o
 .ARM.exidx.text.USART_ReceiveData
                0x08016cfc        0x8 obj\Debug\lib\STM32F10x_StdPeriph_Driver\src\stm32f10x_usart.o
 .ARM.exidx.text.USART_GetFlagStatus
                0x08016d04        0x8 obj\Debug\lib\STM32F10x_StdPeriph_Driver\src\stm32f10x_usart.o
 .ARM.exidx.text.uart_putc
                0x08016d0c        0x8 obj\Debug\lib\syscalls.o
 .ARM.exidx.text.uart_getc
                0x08016d14        0x8 obj\Debug\lib\syscalls.o
 .ARM.exidx.text._read_r
                0x08016d1c        0x8 obj\Debug\lib\syscalls.o
 .ARM.exidx.text._lseek_r
                0x08016d24        0x8 obj\Debug\lib\syscalls.o
 .ARM.exidx.text._write_r
                0x08016d2c        0x8 obj\Debug\lib\syscalls.o
 .ARM.exidx.text._close_r
                0x08016d34        0x8 obj\Debug\lib\syscalls.o
 .ARM.exidx.text._sbrk_r
                0x08016d3c        0x8 obj\Debug\lib\syscalls.o
 .ARM.exidx.text._fstat_r
                0x08016d44        0x8 obj\Debug\lib\syscalls.o
 .ARM.exidx.text._isatty_r
                0x08016d4c        0x0 obj\Debug\lib\syscalls.o
                                  0x8 (size before relaxing)
 .ARM.exidx.text._getpid
                0x08016d4c        0x0 obj\Debug\lib\syscalls.o
                                  0x8 (size before relaxing)
 .ARM.exidx.text._kill
                0x08016d4c        0x8 obj\Debug\lib\syscalls.o
 .ARM.exidx.text._exit
                0x08016d54        0x8 obj\Debug\lib\syscalls.o
 .ARM.exidx.text.STM32vldiscovery_LEDInit
                0x08016d5c        0x8 obj\Debug\lib\Utilities\STM32vldiscovery.o
 .ARM.exidx.text.STM32vldiscovery_LEDOn
                0x08016d64        0x8 obj\Debug\lib\Utilities\STM32vldiscovery.o
 .ARM.exidx.text.STM32vldiscovery_LEDOff
                0x08016d6c        0x0 obj\Debug\lib\Utilities\STM32vldiscovery.o
                                  0x8 (size before relaxing)
 .ARM.exidx.text.main
                0x08016d6c        0x8 obj\Debug\main.o
 .ARM.exidx.text._Z5Delaym
                0x08016d74        0x8 obj\Debug\main.o
 .ARM.exidx.text.TIM6_DAC_IRQHandler
                0x08016d7c        0x8 obj\Debug\main.o
 .ARM.exidx.text.assert_failed
                0x08016d84        0x8 obj\Debug\main.o
 .ARM.exidx.text._ZN11ADConverterC2Ev
                0x08016d8c        0x0 obj\Debug\src\adc.o
                                  0x8 (size before relaxing)
 .ARM.exidx.text._ZN12ADConverter1C2Ev
                0x08016d8c        0x8 obj\Debug\src\adc.o
 .ARM.exidx.text._ZN12ADConverter15startEv
                0x08016d94        0x8 obj\Debug\src\adc.o
 .ARM.exidx.text._ZN12ADConverter14stopEv
                0x08016d9c        0x8 obj\Debug\src\adc.o
 .ARM.exidx.text._ZN12ADConverter14readEv
                0x08016da4        0x8 obj\Debug\src\adc.o
 .ARM.exidx.text._ZN12ADConverter1D2Ev
                0x08016dac        0x8 obj\Debug\src\adc.o
 .ARM.exidx.text._ZN12ADConverter1D0Ev
                0x08016db4        0x8 obj\Debug\src\adc.o
 .ARM.exidx.text._ZN4APB16enableE12PeripheralID
                0x08016dbc        0x8 obj\Debug\src\bus.o
 .ARM.exidx.text._ZN4APB17disableE12PeripheralID
                0x08016dc4        0x8 obj\Debug\src\bus.o
 .ARM.exidx.text._ZN4APB26enableE12PeripheralID
                0x08016dcc        0x8 obj\Debug\src\bus.o
 .ARM.exidx.text._ZN4APB27disableE12PeripheralID
                0x08016dd4        0x8 obj\Debug\src\bus.o
 .ARM.exidx.text._ZN4APB2D2Ev
                0x08016ddc        0x8 obj\Debug\src\bus.o
 .ARM.exidx.text._ZN4APB2D0Ev
                0x08016de4        0x0 obj\Debug\src\bus.o
                                  0x8 (size before relaxing)
 .ARM.exidx.text._ZN4APB1D2Ev
                0x08016de4        0x0 obj\Debug\src\bus.o
                                  0x8 (size before relaxing)
 .ARM.exidx.text._ZN4APB1D0Ev
                0x08016de4        0x0 obj\Debug\src\bus.o
                                  0x8 (size before relaxing)
 .ARM.exidx.text._Z41__static_initialization_and_destruction_0ii
                0x08016de4        0x0 obj\Debug\src\bus.o
                                  0x8 (size before relaxing)
 .ARM.exidx.text._GLOBAL__sub_I_bus1
                0x08016de4        0x0 obj\Debug\src\bus.o
                                  0x8 (size before relaxing)
 .ARM.exidx.text._ZN3DacC2Ev
                0x08016de4        0x0 obj\Debug\src\dac.o
                                  0x8 (size before relaxing)
 .ARM.exidx.text._ZN4Dac1C2Ev
                0x08016de4        0x8 obj\Debug\src\dac.o
 .ARM.exidx.text._ZN4Dac1D2Ev
                0x08016dec        0x8 obj\Debug\src\dac.o
 .ARM.exidx.text._ZN4Dac15startEv
                0x08016df4        0x8 obj\Debug\src\dac.o
 .ARM.exidx.text._ZN4Dac14stopEv
                0x08016dfc        0x8 obj\Debug\src\dac.o
 .ARM.exidx.text._ZN3Dac4tickEv
                0x08016e04        0x0 obj\Debug\src\dac.o
                                  0x8 (size before relaxing)
 .ARM.exidx.text._ZN3LedC2E5LedID
                0x08016e04        0x8 obj\Debug\src\led.o
 .ARM.exidx.text._ZN3Led2onEv
                0x08016e0c        0x8 obj\Debug\src\led.o
 .ARM.exidx.text._ZN3Led3offEv
                0x08016e14        0x8 obj\Debug\src\led.o
 .ARM.exidx.text._ZN3PinC2E6APinID
                0x08016e1c        0x8 obj\Debug\src\pin.o
 .ARM.exidx.text._ZN3Pin18setupSlowOutAnalogEv
                0x08016e24        0x8 obj\Debug\src\pin.o
 .ARM.exidx.text._ZN3Pin17setupSlowInAnalogEv
                0x08016e2c        0x8 obj\Debug\src\pin.o
 .ARM.exidx.text.NVIC_EnableIRQ
                0x08016e34        0x8 obj\Debug\src\tim.o
 .ARM.exidx.text._ZN5TimerC2Ev
                0x08016e3c        0x0 obj\Debug\src\tim.o
                                  0x8 (size before relaxing)
 .ARM.exidx.text._ZN6Timer6C2Ev
                0x08016e3c        0x8 obj\Debug\src\tim.o
 .ARM.exidx.text._ZN6Timer6D2Ev
                0x08016e44        0x8 obj\Debug\src\tim.o
 .ARM.exidx.text._ZNK10__cxxabiv120__si_class_type_info12__do_dyncastEiNS_17__class_type_info10__sub_kindEPKS1_PKvS4_S6_RNS1_16__dyncast_resultE
                0x08016e4c        0x8 c:/_bin/codeblocks/armgnu/bin/../lib/gcc/arm-none-eabi/4.7.4/../../../../arm-none-eabi/lib/armv7-m\libstdc++.a(si_class_type_info.o)
 .ARM.exidx.text._ZN10__cxxabiv120__si_class_type_infoD2Ev
                0x08016e54        0x8 c:/_bin/codeblocks/armgnu/bin/../lib/gcc/arm-none-eabi/4.7.4/../../../../arm-none-eabi/lib/armv7-m\libstdc++.a(si_class_type_info.o)
 .ARM.exidx.text._ZN10__cxxabiv120__si_class_type_infoD0Ev
                0x08016e5c        0x0 c:/_bin/codeblocks/armgnu/bin/../lib/gcc/arm-none-eabi/4.7.4/../../../../arm-none-eabi/lib/armv7-m\libstdc++.a(si_class_type_info.o)
                                  0x8 (size before relaxing)
 .ARM.exidx.text._ZNK10__cxxabiv120__si_class_type_info20__do_find_public_srcEiPKvPKNS_17__class_type_infoES2_
                0x08016e5c        0x8 c:/_bin/codeblocks/armgnu/bin/../lib/gcc/arm-none-eabi/4.7.4/../../../../arm-none-eabi/lib/armv7-m\libstdc++.a(si_class_type_info.o)
 .ARM.exidx.text._ZNK10__cxxabiv120__si_class_type_info11__do_upcastEPKNS_17__class_type_infoEPKvRNS1_15__upcast_resultE
                0x08016e64       0x10 c:/_bin/codeblocks/armgnu/bin/../lib/gcc/arm-none-eabi/4.7.4/../../../../arm-none-eabi/lib/armv7-m\libstdc++.a(si_class_type_info.o)
                                  0x8 (size before relaxing)
 .ARM.exidx.text.__cxa_type_match
                0x08016e74        0x8 c:/_bin/codeblocks/armgnu/bin/../lib/gcc/arm-none-eabi/4.7.4/../../../../arm-none-eabi/lib/armv7-m\libstdc++.a(eh_arm.o)
 .ARM.exidx.text.__cxa_begin_cleanup
                0x08016e7c        0x8 c:/_bin/codeblocks/armgnu/bin/../lib/gcc/arm-none-eabi/4.7.4/../../../../arm-none-eabi/lib/armv7-m\libstdc++.a(eh_arm.o)
 .ARM.exidx.text.__gnu_end_cleanup
                0x08016e84        0x0 c:/_bin/codeblocks/armgnu/bin/../lib/gcc/arm-none-eabi/4.7.4/../../../../arm-none-eabi/lib/armv7-m\libstdc++.a(eh_arm.o)
                                  0x8 (size before relaxing)
 .ARM.exidx.text.__cxa_pure_virtual
                0x08016e84        0x8 c:/_bin/codeblocks/armgnu/bin/../lib/gcc/arm-none-eabi/4.7.4/../../../../arm-none-eabi/lib/armv7-m\libstdc++.a(pure.o)
 .ARM.exidx.text.__cxa_get_globals_fast
                0x08016e8c        0x8 c:/_bin/codeblocks/armgnu/bin/../lib/gcc/arm-none-eabi/4.7.4/../../../../arm-none-eabi/lib/armv7-m\libstdc++.a(eh_globals.o)
 .ARM.exidx.text.__cxa_get_globals