Archive member included because of file (symbol)

c:/_bin/codeblocks/armgnu/bin/../lib/gcc/arm-none-eabi/4.8.3/../../../../arm-none-eabi/lib/armv7-m\libstdc++.a(si_class_type_info.o)
                              obj\Debug\src\adc.o (vtable for __cxxabiv1::__si_class_type_info)
c:/_bin/codeblocks/armgnu/bin/../lib/gcc/arm-none-eabi/4.8.3/../../../../arm-none-eabi/lib/armv7-m\libstdc++.a(eh_arm.o)
                              obj\Debug\main.o (__cxa_end_cleanup)
c:/_bin/codeblocks/armgnu/bin/../lib/gcc/arm-none-eabi/4.8.3/../../../../arm-none-eabi/lib/armv7-m\libstdc++.a(pure.o)
                              obj\Debug\src\adc.o (__cxa_pure_virtual)
c:/_bin/codeblocks/armgnu/bin/../lib/gcc/arm-none-eabi/4.8.3/../../../../arm-none-eabi/lib/armv7-m\libstdc++.a(eh_globals.o)
                              c:/_bin/codeblocks/armgnu/bin/../lib/gcc/arm-none-eabi/4.8.3/../../../../arm-none-eabi/lib/armv7-m\libstdc++.a(eh_arm.o) (__cxa_get_globals)
c:/_bin/codeblocks/armgnu/bin/../lib/gcc/arm-none-eabi/4.8.3/../../../../arm-none-eabi/lib/armv7-m\libstdc++.a(eh_exception.o)
                              c:/_bin/codeblocks/armgnu/bin/../lib/gcc/arm-none-eabi/4.8.3/../../../../arm-none-eabi/lib/armv7-m\libstdc++.a(eh_arm.o) (typeinfo for __cxxabiv1::__forced_unwind)
c:/_bin/codeblocks/armgnu/bin/../lib/gcc/arm-none-eabi/4.8.3/../../../../arm-none-eabi/lib/armv7-m\libstdc++.a(del_op.o)
                              obj\Debug\src\adc.o (operator delete(void*))
c:/_bin/codeblocks/armgnu/bin/../lib/gcc/arm-none-eabi/4.8.3/../../../../arm-none-eabi/lib/armv7-m\libstdc++.a(class_type_info.o)
                              c:/_bin/codeblocks/armgnu/bin/../lib/gcc/arm-none-eabi/4.8.3/../../../../arm-none-eabi/lib/armv7-m\libstdc++.a(si_class_type_info.o) (__cxxabiv1::__class_type_info::__do_upcast(__cxxabiv1::__class_type_info const*, void**) const)
c:/_bin/codeblocks/armgnu/bin/../lib/gcc/arm-none-eabi/4.8.3/../../../../arm-none-eabi/lib/armv7-m\libstdc++.a(atexit_arm.o)
                              obj\Debug\src\bus.o (__aeabi_atexit)
c:/_bin/codeblocks/armgnu/bin/../lib/gcc/arm-none-eabi/4.8.3/../../../../arm-none-eabi/lib/armv7-m\libstdc++.a(eh_personality.o)
                              obj\Debug\main.o (__gxx_personality_v0)
c:/_bin/codeblocks/armgnu/bin/../lib/gcc/arm-none-eabi/4.8.3/../../../../arm-none-eabi/lib/armv7-m\libstdc++.a(eh_terminate.o)
                              c:/_bin/codeblocks/armgnu/bin/../lib/gcc/arm-none-eabi/4.8.3/../../../../arm-none-eabi/lib/armv7-m\libstdc++.a(eh_arm.o) (std::terminate())
c:/_bin/codeblocks/armgnu/bin/../lib/gcc/arm-none-eabi/4.8.3/../../../../arm-none-eabi/lib/armv7-m\libstdc++.a(tinfo.o)
                              c:/_bin/codeblocks/armgnu/bin/../lib/gcc/arm-none-eabi/4.8.3/../../../../arm-none-eabi/lib/armv7-m\libstdc++.a(class_type_info.o) (std::type_info::~type_info())
c:/_bin/codeblocks/armgnu/bin/../lib/gcc/arm-none-eabi/4.8.3/../../../../arm-none-eabi/lib/armv7-m\libstdc++.a(eh_unex_handler.o)
                              c:/_bin/codeblocks/armgnu/bin/../lib/gcc/arm-none-eabi/4.8.3/../../../../arm-none-eabi/lib/armv7-m\libstdc++.a(eh_terminate.o) (__cxxabiv1::__unexpected_handler)
c:/_bin/codeblocks/armgnu/bin/../lib/gcc/arm-none-eabi/4.8.3/../../../../arm-none-eabi/lib/armv7-m\libstdc++.a(eh_call.o)
                              c:/_bin/codeblocks/armgnu/bin/../lib/gcc/arm-none-eabi/4.8.3/../../../../arm-none-eabi/lib/armv7-m\libstdc++.a(eh_personality.o) (__cxa_call_terminate)
c:/_bin/codeblocks/armgnu/bin/../lib/gcc/arm-none-eabi/4.8.3/../../../../arm-none-eabi/lib/armv7-m\libstdc++.a(eh_catch.o)
                              c:/_bin/codeblocks/armgnu/bin/../lib/gcc/arm-none-eabi/4.8.3/../../../../arm-none-eabi/lib/armv7-m\libstdc++.a(eh_personality.o) (__cxa_begin_catch)
c:/_bin/codeblocks/armgnu/bin/../lib/gcc/arm-none-eabi/4.8.3/../../../../arm-none-eabi/lib/armv7-m\libstdc++.a(eh_throw.o)
                              c:/_bin/codeblocks/armgnu/bin/../lib/gcc/arm-none-eabi/4.8.3/../../../../arm-none-eabi/lib/armv7-m\libstdc++.a(eh_call.o) (__cxa_throw)
c:/_bin/codeblocks/armgnu/bin/../lib/gcc/arm-none-eabi/4.8.3/../../../../arm-none-eabi/lib/armv7-m\libstdc++.a(eh_term_handler.o)
                              c:/_bin/codeblocks/armgnu/bin/../lib/gcc/arm-none-eabi/4.8.3/../../../../arm-none-eabi/lib/armv7-m\libstdc++.a(eh_terminate.o) (__cxxabiv1::__terminate_handler)
c:/_bin/codeblocks/armgnu/bin/../lib/gcc/arm-none-eabi/4.8.3/../../../../arm-none-eabi/lib/armv7-m\libstdc++.a(eh_alloc.o)
                              c:/_bin/codeblocks/armgnu/bin/../lib/gcc/arm-none-eabi/4.8.3/../../../../arm-none-eabi/lib/armv7-m\libstdc++.a(eh_call.o) (__cxa_allocate_exception)
c:/_bin/codeblocks/armgnu/bin/../lib/gcc/arm-none-eabi/4.8.3/../../../../arm-none-eabi/lib/armv7-m\libstdc++.a(vterminate.o)
[...]
Memory Configuration

Name             Origin             Length             Attributes
FLASH            0x08000000         0x00020000         xr
RAM              0x20000000         0x00002000         xrw
MEMORY_B1        0x60000000         0x00000000         xr
*default*        0x00000000         0xffffffff

Linker script and memory map

LOAD c:/_bin/codeblocks/armgnu/bin/../lib/gcc/arm-none-eabi/4.8.3/armv7-m/crti.o
LOAD c:/_bin/codeblocks/armgnu/bin/../lib/gcc/arm-none-eabi/4.8.3/armv7-m/crtbegin.o
LOAD c:/_bin/codeblocks/armgnu/bin/../lib/gcc/arm-none-eabi/4.8.3/../../../../arm-none-eabi/lib/armv7-m/crt0.o
LOAD obj\Debug\lib\CMSIS\CM3\CoreSupport\core_cm3.o
LOAD obj\Debug\lib\CMSIS\CM3\DeviceSupport\ST\STM32F10x\startup\gcc_ride7\startup_stm32f10x_md_vl.o
LOAD obj\Debug\lib\CMSIS\CM3\DeviceSupport\ST\STM32F10x\system_stm32f10x.o
LOAD obj\Debug\lib\STM32F10x_StdPeriph_Driver\src\misc.o
LOAD obj\Debug\lib\STM32F10x_StdPeriph_Driver\src\stm32f10x_adc.o
LOAD obj\Debug\lib\STM32F10x_StdPeriph_Driver\src\stm32f10x_bkp.o
LOAD obj\Debug\lib\STM32F10x_StdPeriph_Driver\src\stm32f10x_can.o
LOAD obj\Debug\lib\STM32F10x_StdPeriph_Driver\src\stm32f10x_cec.o
LOAD obj\Debug\lib\STM32F10x_StdPeriph_Driver\src\stm32f10x_crc.o
LOAD obj\Debug\lib\STM32F10x_StdPeriph_Driver\src\stm32f10x_dac.o
LOAD obj\Debug\lib\STM32F10x_StdPeriph_Driver\src\stm32f10x_dbgmcu.o
LOAD obj\Debug\lib\STM32F10x_StdPeriph_Driver\src\stm32f10x_dma.o
LOAD obj\Debug\lib\STM32F10x_StdPeriph_Driver\src\stm32f10x_exti.o
LOAD obj\Debug\lib\STM32F10x_StdPeriph_Driver\src\stm32f10x_flash.o
LOAD obj\Debug\lib\STM32F10x_StdPeriph_Driver\src\stm32f10x_fsmc.o
LOAD obj\Debug\lib\STM32F10x_StdPeriph_Driver\src\stm32f10x_gpio.o
LOAD obj\Debug\lib\STM32F10x_StdPeriph_Driver\src\stm32f10x_i2c.o
LOAD obj\Debug\lib\STM32F10x_StdPeriph_Driver\src\stm32f10x_iwdg.o
LOAD obj\Debug\lib\STM32F10x_StdPeriph_Driver\src\stm32f10x_pwr.o
LOAD obj\Debug\lib\STM32F10x_StdPeriph_Driver\src\stm32f10x_rcc.o
LOAD obj\Debug\lib\STM32F10x_StdPeriph_Driver\src\stm32f10x_rtc.o
LOAD obj\Debug\lib\STM32F10x_StdPeriph_Driver\src\stm32f10x_sdio.o
LOAD obj\Debug\lib\STM32F10x_StdPeriph_Driver\src\stm32f10x_spi.o
LOAD obj\Debug\lib\STM32F10x_StdPeriph_Driver\src\stm32f10x_tim.o
LOAD obj\Debug\lib\STM32F10x_StdPeriph_Driver\src\stm32f10x_usart.o
LOAD obj\Debug\lib\STM32F10x_StdPeriph_Driver\src\stm32f10x_wwdg.o
LOAD obj\Debug\lib\syscalls.o
LOAD obj\Debug\lib\Utilities\STM32vldiscovery.o
LOAD obj\Debug\main.o
LOAD obj\Debug\src\adc.o
LOAD obj\Debug\src\bus.o
LOAD obj\Debug\src\dac.o
LOAD obj\Debug\src\led.o
LOAD obj\Debug\src\pin.o
LOAD obj\Debug\src\tim.o
LOAD c:/_bin/codeblocks/armgnu/bin/../lib/gcc/arm-none-eabi/4.8.3/../../../../arm-none-eabi/lib/armv7-m\libstdc++.a
LOAD c:/_bin/codeblocks/armgnu/bin/../lib/gcc/arm-none-eabi/4.8.3/../../../../arm-none-eabi/lib/armv7-m\libm.a
START GROUP
LOAD c:/_bin/codeblocks/armgnu/bin/../lib/gcc/arm-none-eabi/4.8.3/armv7-m\libgcc.a
LOAD c:/_bin/codeblocks/armgnu/bin/../lib/gcc/arm-none-eabi/4.8.3/../../../../arm-none-eabi/lib/armv7-m\libc.a
END GROUP
LOAD c:/_bin/codeblocks/armgnu/bin/../lib/gcc/arm-none-eabi/4.8.3/armv7-m/crtend.o
LOAD c:/_bin/codeblocks/armgnu/bin/../lib/gcc/arm-none-eabi/4.8.3/armv7-m/crtn.o
                0x20002000                _estack = 0x20002000
                0x00000400                _Min_Heap_Size = 0x400
                0x00000800                _Min_Stack_Size = 0x800

.isr_vector     0x08000000      0x1d0
                0x08000000                . = ALIGN (0x4)
 *(.isr_vector)
 .isr_vector    0x08000000      0x1d0 obj\Debug\lib\CMSIS\CM3\DeviceSupport\ST\STM32F10x\startup\gcc_ride7\startup_stm32f10x_md_vl.o
                0x08000000                g_pfnVectors
                0x080001d0                . = ALIGN (0x4)

.text           0x080001d0    0x10850
                0x080001d0                . = ALIGN (0x4)
 *(.text)
 .text          0x080001d0       0x54 c:/_bin/codeblocks/armgnu/bin/../lib/gcc/arm-none-eabi/4.8.3/armv7-m/crtbegin.o
 .text          0x08000224     0x57ec c:/_bin/codeblocks/armgnu/bin/../lib/gcc/arm-none-eabi/4.8.3/../../../../arm-none-eabi/lib/armv7-m\libstdc++.a(cp-demangle.o)
                0x08005930                __cxa_demangle
                0x080059f4                __gcclibcxx_demangle_callback
 .text          0x08005a10      0x370 c:/_bin/codeblocks/armgnu/bin/../lib/gcc/arm-none-eabi/4.8.3/armv7-m\libgcc.a(_arm_addsubdf3.o)
                0x08005a10                __aeabi_drsub
                0x08005a18                __aeabi_dsub
                0x08005a18                __subdf3
                0x08005a1c                __aeabi_dadd
                0x08005a1c                __adddf3
                0x08005c94                __floatunsidf
                0x08005c94                __aeabi_ui2d
                0x08005cb4                __floatsidf
                0x08005cb4                __aeabi_i2d
                0x08005cd8                __aeabi_f2d
                0x08005cd8                __extendsfdf2
                0x08005d14                __floatundidf
                0x08005d14                __aeabi_ul2d
                0x08005d24                __floatdidf
                0x08005d24                __aeabi_l2d
 .text          0x08005d80      0x424 c:/_bin/codeblocks/armgnu/bin/../lib/gcc/arm-none-eabi/4.8.3/armv7-m\libgcc.a(_arm_muldivdf3.o)
                0x08005d80                __aeabi_dmul
                0x08005d80                __muldf3
                0x08005fd4                __divdf3
                0x08005fd4                __aeabi_ddiv
 .text          0x080061a4       0x50 c:/_bin/codeblocks/armgnu/bin/../lib/gcc/arm-none-eabi/4.8.3/armv7-m\libgcc.a(_arm_fixdfsi.o)
                0x080061a4                __aeabi_d2iz
                0x080061a4                __fixdfsi
 .text          0x080061f4      0xa28 c:/_bin/codeblocks/armgnu/bin/../lib/gcc/arm-none-eabi/4.8.3/armv7-m\libgcc.a(unwind-arm.o)
                0x080064d8                _Unwind_GetCFA
                0x080064dc                __gnu_Unwind_RaiseException
                0x0800653c                __gnu_Unwind_ForcedUnwind
                0x08006550                __gnu_Unwind_Resume
                0x08006594                __gnu_Unwind_Resume_or_Rethrow
                0x080065b0                _Unwind_Complete
                0x080065b4                _Unwind_DeleteException
                0x080065c4                _Unwind_VRS_Get
                0x08006614                _Unwind_VRS_Set
                0x08006664                __gnu_Unwind_Backtrace
                0x080069b8                __aeabi_unwind_cpp_pr0
                0x080069c0                __aeabi_unwind_cpp_pr1
                0x080069c8                __aeabi_unwind_cpp_pr2
                0x080069d0                _Unwind_VRS_Pop
 .text          0x08006c1c      0x1ac c:/_bin/codeblocks/armgnu/bin/../lib/gcc/arm-none-eabi/4.8.3/armv7-m\libgcc.a(libunwind.o)
                0x08006c1c                __restore_core_regs
                0x08006c1c                restore_core_regs
                0x08006c34                __gnu_Unwind_Restore_VFP
                0x08006c3c                __gnu_Unwind_Save_VFP
                0x08006c44                __gnu_Unwind_Restore_VFP_D
                0x08006c4c                __gnu_Unwind_Save_VFP_D
                0x08006c54                __gnu_Unwind_Restore_VFP_D_16_to_31
                0x08006c5c                __gnu_Unwind_Save_VFP_D_16_to_31
                0x08006c64                __gnu_Unwind_Restore_WMMXD
                0x08006ca8                __gnu_Unwind_Save_WMMXD
                0x08006cec                __gnu_Unwind_Restore_WMMXC
                0x08006d00                __gnu_Unwind_Save_WMMXC
                0x08006d14                ___Unwind_RaiseException
                0x08006d14                _Unwind_RaiseException
                0x08006d38                _Unwind_Resume
                0x08006d38                ___Unwind_Resume
                0x08006d5c                _Unwind_Resume_or_Rethrow
                0x08006d5c                ___Unwind_Resume_or_Rethrow
                0x08006d80                _Unwind_ForcedUnwind
                0x08006d80                ___Unwind_ForcedUnwind
                0x08006da4                ___Unwind_Backtrace
                0x08006da4                _Unwind_Backtrace
 .text          0x08006dc8      0x33c c:/_bin/codeblocks/armgnu/bin/../lib/gcc/arm-none-eabi/4.8.3/armv7-m\libgcc.a(pr-support.o)
                0x08006e1c                __gnu_unwind_execute
                0x080070ac                __gnu_unwind_frame
                0x080070d4                _Unwind_GetRegionStart
                0x080070e0                _Unwind_GetLanguageSpecificData
                0x080070f4                _Unwind_GetDataRelBase
                0x080070fc                _Unwind_GetTextRelBase
 .text          0x08007104      0x2e0 c:/_bin/codeblocks/armgnu/bin/../lib/gcc/arm-none-eabi/4.8.3/armv7-m\libgcc.a(unwind-c.o)
                0x08007304                __gcc_personality_v0
 .text          0x080073e4       0xec c:/_bin/codeblocks/armgnu/bin/../lib/gcc/arm-none-eabi/4.8.3/../../../../arm-none-eabi/lib/armv7-m\libc.a(lib_a-memcpy.o)
                0x080073e4                memcpy
 .text          0x080074d0      0x23c c:/_bin/codeblocks/armgnu/bin/../lib/gcc/arm-none-eabi/4.8.3/../../../../arm-none-eabi/lib/armv7-m\libc.a(lib_a-strcmp.o)
                0x080074d0                strcmp
 .text          0x0800770c      0x110 c:/_bin/codeblocks/armgnu/bin/../lib/gcc/arm-none-eabi/4.8.3/armv7-m\libgcc.a(_arm_cmpdf2.o)
                0x0800770c                __gtdf2
                0x0800770c                __gedf2
                0x08007714                __ltdf2
                0x08007714                __ledf2
                0x0800771c                __nedf2
                0x0800771c                __eqdf2
                0x0800771c                __cmpdf2
                0x08007798                __aeabi_cdrcmple
                0x080077a8                __aeabi_cdcmpeq
                0x080077a8                __aeabi_cdcmple
                0x080077b8                __aeabi_dcmpeq
                0x080077cc                __aeabi_dcmplt
                0x080077e0                __aeabi_dcmple
                0x080077f4                __aeabi_dcmpge
                0x08007808                __aeabi_dcmpgt
 .text          0x0800781c       0x2c c:/_bin/codeblocks/armgnu/bin/../lib/gcc/arm-none-eabi/4.8.3/armv7-m\libgcc.a(_aeabi_uldivmod.o)
                0x0800781c                __aeabi_uldivmod
 .text          0x08007848       0x60 c:/_bin/codeblocks/armgnu/bin/../lib/gcc/arm-none-eabi/4.8.3/armv7-m\libgcc.a(bpabi.o)
                0x08007848                __gnu_ldivmod_helper
                0x08007878                __gnu_uldivmod_helper
 .text          0x080078a8        0x4 c:/_bin/codeblocks/armgnu/bin/../lib/gcc/arm-none-eabi/4.8.3/armv7-m\libgcc.a(_dvmd_tls.o)
                0x080078a8                __aeabi_idiv0
                0x080078a8                __aeabi_ldiv0
 .text          0x080078ac      0x2a0 c:/_bin/codeblocks/armgnu/bin/../lib/gcc/arm-none-eabi/4.8.3/armv7-m\libgcc.a(_divdi3.o)
                0x080078ac                __divdi3
 .text          0x08007b4c      0x290 c:/_bin/codeblocks/armgnu/bin/../lib/gcc/arm-none-eabi/4.8.3/armv7-m\libgcc.a(_udivdi3.o)
                0x08007b4c                __udivdi3
 *(.text*)
 .text.Reset_Handler
                0x08007ddc       0x5c obj\Debug\lib\CMSIS\CM3\DeviceSupport\ST\STM32F10x\startup\gcc_ride7\startup_stm32f10x_md_vl.o
                0x08007ddc                Reset_Handler
 .text.Default_Handler
                0x08007e38        0x4 obj\Debug\lib\CMSIS\CM3\DeviceSupport\ST\STM32F10x\startup\gcc_ride7\startup_stm32f10x_md_vl.o
                0x08007e38                EXTI2_IRQHandler
                0x08007e38                DebugMon_Handler
                0x08007e38                TIM1_CC_IRQHandler
                0x08007e38                HardFault_Handler
                0x08007e38                SysTick_Handler
                0x08007e38                PVD_IRQHandler
                0x08007e38                PendSV_Handler
                0x08007e38                NMI_Handler
                0x08007e38                EXTI3_IRQHandler
                0x08007e38                EXTI0_IRQHandler
                0x08007e38                I2C2_EV_IRQHandler
                0x08007e38                TIM1_UP_TIM16_IRQHandler
                0x08007e38                UsageFault_Handler
                0x08007e38                SPI1_IRQHandler
                0x08007e38                TAMPER_IRQHandler
                0x08007e38                DMA1_Channel4_IRQHandler
                0x08007e38                ADC1_IRQHandler
                0x08007e38                USART3_IRQHandler
                0x08007e38                RTC_IRQHandler
                0x08007e38                DMA1_Channel7_IRQHandler
                0x08007e38                TIM4_IRQHandler
                0x08007e38                I2C1_EV_IRQHandler
                0x08007e38                DMA1_Channel6_IRQHandler
                0x08007e38                TIM3_IRQHandler
                0x08007e38                RCC_IRQHandler
                0x08007e38                DMA1_Channel1_IRQHandler
                0x08007e38                Default_Handler
                0x08007e38                CEC_IRQHandler
                0x08007e38                EXTI15_10_IRQHandler
                0x08007e38                TIM7_IRQHandler
                0x08007e38                EXTI9_5_IRQHandler
                0x08007e38                SPI2_IRQHandler
                0x08007e38                MemManage_Handler
                0x08007e38                SVC_Handler
                0x08007e38                DMA1_Channel5_IRQHandler
                0x08007e38                EXTI4_IRQHandler
                0x08007e38                TIM1_TRG_COM_TIM17_IRQHandler
                0x08007e38                DMA1_Channel3_IRQHandler
                0x08007e38                WWDG_IRQHandler
                0x08007e38                TIM2_IRQHandler
                0x08007e38                EXTI1_IRQHandler
                0x08007e38                RTCAlarm_IRQHandler
                0x08007e38                USART2_IRQHandler
                0x08007e38                I2C2_ER_IRQHandler
                0x08007e38                DMA1_Channel2_IRQHandler
                0x08007e38                FLASH_IRQHandler
                0x08007e38                BusFault_Handler
                0x08007e38                USART1_IRQHandler
                0x08007e38                I2C1_ER_IRQHandler
                0x08007e38                TIM1_BRK_TIM15_IRQHandler
 .text.SystemInit
                0x08007e3c       0x60 obj\Debug\lib\CMSIS\CM3\DeviceSupport\ST\STM32F10x\system_stm32f10x.o
                0x08007e3c                SystemInit
 .text.SetSysClock
                0x08007e9c        0xc obj\Debug\lib\CMSIS\CM3\DeviceSupport\ST\STM32F10x\system_stm32f10x.o
 .text.SetSysClockTo24
                0x08007ea8       0xd4 obj\Debug\lib\CMSIS\CM3\DeviceSupport\ST\STM32F10x\system_stm32f10x.o
 .text.ADC_DeInit
                0x08007f7c       0x98 obj\Debug\lib\STM32F10x_StdPeriph_Driver\src\stm32f10x_adc.o
                0x08007f7c                ADC_DeInit
 .text.ADC_Init
                0x08008014      0x22c obj\Debug\lib\STM32F10x_StdPeriph_Driver\src\stm32f10x_adc.o
                0x08008014                ADC_Init
 .text.ADC_Cmd  0x08008240       0x7c obj\Debug\lib\STM32F10x_StdPeriph_Driver\src\stm32f10x_adc.o
                0x08008240                ADC_Cmd
 .text.ADC_ResetCalibration
                0x080082bc       0x4c obj\Debug\lib\STM32F10x_StdPeriph_Driver\src\stm32f10x_adc.o
                0x080082bc                ADC_ResetCalibration
 .text.ADC_GetResetCalibrationStatus
                0x08008308       0x60 obj\Debug\lib\STM32F10x_StdPeriph_Driver\src\stm32f10x_adc.o
                0x08008308                ADC_GetResetCalibrationStatus
 .text.ADC_StartCalibration
                0x08008368       0x4c obj\Debug\lib\STM32F10x_StdPeriph_Driver\src\stm32f10x_adc.o
                0x08008368                ADC_StartCalibration
 .text.ADC_GetCalibrationStatus
                0x080083b4       0x60 obj\Debug\lib\STM32F10x_StdPeriph_Driver\src\stm32f10x_adc.o
                0x080083b4                ADC_GetCalibrationStatus
 .text.ADC_SoftwareStartConvCmd
                0x08008414       0x7c obj\Debug\lib\STM32F10x_StdPeriph_Driver\src\stm32f10x_adc.o
                0x08008414                ADC_SoftwareStartConvCmd
 .text.ADC_RegularChannelConfig
                0x08008490      0x27c obj\Debug\lib\STM32F10x_StdPeriph_Driver\src\stm32f10x_adc.o
                0x08008490                ADC_RegularChannelConfig
 .text.ADC_GetConversionValue
                0x0800870c       0x48 obj\Debug\lib\STM32F10x_StdPeriph_Driver\src\stm32f10x_adc.o
                0x0800870c                ADC_GetConversionValue
 .text.ADC_TempSensorVrefintCmd
                0x08008754       0x50 obj\Debug\lib\STM32F10x_StdPeriph_Driver\src\stm32f10x_adc.o
                0x08008754                ADC_TempSensorVrefintCmd
 .text.ADC_GetFlagStatus
                0x080087a4       0x8c obj\Debug\lib\STM32F10x_StdPeriph_Driver\src\stm32f10x_adc.o
                0x080087a4                ADC_GetFlagStatus
 .text.ADC_ClearFlag
                0x08008830       0x68 obj\Debug\lib\STM32F10x_StdPeriph_Driver\src\stm32f10x_adc.o
                0x08008830                ADC_ClearFlag
 .text.DAC_DeInit
                0x08008898       0x1c obj\Debug\lib\STM32F10x_StdPeriph_Driver\src\stm32f10x_dac.o
                0x08008898                DAC_DeInit
 .text.DAC_Cmd  0x080088b4       0x70 obj\Debug\lib\STM32F10x_StdPeriph_Driver\src\stm32f10x_dac.o
                0x080088b4                DAC_Cmd
 .text.GPIO_Init
                0x08008924      0x24c obj\Debug\lib\STM32F10x_StdPeriph_Driver\src\stm32f10x_gpio.o
                0x08008924                GPIO_Init
 .text.RCC_APB2PeriphClockCmd
                0x08008b70       0x70 obj\Debug\lib\STM32F10x_StdPeriph_Driver\src\stm32f10x_rcc.o
                0x08008b70                RCC_APB2PeriphClockCmd
 .text.RCC_APB1PeriphClockCmd
                0x08008be0       0x70 obj\Debug\lib\STM32F10x_StdPeriph_Driver\src\stm32f10x_rcc.o
                0x08008be0                RCC_APB1PeriphClockCmd
 .text.RCC_APB2PeriphResetCmd
                0x08008c50       0x70 obj\Debug\lib\STM32F10x_StdPeriph_Driver\src\stm32f10x_rcc.o
                0x08008c50                RCC_APB2PeriphResetCmd
 .text.RCC_APB1PeriphResetCmd
                0x08008cc0       0x70 obj\Debug\lib\STM32F10x_StdPeriph_Driver\src\stm32f10x_rcc.o
                0x08008cc0                RCC_APB1PeriphResetCmd
 .text.TIM_DeInit
                0x08008d30      0x2c0 obj\Debug\lib\STM32F10x_StdPeriph_Driver\src\stm32f10x_tim.o
                0x08008d30                TIM_DeInit
 .text.USART_SendData
                0x08008ff0       0x7c obj\Debug\lib\STM32F10x_StdPeriph_Driver\src\stm32f10x_usart.o
                0x08008ff0                USART_SendData
 .text.USART_ReceiveData
                0x0800906c       0x68 obj\Debug\lib\STM32F10x_StdPeriph_Driver\src\stm32f10x_usart.o
                0x0800906c                USART_ReceiveData
 .text.USART_GetFlagStatus
                0x080090d4       0xf4 obj\Debug\lib\STM32F10x_StdPeriph_Driver\src\stm32f10x_usart.o
                0x080090d4                USART_GetFlagStatus
 .text.uart_putc
                0x080091c8       0x30 obj\Debug\lib\syscalls.o
                0x080091c8                uart_putc
 .text.uart_getc
                0x080091f8       0x30 obj\Debug\lib\syscalls.o
                0x080091f8                uart_getc
 .text._read_r  0x08009228       0x3c obj\Debug\lib\syscalls.o
                0x08009228                _read_r
 .text._lseek_r
                0x08009264       0x1c obj\Debug\lib\syscalls.o
                0x08009264                _lseek_r
 .text._write_r
                0x08009280       0x4c obj\Debug\lib\syscalls.o
                0x08009280                _write_r
 .text._close_r
                0x080092cc       0x18 obj\Debug\lib\syscalls.o
                0x080092cc                _close_r
 .text._sbrk_r  0x080092e4       0x5c obj\Debug\lib\syscalls.o
                0x080092e4                _sbrk_r
 .text._fstat_r
                0x08009340       0x28 obj\Debug\lib\syscalls.o
                0x08009340                _fstat_r
 .text._isatty_r
                0x08009368       0x18 obj\Debug\lib\syscalls.o
                0x08009368                _isatty_r
 .text._getpid  0x08009380       0x10 obj\Debug\lib\syscalls.o
                0x08009380                _getpid
 .text._kill    0x08009390       0x20 obj\Debug\lib\syscalls.o
                0x08009390                _kill
 .text._exit    0x080093b0        0xc obj\Debug\lib\syscalls.o
                0x080093b0                _exit
 .text.STM32vldiscovery_LEDInit
                0x080093bc       0x5c obj\Debug\lib\Utilities\STM32vldiscovery.o
                0x080093bc                STM32vldiscovery_LEDInit
 .text.STM32vldiscovery_LEDOn
                0x08009418       0x30 obj\Debug\lib\Utilities\STM32vldiscovery.o
                0x08009418                STM32vldiscovery_LEDOn
 .text.STM32vldiscovery_LEDOff
                0x08009448       0x30 obj\Debug\lib\Utilities\STM32vldiscovery.o
                0x08009448                STM32vldiscovery_LEDOff
 .text.main     0x08009478       0xc0 obj\Debug\main.o
                0x08009478                main
 .text._Z5Delaym
                0x08009538       0x2c obj\Debug\main.o
                0x08009538                Delay(unsigned long)
 .text.TIM6_DAC_IRQHandler
                0x08009564        0xc obj\Debug\main.o
                0x08009564                TIM6_DAC_IRQHandler
 .text.assert_failed
                0x08009570        0xc obj\Debug\main.o
                0x08009570                assert_failed
 .text._ZN11ADConverterC2Ev
                0x0800957c       0x20 obj\Debug\src\adc.o
                0x0800957c                ADConverter::ADConverter()
                0x0800957c                ADConverter::ADConverter()
 .text._ZN12ADConverter1C2Ev
                0x0800959c       0x94 obj\Debug\src\adc.o
                0x0800959c                ADConverter1::ADConverter1()
                0x0800959c                ADConverter1::ADConverter1()
 .text._ZN12ADConverter15startEv
                0x08009630       0x7c obj\Debug\src\adc.o
                0x08009630                ADConverter1::start()
 .text._ZN12ADConverter14stopEv
                0x080096ac       0x1c obj\Debug\src\adc.o
                0x080096ac                ADConverter1::stop()
 .text._ZN12ADConverter14readEv
                0x080096c8       0x58 obj\Debug\src\adc.o
                0x080096c8                ADConverter1::read()
 .text._ZN12ADConverter1D2Ev
                0x08009720       0x34 obj\Debug\src\adc.o
                0x08009720                ADConverter1::~ADConverter1()
                0x08009720                ADConverter1::~ADConverter1()
 .text._ZN12ADConverter1D0Ev
                0x08009754       0x20 obj\Debug\src\adc.o
                0x08009754                ADConverter1::~ADConverter1()
 .text._ZN3PinI6APinIDE17setupSlowInAnalogEv
                0x08009774       0x34 obj\Debug\src\adc.o
                0x08009774                Pin<APinID>::setupSlowInAnalog()
 .text._ZN4APB16enableE12PeripheralID
                0x080097a8       0x18 obj\Debug\src\bus.o
                0x080097a8                APB1::enable(PeripheralID)
 .text._ZN4APB17disableE12PeripheralID
                0x080097c0       0x18 obj\Debug\src\bus.o
                0x080097c0                APB1::disable(PeripheralID)
 .text._ZN4APB26enableE12PeripheralID
                0x080097d8       0x18 obj\Debug\src\bus.o
                0x080097d8                APB2::enable(PeripheralID)
 .text._ZN4APB27disableE12PeripheralID
                0x080097f0       0x18 obj\Debug\src\bus.o
                0x080097f0                APB2::disable(PeripheralID)
 .text._ZN4APB2D2Ev
                0x08009808       0x28 obj\Debug\src\bus.o
                0x08009808                APB2::~APB2()
                0x08009808                APB2::~APB2()
 .text._ZN4APB2D0Ev
                0x08009830       0x20 obj\Debug\src\bus.o
                0x08009830                APB2::~APB2()
 .text._ZN4APB1D2Ev
                0x08009850       0x28 obj\Debug\src\bus.o
                0x08009850                APB1::~APB1()
                0x08009850                APB1::~APB1()
 .text._ZN4APB1D0Ev
                0x08009878       0x20 obj\Debug\src\bus.o
                0x08009878                APB1::~APB1()
 .text._Z41__static_initialization_and_destruction_0ii
                0x08009898       0x48 obj\Debug\src\bus.o
 .text._GLOBAL__sub_I_bus1
                0x080098e0       0x10 obj\Debug\src\bus.o
 .text._ZN3DacC2Ev
                0x080098f0       0x20 obj\Debug\src\dac.o
                0x080098f0                Dac::Dac()
                0x080098f0                Dac::Dac()
 .text._ZN4Dac1C2Ev
                0x08009910       0x7c obj\Debug\src\dac.o
                0x08009910                Dac1::Dac1()
                0x08009910                Dac1::Dac1()
 .text._ZN4Dac1D2Ev
                0x0800998c       0x2c obj\Debug\src\dac.o
                0x0800998c                Dac1::~Dac1()
                0x0800998c                Dac1::~Dac1()
 .text._ZN4Dac15startEv
                0x080099b8       0x18 obj\Debug\src\dac.o
                0x080099b8                Dac1::start()
 .text._ZN4Dac14stopEv
                0x080099d0       0x14 obj\Debug\src\dac.o
                0x080099d0                Dac1::stop()
 .text._ZN3Dac4tickEv
                0x080099e4       0xa8 obj\Debug\src\dac.o
                0x080099e4                Dac::tick()
 .text._ZN3PinI6APinIDE18setupSlowOutAnalogEv
                0x08009a8c       0x34 obj\Debug\src\dac.o
                0x08009a8c                Pin<APinID>::setupSlowOutAnalog()
 .text._ZN3LedC2E5LedID
                0x08009ac0       0x34 obj\Debug\src\led.o
                0x08009ac0                Led::Led(LedID)
                0x08009ac0                Led::Led(LedID)
 .text._ZN3Led2onEv
                0x08009af4       0x18 obj\Debug\src\led.o
                0x08009af4                Led::on()
 .text._ZN3Led3offEv
                0x08009b0c       0x18 obj\Debug\src\led.o
                0x08009b0c                Led::off()
 .text._ZN7PinBaseC2Eh
                0x08009b24       0x28 obj\Debug\src\pin.o
                0x08009b24                PinBase::PinBase(unsigned char)
                0x08009b24                PinBase::PinBase(unsigned char)
 .text._ZN3PinI6APinIDEC2ES0_
                0x08009b4c       0x48 obj\Debug\src\pin.o
                0x08009b4c                Pin<APinID>::Pin(APinID)
                0x08009b4c                Pin<APinID>::Pin(APinID)
 .text.NVIC_EnableIRQ
                0x08009b94       0x30 obj\Debug\src\tim.o
 .text._ZN5TimerC2Ev
                0x08009bc4       0x18 obj\Debug\src\tim.o
                0x08009bc4                Timer::Timer()
                0x08009bc4                Timer::Timer()
 .text._ZN6Timer6C2Ev
                0x08009bdc       0x74 obj\Debug\src\tim.o
                0x08009bdc                Timer6::Timer6()
                0x08009bdc                Timer6::Timer6()
 .text._ZN6Timer6D2Ev
                0x08009c50       0x1c obj\Debug\src\tim.o
                0x08009c50                Timer6::~Timer6()
                0x08009c50                Timer6::~Timer6()
 .text._ZN10__cxxabiv120__si_class_type_infoD2Ev
                0x08009c6c       0x14 c:/_bin/codeblocks/armgnu/bin/../lib/gcc/arm-none-eabi/4.8.3/../../../../arm-none-eabi/lib/armv7-m\libstdc++.a(si_class_type_info.o)
                0x08009c6c                __cxxabiv1::__si_class_type_info::~__si_class_type_info()
                0x08009c6c                __cxxabiv1::__si_class_type_info::~__si_class_type_info()
 .text._ZN10__cxxabiv120__si_class_type_infoD0Ev
                0x08009c80       0x1c c:/_bin/codeblocks/armgnu/bin/../lib/gcc/arm-none-eabi/4.8.3/../../../../arm-none-eabi/lib/armv7-m\libstdc++.a(si_class_type_info.o)
                0x08009c80                __cxxabiv1::__si_class_type_info::~__si_class_type_info()
 .text._ZNK10__cxxabiv120__si_class_type_info20__do_find_public_srcEiPKvPKNS_17__class_type_infoES2_
                0x08009c9c       0x34 c:/_bin/codeblocks/armgnu/bin/../lib/gcc/arm-none-eabi/4.8.3/../../../../arm-none-eabi/lib/armv7-m\libstdc++.a(si_class_type_info.o)
                0x08009c9c                __cxxabiv1::__si_class_type_info::__do_find_public_src(int, void const*, __cxxabiv1::__class_type_info const*, void const*) const
 .text._ZNK10__cxxabiv120__si_class_type_info12__do_dyncastEiNS_17__class_type_info10__sub_kindEPKS1_PKvS4_S6_RNS1_16__dyncast_resultE
                0x08009cd0       0x98 c:/_bin/codeblocks/armgnu/bin/../lib/gcc/arm-none-eabi/4.8.3/../../../../arm-none-eabi/lib/armv7-m\libstdc++.a(si_class_type_info.o)
                0x08009cd0                __cxxabiv1::__si_class_type_info::__do_dyncast(int, __cxxabiv1::__class_type_info::__sub_kind, __cxxabiv1::__class_type_info const*, void const*, __cxxabiv1::__class_type_info const*, void const*, __cxxabiv1::__class_type_info::__dyncast_result&) const
 .text._ZNK10__cxxabiv120__si_class_type_info11__do_upcastEPKNS_17__class_type_infoEPKvRNS1_15__upcast_resultE
                0x08009d68       0x20 c:/_bin/codeblocks/armgnu/bin/../lib/gcc/arm-none-eabi/4.8.3/../../../../arm-none-eabi/lib/armv7-m\libstdc++.a(si_class_type_info.o)
                0x08009d68                __cxxabiv1::__si_class_type_info::__do_upcast(__cxxabiv1::__class_type_info const*, void const*, __cxxabiv1::__class_type_info::__upcast_result&) const
 .text.__cxa_end_cleanup
                0x08009d88        0xc c:/_bin/codeblocks/armgnu/bin/../lib/gcc/arm-none-eabi/4.8.3/../../../../arm-none-eabi/lib/armv7-m\libstdc++.a(eh_arm.o)
                0x08009d88                __cxa_end_cleanup
 .text.__cxa_type_match
                0x08009d94       0xac c:/_bin/codeblocks/armgnu/bin/../lib/gcc/arm-none-eabi/4.8.3/../../../../arm-none-eabi/lib/armv7-m\libstdc++.a(eh_arm.o)
                0x08009d94                __cxa_type_match
 .text.__cxa_begin_cleanup
                0x08009e40       0x64 c:/_bin/codeblocks/armgnu/bin/../lib/gcc/arm-none-eabi/4.8.3/../../../../arm-none-eabi/lib/armv7-m\libstdc++.a(eh_arm.o)
                0x08009e40                __cxa_begin_cleanup
 .text.__gnu_end_cleanup
                0x08009ea4       0x70 c:/_bin/codeblocks/armgnu/bin/../lib/gcc/arm-none-eabi/4.8.3/../../../../arm-none-eabi/lib/armv7-m\libstdc++.a(eh_arm.o)
                0x08009ea4                __gnu_end_cleanup
 .text.__cxa_pure_virtual
                0x08009f14       0x14 c:/_bin/codeblocks/armgnu/bin/../lib/gcc/arm-none-eabi/4.8.3/../../../../arm-none-eabi/lib/armv7-m\libstdc++.a(pure.o)
                0x08009f14                __cxa_pure_virtual
 .text.__cxa_get_globals_fast
                0x08009f28        0x8 c:/_bin/codeblocks/armgnu/bin/../lib/gcc/arm-none-eabi/4.8.3/../../../../arm-none-eabi/lib/armv7-m\libstdc++.a(eh_globals.o)
                0x08009f28                __cxa_get_globals_fast
 .text.__cxa_get_globals
                0x08009f30        0x8 c:/_bin/codeblocks/armgnu/bin/../lib/gcc/arm-none-eabi/4.8.3/../../../../arm-none-eabi/lib/armv7-m\libstdc++.a(eh_globals.o)
                0x08009f30                __cxa_get_globals
 .text._ZNSt9exceptionD2Ev
                0x08009f38        0xc c:/_bin/codeblocks/armgnu/bin/../lib/gcc/arm-none-eabi/4.8.3/../../../../arm-none-eabi/lib/armv7-m\libstdc++.a(eh_exception.o)
                0x08009f38                std::exception::~exception()
                0x08009f38                std::exception::~exception()
 .text._ZNSt13bad_exceptionD2Ev
                0x08009f44        0xc c:/_bin/codeblocks/armgnu/bin/../lib/gcc/arm-none-eabi/4.8.3/../../../../arm-none-eabi/lib/armv7-m\libstdc++.a(eh_exception.o)
                0x08009f44                std::bad_exception::~bad_exception()
                0x08009f44                std::bad_exception::~bad_exception()
 .text._ZNKSt9exception4whatEv
                0x08009f50        0x8 c:/_bin/codeblocks/armgnu/bin/../lib/gcc/arm-none-eabi/4.8.3/../../../../arm-none-eabi/lib/armv7-m\libstdc++.a(eh_exception.o)
                0x08009f50                std::exception::what() const
 .text._ZNKSt13bad_exception4whatEv
                0x08009f58        0x8 c:/_bin/codeblocks/armgnu/bin/../lib/gcc/arm-none-eabi/4.8.3/../../../../arm-none-eabi/lib/armv7-m\libstdc++.a(eh_exception.o)
                0x08009f58                std::bad_exception::what() const
 .text._ZNSt9exceptionD0Ev
                0x08009f60       0x14 c:/_bin/codeblocks/armgnu/bin/../lib/gcc/arm-none-eabi/4.8.3/../../../../arm-none-eabi/lib/armv7-m\libstdc++.a(eh_exception.o)
                0x08009f60                std::exception::~exception()
 .text._ZNSt13bad_exceptionD0Ev
                0x08009f74       0x14 c:/_bin/codeblocks/armgnu/bin/../lib/gcc/arm-none-eabi/4.8.3/../../../../arm-none-eabi/lib/armv7-m\libstdc++.a(eh_exception.o)
                0x08009f74                std::bad_exception::~bad_exception()
 .text._ZdlPv   0x08009f88        0x8 c:/_bin/codeblocks/armgnu/bin/../lib/gcc/arm-none-eabi/4.8.3/../../../../arm-none-eabi/lib/armv7-m\libstdc++.a(del_op.o)
                0x08009f88                operator delete(void*)
 .text._ZNK10__cxxabiv117__class_type_info11__do_upcastEPKS0_PPv
                0x08009f90       0x38 c:/_bin/codeblocks/armgnu/bin/../lib/gcc/arm-none-eabi/4.8.3/../../../../arm-none-eabi/lib/armv7-m\libstdc++.a(class_type_info.o)
                0x08009f90                __cxxabiv1::__class_type_info::__do_upcast(__cxxabiv1::__class_type_info const*, void**) const
 .text._ZNK10__cxxabiv117__class_type_info20__do_find_public_srcEiPKvPKS0_S2_
                0x08009fc8        0xc c:/_bin/codeblocks/armgnu/bin/../lib/gcc/arm-none-eabi/4.8.3/../../../../arm-none-eabi/lib/armv7-m\libstdc++.a(class_type_info.o)
                0x08009fc8                __cxxabiv1::__class_type_info::__do_find_public_src(int, void const*, __cxxabiv1::__class_type_info const*, void const*) const
 .text._ZN10__cxxabiv117__class_type_infoD2Ev
                0x08009fd4       0x14 c:/_bin/codeblocks/armgnu/bin/../lib/gcc/arm-none-eabi/4.8.3/../../../../arm-none-eabi/lib/armv7-m\libstdc++.a(class_type_info.o)
                0x08009fd4                __cxxabiv1::__class_type_info::~__class_type_info()
                0x08009fd4                __cxxabiv1::__class_type_info::~__class_type_info()
 .text._ZN10__cxxabiv117__class_type_infoD0Ev
                0x08009fe8       0x1c c:/_bin/codeblocks/armgnu/bin/../lib/gcc/arm-none-eabi/4.8.3/../../../../arm-none-eabi/lib/armv7-m\libstdc++.a(class_type_info.o)
                0x08009fe8                __cxxabiv1::__class_type_info::~__class_type_info()
 .text._ZNK10__cxxabiv117__class_type_info11__do_upcastEPKS0_PKvRNS0_15__upcast_resultE
                0x0800a004       0x18 c:/_bin/codeblocks/armgnu/bin/../lib/gcc/arm-none-eabi/4.8.3/../../../../arm-none-eabi/lib/armv7-m\libstdc++.a(class_type_info.o)
                0x0800a004                __cxxabiv1::__class_type_info::__do_upcast(__cxxabiv1::__class_type_info const*, void const*, __cxxabiv1::__class_type_info::__upcast_result&) const
 .text._ZNK10__cxxabiv117__class_type_info10__do_catchEPKSt9type_infoPPvj
                0x0800a01c       0x24 c:/_bin/codeblocks/armgnu/bin/../lib/gcc/arm-none-eabi/4.8.3/../../../../arm-none-eabi/lib/armv7-m\libstdc++.a(class_type_info.o)
                0x0800a01c                __cxxabiv1::__class_type_info::__do_catch(std::type_info const*, void**, unsigned int) const
 .text._ZNK10__cxxabiv117__class_type_info12__do_dyncastEiNS0_10__sub_kindEPKS0_PKvS3_S5_RNS0_16__dyncast_resultE
                0x0800a040       0x40 c:/_bin/codeblocks/armgnu/bin/../lib/gcc/arm-none-eabi/4.8.3/../../../../arm-none-eabi/lib/armv7-m\libstdc++.a(class_type_info.o)
                0x0800a040                __cxxabiv1::__class_type_info::__do_dyncast(int, __cxxabiv1::__class_type_info::__sub_kind, __cxxabiv1::__class_type_info const*, void const*, __cxxabiv1::__class_type_info const*, void const*, __cxxabiv1::__class_type_info::__dyncast_result&) const
 .text.__aeabi_atexit
                0x0800a080        0xc c:/_bin/codeblocks/armgnu/bin/../lib/gcc/arm-none-eabi/4.8.3/../../../../arm-none-eabi/lib/armv7-m\libstdc++.a(atexit_arm.o)
                0x0800a080                __aeabi_atexit
 .text._ZL12read_sleb128PKhPl
                0x0800a08c       0x34 c:/_bin/codeblocks/armgnu/bin/../lib/gcc/arm-none-eabi/4.8.3/../../../../arm-none-eabi/lib/armv7-m\libstdc++.a(eh_personality.o)
 .text._ZL28read_encoded_value_with_basehjPKhPj
                0x0800a0c0       0xb0 c:/_bin/codeblocks/armgnu/bin/../lib/gcc/arm-none-eabi/4.8.3/../../../../arm-none-eabi/lib/armv7-m\libstdc++.a(eh_personality.o)
 .text._ZL21base_of_encoded_valuehP15_Unwind_Context
                0x0800a170       0x4c c:/_bin/codeblocks/armgnu/bin/../lib/gcc/arm-none-eabi/4.8.3/../../../../arm-none-eabi/lib/armv7-m\libstdc++.a(eh_personality.o)
 .text._ZL17parse_lsda_headerP15_Unwind_ContextPKhP16lsda_header_info
                0x0800a1bc       0x94 c:/_bin/codeblocks/armgnu/bin/../lib/gcc/arm-none-eabi/4.8.3/../../../../arm-none-eabi/lib/armv7-m\libstdc++.a(eh_personality.o)
 .text.__gxx_personality_v0
                0x0800a250      0x40c c:/_bin/codeblocks/armgnu/bin/../lib/gcc/arm-none-eabi/4.8.3/../../../../arm-none-eabi/lib/armv7-m\libstdc++.a(eh_personality.o)
                0x0800a250                __gxx_personality_v0
 .text._ZN10__cxxabiv111__terminateEPFvvE
                0x0800a65c       0x28 c:/_bin/codeblocks/armgnu/bin/../lib/gcc/arm-none-eabi/4.8.3/../../../../arm-none-eabi/lib/armv7-m\libstdc++.a(eh_terminate.o)
                0x0800a65c                __cxxabiv1::__terminate(void (*)())
 .text._ZSt9terminatev
                0x0800a684       0x10 c:/_bin/codeblocks/armgnu/bin/../lib/gcc/arm-none-eabi/4.8.3/../../../../arm-none-eabi/lib/armv7-m\libstdc++.a(eh_terminate.o)
                0x0800a684                std::terminate()
 .text._ZN10__cxxabiv112__unexpectedEPFvvE
                0x0800a694        0x8 c:/_bin/codeblocks/armgnu/bin/../lib/gcc/arm-none-eabi/4.8.3/../../../../arm-none-eabi/lib/armv7-m\libstdc++.a(eh_terminate.o)
                0x0800a694                __cxxabiv1::__unexpected(void (*)())
 .text._ZSt10unexpectedv
                0x0800a69c       0x10 c:/_bin/codeblocks/armgnu/bin/../lib/gcc/arm-none-eabi/4.8.3/../../../../arm-none-eabi/lib/armv7-m\libstdc++.a(eh_terminate.o)
                0x0800a69c                std::unexpected()
 .text._ZNSt9type_infoD2Ev
                0x0800a6ac        0xc c:/_bin/codeblocks/armgnu/bin/../lib/gcc/arm-none-eabi/4.8.3/../../../../arm-none-eabi/lib/armv7-m\libstdc++.a(tinfo.o)
                0x0800a6ac                std::type_info::~type_info()
                0x0800a6ac                std::type_info::~type_info()
 .text._ZNKSt9type_info14__is_pointer_pEv
                0x0800a6b8        0x4 c:/_bin/codeblocks/armgnu/bin/../lib/gcc/arm-none-eabi/4.8.3/../../../../arm-none-eabi/lib/armv7-m\libstdc++.a(tinfo.o)
                0x0800a6b8                std::type_info::__is_pointer_p() const
 .text._ZNKSt9type_info15__is_function_pEv
                0x0800a6bc        0x4 c:/_bin/codeblocks/armgnu/bin/../lib/gcc/arm-none-eabi/4.8.3/../../../../arm-none-eabi/lib/armv7-m\libstdc++.a(tinfo.o)
                0x0800a6bc                std::type_info::__is_function_p() const
 .text._ZNKSt9type_info11__do_upcastEPKN10__cxxabiv117__class_type_infoEPPv
                0x0800a6c0        0x4 c:/_bin/codeblocks/armgnu/bin/../lib/gcc/arm-none-eabi/4.8.3/../../../../arm-none-eabi/lib/armv7-m\libstdc++.a(tinfo.o)
                0x0800a6c0                std::type_info::__do_upcast(__cxxabiv1::__class_type_info const*, void**) const
 .text._ZNSt9type_infoD0Ev
                0x0800a6c4       0x14 c:/_bin/codeblocks/armgnu/bin/../lib/gcc/arm-none-eabi/4.8.3/../../../../arm-none-eabi/lib/armv7-m\libstdc++.a(tinfo.o)
                0x0800a6c4                std::type_info::~type_info()
 .text._ZNKSt9type_infoeqERKS_
                0x0800a6d8       0x28 c:/_bin/codeblocks/armgnu/bin/../lib/gcc/arm-none-eabi/4.8.3/../../../../arm-none-eabi/lib/armv7-m\libstdc++.a(tinfo.o)
                0x0800a6d8                std::type_info::operator==(std::type_info const&) const
 .text._ZNKSt9type_info10__do_catchEPKS_PPvj
                0x0800a700        0x4 c:/_bin/codeblocks/armgnu/bin/../lib/gcc/arm-none-eabi/4.8.3/../../../../arm-none-eabi/lib/armv7-m\libstdc++.a(tinfo.o)
                0x0800a700                std::type_info::__do_catch(std::type_info const*, void**, unsigned int) const
 .text._ZN10__cxxabiv1L24__is_gxx_exception_classEPc
                0x0800a704       0x3c c:/_bin/codeblocks/armgnu/bin/../lib/gcc/arm-none-eabi/4.8.3/../../../../arm-none-eabi/lib/armv7-m\libstdc++.a(eh_call.o)
 .text.__cxa_call_terminate
                0x0800a740       0x20 c:/_bin/codeblocks/armgnu/bin/../lib/gcc/arm-none-eabi/4.8.3/../../../../arm-none-eabi/lib/armv7-m\libstdc++.a(eh_call.o)
                0x0800a740                __cxa_call_terminate
 .text.__cxa_call_unexpected
                0x0800a760       0xd8 c:/_bin/codeblocks/armgnu/bin/../lib/gcc/arm-none-eabi/4.8.3/../../../../arm-none-eabi/lib/armv7-m\libstdc++.a(eh_call.o)
                0x0800a760                __cxa_call_unexpected
 .text.__cxa_begin_catch
                0x0800a838       0x8c c:/_bin/codeblocks/armgnu/bin/../lib/gcc/arm-none-eabi/4.8.3/../../../../arm-none-eabi/lib/armv7-m\libstdc++.a(eh_catch.o)
                0x0800a838                __cxa_begin_catch
 .text.__cxa_end_catch
                0x0800a8c4       0x8c c:/_bin/codeblocks/armgnu/bin/../lib/gcc/arm-none-eabi/4.8.3/../../../../arm-none-eabi/lib/armv7-m\libstdc++.a(eh_catch.o)
                0x0800a8c4                __cxa_end_catch
 .text._ZL23__gxx_exception_cleanup19_Unwind_Reason_CodeP21_Unwind_Control_Block
                0x0800a950       0x44 c:/_bin/codeblocks/armgnu/bin/../lib/gcc/arm-none-eabi/4.8.3/../../../../arm-none-eabi/lib/armv7-m\libstdc++.a(eh_throw.o)
 .text.__cxa_throw
                0x0800a994       0x80 c:/_bin/codeblocks/armgnu/bin/../lib/gcc/arm-none-eabi/4.8.3/../../../../arm-none-eabi/lib/armv7-m\libstdc++.a(eh_throw.o)
                0x0800a994                __cxa_throw
 .text.__cxa_rethrow
                0x0800aa14       0x70 c:/_bin/codeblocks/armgnu/bin/../lib/gcc/arm-none-eabi/4.8.3/../../../../arm-none-eabi/lib/armv7-m\libstdc++.a(eh_throw.o)
                0x0800aa14                __cxa_rethrow
 .text.__cxa_allocate_exception
                0x0800aa84       0x64 c:/_bin/codeblocks/armgnu/bin/../lib/gcc/arm-none-eabi/4.8.3/../../../../arm-none-eabi/lib/armv7-m\libstdc++.a(eh_alloc.o)
                0x0800aa84                __cxa_allocate_exception
 .text.__cxa_free_exception
                0x0800aae8       0x34 c:/_bin/codeblocks/armgnu/bin/../lib/gcc/arm-none-eabi/4.8.3/../../../../arm-none-eabi/lib/armv7-m\libstdc++.a(eh_alloc.o)
                0x0800aae8                __cxa_free_exception
 .text._ZN9__gnu_cxx27__verbose_terminate_handlerEv
                0x0800ab1c      0x114 c:/_bin/codeblocks/armgnu/bin/../lib/gcc/arm-none-eabi/4.8.3/../../../../arm-none-eabi/lib/armv7-m\libstdc++.a(vterminate.o)
                0x0800ab1c                __gnu_cxx::__verbose_terminate_handler()
 .text.__cxa_current_exception_type
                0x0800ac30       0x1c c:/_bin/codeblocks/armgnu/bin/../lib/gcc/arm-none-eabi/4.8.3/../../../../arm-none-eabi/lib/armv7-m\libstdc++.a(eh_type.o)
                0x0800ac30                __cxa_current_exception_type
 .text.abort    0x0800ac4c       0x10 c:/_bin/codeblocks/armgnu/bin/../lib/gcc/arm-none-eabi/4.8.3/../../../../arm-none-eabi/lib/armv7-m\libc.a(lib_a-abort.o)
                0x0800ac4c                abort
 .text.__cxa_atexit
                0x0800ac5c       0x14 c:/_bin/codeblocks/armgnu/bin/../lib/gcc/arm-none-eabi/4.8.3/../../../../arm-none-eabi/lib/armv7-m\libc.a(lib_a-cxa_atexit.o)
                0x0800ac5c                __cxa_atexit
 .text.__errno  0x0800ac70        0xc c:/_bin/codeblocks/armgnu/bin/../lib/gcc/arm-none-eabi/4.8.3/../../../../arm-none-eabi/lib/armv7-m\libc.a(lib_a-errno.o)
                0x0800ac70                __errno
 .text.__libc_fini_array
                0x0800ac7c       0x30 c:/_bin/codeblocks/armgnu/bin/../lib/gcc/arm-none-eabi/4.8.3/../../../../arm-none-eabi/lib/armv7-m\libc.a(lib_a-fini.o)
                0x0800ac7c                __libc_fini_array
 .text.fputc    0x0800acac       0x28 c:/_bin/codeblocks/armgnu/bin/../lib/gcc/arm-none-eabi/4.8.3/../../../../arm-none-eabi/lib/armv7-m\libc.a(lib_a-fputc.o)
                0x0800acac                fputc
 .text._fputs_r
                0x0800acd4       0x4c c:/_bin/codeblocks/armgnu/bin/../lib/gcc/arm-none-eabi/4.8.3/../../../../arm-none-eabi/lib/armv7-m\libc.a(lib_a-fputs.o)
                0x0800acd4                _fputs_r
 .text.fputs    0x0800ad20       0x10 c:/_bin/codeblocks/armgnu/bin/../lib/gcc/arm-none-eabi/4.8.3/../../../../arm-none-eabi/lib/armv7-m\libc.a(lib_a-fputs.o)
                0x0800ad20                fputs
 .text.__sfvwrite_r
                0x0800ad30      0x314 c:/_bin/codeblocks/armgnu/bin/../lib/gcc/arm-none-eabi/4.8.3/../../../../arm-none-eabi/lib/armv7-m\libc.a(lib_a-fvwrite.o)
                0x0800ad30                __sfvwrite_r
 .text._fwrite_r
                0x0800b044       0x64 c:/_bin/codeblocks/armgnu/bin/../lib/gcc/arm-none-eabi/4.8.3/../../../../arm-none-eabi/lib/armv7-m\libc.a(lib_a-fwrite.o)
                0x0800b044                _fwrite_r
 .text.fwrite   0x0800b0a8       0x24 c:/_bin/codeblocks/armgnu/bin/../lib/gcc/arm-none-eabi/4.8.3/../../../../arm-none-eabi/lib/armv7-m\libc.a(lib_a-fwrite.o)
                0x0800b0a8                fwrite
 .text.__libc_init_array
                0x0800b0cc       0x50 c:/_bin/codeblocks/armgnu/bin/../lib/gcc/arm-none-eabi/4.8.3/../../../../arm-none-eabi/lib/armv7-m\libc.a(lib_a-init.o)
                0x0800b0cc                __libc_init_array
 .text.malloc   0x0800b11c       0x10 c:/_bin/codeblocks/armgnu/bin/../lib/gcc/arm-none-eabi/4.8.3/../../../../arm-none-eabi/lib/armv7-m\libc.a(lib_a-malloc.o)
                0x0800b11c                malloc
 .text.free     0x0800b12c       0x10 c:/_bin/codeblocks/armgnu/bin/../lib/gcc/arm-none-eabi/4.8.3/../../../../arm-none-eabi/lib/armv7-m\libc.a(lib_a-malloc.o)
                0x0800b12c                free
 .text._malloc_r
                0x0800b13c      0x538 c:/_bin/codeblocks/armgnu/bin/../lib/gcc/arm-none-eabi/4.8.3/../../../../arm-none-eabi/lib/armv7-m\libc.a(lib_a-mallocr.o)
                0x0800b13c                _malloc_r
 .text.memchr   0x0800b674       0x94 c:/_bin/codeblocks/armgnu/bin/../lib/gcc/arm-none-eabi/4.8.3/../../../../arm-none-eabi/lib/armv7-m\libc.a(lib_a-memchr-stub.o)
                0x0800b674                memchr
 .text.memcmp   0x0800b708       0x68 c:/_bin/codeblocks/armgnu/bin/../lib/gcc/arm-none-eabi/4.8.3/../../../../arm-none-eabi/lib/armv7-m\libc.a(lib_a-memcmp.o)
                0x0800b708                memcmp
 .text.memmove  0x0800b770       0xcc c:/_bin/codeblocks/armgnu/bin/../lib/gcc/arm-none-eabi/4.8.3/../../../../arm-none-eabi/lib/armv7-m\libc.a(lib_a-memmove.o)
                0x0800b770                memmove
 .text.memset   0x0800b83c       0x94 c:/_bin/codeblocks/armgnu/bin/../lib/gcc/arm-none-eabi/4.8.3/../../../../arm-none-eabi/lib/armv7-m\libc.a(lib_a-memset.o)
                0x0800b83c                memset
 .text.__malloc_lock
                0x0800b8d0        0x4 c:/_bin/codeblocks/armgnu/bin/../lib/gcc/arm-none-eabi/4.8.3/../../../../arm-none-eabi/lib/armv7-m\libc.a(lib_a-mlock.o)
                0x0800b8d0                __malloc_lock
 .text.__malloc_unlock
                0x0800b8d4        0x4 c:/_bin/codeblocks/armgnu/bin/../lib/gcc/arm-none-eabi/4.8.3/../../../../arm-none-eabi/lib/armv7-m\libc.a(lib_a-mlock.o)
                0x0800b8d4                __malloc_unlock
 .text._putc_r  0x0800b8d8       0x58 c:/_bin/codeblocks/armgnu/bin/../lib/gcc/arm-none-eabi/4.8.3/../../../../arm-none-eabi/lib/armv7-m\libc.a(lib_a-putc.o)
                0x0800b8d8                _putc_r
 .text.realloc  0x0800b930       0x10 c:/_bin/codeblocks/armgnu/bin/../lib/gcc/arm-none-eabi/4.8.3/../../../../arm-none-eabi/lib/armv7-m\libc.a(lib_a-realloc.o)
                0x0800b930                realloc
 .text._realloc_r
                0x0800b940      0x3c0 c:/_bin/codeblocks/armgnu/bin/../lib/gcc/arm-none-eabi/4.8.3/../../../../arm-none-eabi/lib/armv7-m\libc.a(lib_a-reallocr.o)
                0x0800b940                _realloc_r
 .text._raise_r
                0x0800bd00       0x58 c:/_bin/codeblocks/armgnu/bin/../lib/gcc/arm-none-eabi/4.8.3/../../../../arm-none-eabi/lib/armv7-m\libc.a(lib_a-signal.o)
                0x0800bd00                _raise_r
 .text.raise    0x0800bd58       0x10 c:/_bin/codeblocks/armgnu/bin/../lib/gcc/arm-none-eabi/4.8.3/../../../../arm-none-eabi/lib/armv7-m\libc.a(lib_a-signal.o)
                0x0800bd58                raise
 .text._kill_r  0x0800bd68       0x28 c:/_bin/codeblocks/armgnu/bin/../lib/gcc/arm-none-eabi/4.8.3/../../../../arm-none-eabi/lib/armv7-m\libc.a(lib_a-signalr.o)
                0x0800bd68                _kill_r
 .text._getpid_r
                0x0800bd90        0x4 c:/_bin/codeblocks/armgnu/bin/../lib/gcc/arm-none-eabi/4.8.3/../../../../arm-none-eabi/lib/armv7-m\libc.a(lib_a-signalr.o)
                0x0800bd90                _getpid_r
 .text.sprintf  0x0800bd94       0x4c c:/_bin/codeblocks/armgnu/bin/../lib/gcc/arm-none-eabi/4.8.3/../../../../arm-none-eabi/lib/armv7-m\libc.a(lib_a-sprintf.o)
                0x0800bd94                sprintf
 .text.strlen   0x0800bde0       0x60 c:/_bin/codeblocks/armgnu/bin/../lib/gcc/arm-none-eabi/4.8.3/../../../../arm-none-eabi/lib/armv7-m\libc.a(lib_a-strlen.o)
                0x0800bde0                strlen
 .text.strncmp  0x0800be40       0xb4 c:/_bin/codeblocks/armgnu/bin/../lib/gcc/arm-none-eabi/4.8.3/../../../../arm-none-eabi/lib/armv7-m\libc.a(lib_a-strncmp.o)
                0x0800be40                strncmp
 .text._svfprintf_r
                0x0800bef4     0x14e0 c:/_bin/codeblocks/armgnu/bin/../lib/gcc/arm-none-eabi/4.8.3/../../../../arm-none-eabi/lib/armv7-m\libc.a(lib_a-svfprintf.o)
                0x0800bef4                _svfprintf_r
 .text.write    0x0800d3d4       0x18 c:/_bin/codeblocks/armgnu/bin/../lib/gcc/arm-none-eabi/4.8.3/../../../../arm-none-eabi/lib/armv7-m\libc.a(lib_a-syswrite.o)
                0x0800d3d4                write
 .text.__swbuf_r
                0x0800d3ec       0xa8 c:/_bin/codeblocks/armgnu/bin/../lib/gcc/arm-none-eabi/4.8.3/../../../../arm-none-eabi/lib/armv7-m\libc.a(lib_a-wbuf.o)
                0x0800d3ec                __swbuf_r
 .text.__swsetup_r
                0x0800d494       0xc4 c:/_bin/codeblocks/armgnu/bin/../lib/gcc/arm-none-eabi/4.8.3/../../../../arm-none-eabi/lib/armv7-m\libc.a(lib_a-wsetup.o)
                0x0800d494                __swsetup_r
 .text.__register_exitproc
                0x0800d558       0xa8 c:/_bin/codeblocks/armgnu/bin/../lib/gcc/arm-none-eabi/4.8.3/../../../../arm-none-eabi/lib/armv7-m\libc.a(lib_a-__atexit.o)
                0x0800d558                __register_exitproc
 .text.startup.register_fini
                0x0800d600       0x14 c:/_bin/codeblocks/armgnu/bin/../lib/gcc/arm-none-eabi/4.8.3/../../../../arm-none-eabi/lib/armv7-m\libc.a(lib_a-__call_atexit.o)
 .text.atexit   0x0800d614        0xc c:/_bin/codeblocks/armgnu/bin/../lib/gcc/arm-none-eabi/4.8.3/../../../../arm-none-eabi/lib/armv7-m\libc.a(lib_a-atexit.o)
                0x0800d614                atexit
 .text.quorem   0x0800d620      0x134 c:/_bin/codeblocks/armgnu/bin/../lib/gcc/arm-none-eabi/4.8.3/../../../../arm-none-eabi/lib/armv7-m\libc.a(lib_a-dtoa.o)
 *fill*         0x0800d754        0x4 
 .text._dtoa_r  0x0800d758      0xe38 c:/_bin/codeblocks/armgnu/bin/../lib/gcc/arm-none-eabi/4.8.3/../../../../arm-none-eabi/lib/armv7-m\libc.a(lib_a-dtoa.o)
                0x0800d758                _dtoa_r
 .text.__sflush_r
                0x0800e590      0x148 c:/_bin/codeblocks/armgnu/bin/../lib/gcc/arm-none-eabi/4.8.3/../../../../arm-none-eabi/lib/armv7-m\libc.a(lib_a-fflush.o)
                0x0800e590                __sflush_r
 .text._fflush_r
                0x0800e6d8       0x2c c:/_bin/codeblocks/armgnu/bin/../lib/gcc/arm-none-eabi/4.8.3/../../../../arm-none-eabi/lib/armv7-m\libc.a(lib_a-fflush.o)
                0x0800e6d8                _fflush_r
 .text._cleanup_r
                0x0800e704        0xc c:/_bin/codeblocks/armgnu/bin/../lib/gcc/arm-none-eabi/4.8.3/../../../../arm-none-eabi/lib/armv7-m\libc.a(lib_a-findfp.o)
                0x0800e704                _cleanup_r
 .text.__sinit  0x0800e710       0xf4 c:/_bin/codeblocks/armgnu/bin/../lib/gcc/arm-none-eabi/4.8.3/../../../../arm-none-eabi/lib/armv7-m\libc.a(lib_a-findfp.o)
                0x0800e710                __sinit
 .text.__sfp_lock_acquire
                0x0800e804        0x4 c:/_bin/codeblocks/armgnu/bin/../lib/gcc/arm-none-eabi/4.8.3/../../../../arm-none-eabi/lib/armv7-m\libc.a(lib_a-findfp.o)
                0x0800e804                __sfp_lock_acquire
 .text.__sfp_lock_release
                0x0800e808        0x4 c:/_bin/codeblocks/armgnu/bin/../lib/gcc/arm-none-eabi/4.8.3/../../../../arm-none-eabi/lib/armv7-m\libc.a(lib_a-findfp.o)
                0x0800e808                __sfp_lock_release
 .text._malloc_trim_r
                0x0800e80c       0x9c c:/_bin/codeblocks/armgnu/bin/../lib/gcc/arm-none-eabi/4.8.3/../../../../arm-none-eabi/lib/armv7-m\libc.a(lib_a-freer.o)
                0x0800e80c                _malloc_trim_r
 .text._free_r  0x0800e8a8      0x198 c:/_bin/codeblocks/armgnu/bin/../lib/gcc/arm-none-eabi/4.8.3/../../../../arm-none-eabi/lib/armv7-m\libc.a(lib_a-freer.o)
                0x0800e8a8                _free_r
 .text._fwalk   0x0800ea40       0x48 c:/_bin/codeblocks/armgnu/bin/../lib/gcc/arm-none-eabi/4.8.3/../../../../arm-none-eabi/lib/armv7-m\libc.a(lib_a-fwalk.o)
                0x0800ea40                _fwalk
 .text._localeconv_r
                0x0800ea88        0x8 c:/_bin/codeblocks/armgnu/bin/../lib/gcc/arm-none-eabi/4.8.3/../../../../arm-none-eabi/lib/armv7-m\libc.a(lib_a-locale.o)
                0x0800ea88                _localeconv_r
 .text.__smakebuf_r
                0x0800ea90       0xe0 c:/_bin/codeblocks/armgnu/bin/../lib/gcc/arm-none-eabi/4.8.3/../../../../arm-none-eabi/lib/armv7-m\libc.a(lib_a-makebuf.o)
                0x0800ea90                __smakebuf_r
 .text._Balloc  0x0800eb70       0x4c c:/_bin/codeblocks/armgnu/bin/../lib/gcc/arm-none-eabi/4.8.3/../../../../arm-none-eabi/lib/armv7-m\libc.a(lib_a-mprec.o)
                0x0800eb70                _Balloc
 .text._Bfree   0x0800ebbc       0x14 c:/_bin/codeblocks/armgnu/bin/../lib/gcc/arm-none-eabi/4.8.3/../../../../arm-none-eabi/lib/armv7-m\libc.a(lib_a-mprec.o)
                0x0800ebbc                _Bfree
 .text.__multadd
                0x0800ebd0       0x94 c:/_bin/codeblocks/armgnu/bin/../lib/gcc/arm-none-eabi/4.8.3/../../../../arm-none-eabi/lib/armv7-m\libc.a(lib_a-mprec.o)
                0x0800ebd0                __multadd
 .text.__hi0bits
                0x0800ec64       0x40 c:/_bin/codeblocks/armgnu/bin/../lib/gcc/arm-none-eabi/4.8.3/../../../../arm-none-eabi/lib/armv7-m\libc.a(lib_a-mprec.o)
                0x0800ec64                __hi0bits
 .text.__lo0bits
                0x0800eca4       0x5c c:/_bin/codeblocks/armgnu/bin/../lib/gcc/arm-none-eabi/4.8.3/../../../../arm-none-eabi/lib/armv7-m\libc.a(lib_a-mprec.o)
                0x0800eca4                __lo0bits
 .text.__i2b    0x0800ed00       0x14 c:/_bin/codeblocks/armgnu/bin/../lib/gcc/arm-none-eabi/4.8.3/../../../../arm-none-eabi/lib/armv7-m\libc.a(lib_a-mprec.o)
                0x0800ed00                __i2b
 .text.__multiply
                0x0800ed14      0x13c c:/_bin/codeblocks/armgnu/bin/../lib/gcc/arm-none-eabi/4.8.3/../../../../arm-none-eabi/lib/armv7-m\libc.a(lib_a-mprec.o)
                0x0800ed14                __multiply
 .text.__pow5mult
                0x0800ee50       0x9c c:/_bin/codeblocks/armgnu/bin/../lib/gcc/arm-none-eabi/4.8.3/../../../../arm-none-eabi/lib/armv7-m\libc.a(lib_a-mprec.o)
                0x0800ee50                __pow5mult
 .text.__lshift
                0x0800eeec       0xbc c:/_bin/codeblocks/armgnu/bin/../lib/gcc/arm-none-eabi/4.8.3/../../../../arm-none-eabi/lib/armv7-m\libc.a(lib_a-mprec.o)
                0x0800eeec                __lshift
 .text.__mcmp   0x0800efa8       0x48 c:/_bin/codeblocks/armgnu/bin/../lib/gcc/arm-none-eabi/4.8.3/../../../../arm-none-eabi/lib/armv7-m\libc.a(lib_a-mprec.o)
                0x0800efa8                __mcmp
 .text.__mdiff  0x0800eff0       0xd8 c:/_bin/codeblocks/armgnu/bin/../lib/gcc/arm-none-eabi/4.8.3/../../../../arm-none-eabi/lib/armv7-m\libc.a(lib_a-mprec.o)
                0x0800eff0                __mdiff
 .text.__d2b    0x0800f0c8       0xbc c:/_bin/codeblocks/armgnu/bin/../lib/gcc/arm-none-eabi/4.8.3/../../../../arm-none-eabi/lib/armv7-m\libc.a(lib_a-mprec.o)
                0x0800f0c8                __d2b
 .text.__fpclassifyd
                0x0800f184       0x50 c:/_bin/codeblocks/armgnu/bin/../lib/gcc/arm-none-eabi/4.8.3/../../../../arm-none-eabi/lib/armv7-m\libc.a(lib_a-s_fpclassify.o)
                0x0800f184                __fpclassifyd
 .text.__sread  0x0800f1d4       0x24 c:/_bin/codeblocks/armgnu/bin/../lib/gcc/arm-none-eabi/4.8.3/../../../../arm-none-eabi/lib/armv7-m\libc.a(lib_a-stdio.o)
                0x0800f1d4                __sread
 .text.__swrite
                0x0800f1f8       0x38 c:/_bin/codeblocks/armgnu/bin/../lib/gcc/arm-none-eabi/4.8.3/../../../../arm-none-eabi/lib/armv7-m\libc.a(lib_a-stdio.o)
                0x0800f1f8                __swrite
 .text.__sseek  0x0800f230       0x24 c:/_bin/codeblocks/armgnu/bin/../lib/gcc/arm-none-eabi/4.8.3/../../../../arm-none-eabi/lib/armv7-m\libc.a(lib_a-stdio.o)
                0x0800f230                __sseek
 .text.__sclose
                0x0800f254        0x8 c:/_bin/codeblocks/armgnu/bin/../lib/gcc/arm-none-eabi/4.8.3/../../../../arm-none-eabi/lib/armv7-m\libc.a(lib_a-stdio.o)
                0x0800f254                __sclose
 .text.__ssprint_r
                0x0800f25c      0x100 c:/_bin/codeblocks/armgnu/bin/../lib/gcc/arm-none-eabi/4.8.3/../../../../arm-none-eabi/lib/armv7-m\libc.a(lib_a-svfiprintf.o)
                0x0800f25c                __ssprint_r
 .text._calloc_r
                0x0800f35c       0x60 c:/_bin/codeblocks/armgnu/bin/../lib/gcc/arm-none-eabi/4.8.3/../../../../arm-none-eabi/lib/armv7-m\libc.a(lib_a-callocr.o)
                0x0800f35c                _calloc_r
 .text._fclose_r
                0x0800f3bc       0x80 c:/_bin/codeblocks/armgnu/bin/../lib/gcc/arm-none-eabi/4.8.3/../../../../arm-none-eabi/lib/armv7-m\libc.a(lib_a-fclose.o)
                0x0800f3bc                _fclose_r
 .text.fclose   0x0800f43c       0x10 c:/_bin/codeblocks/armgnu/bin/../lib/gcc/arm-none-eabi/4.8.3/../../../../arm-none-eabi/lib/armv7-m\libc.a(lib_a-fclose.o)
                0x0800f43c                fclose
 *(.rodata)
 .rodata        0x0800f44c       0x34 obj\Debug\lib\STM32F10x_StdPeriph_Driver\src\stm32f10x_adc.o
 .rodata        0x0800f480       0x34 obj\Debug\lib\STM32F10x_StdPeriph_Driver\src\stm32f10x_dac.o
 .rodata        0x0800f4b4       0x34 obj\Debug\lib\STM32F10x_StdPeriph_Driver\src\stm32f10x_gpio.o
 .rodata        0x0800f4e8       0x34 obj\Debug\lib\STM32F10x_StdPeriph_Driver\src\stm32f10x_rcc.o
 .rodata        0x0800f51c       0x34 obj\Debug\lib\STM32F10x_StdPeriph_Driver\src\stm32f10x_tim.o
 .rodata        0x0800f550       0x38 obj\Debug\lib\STM32F10x_StdPeriph_Driver\src\stm32f10x_usart.o
 .rodata        0x0800f588      0x738 c:/_bin/codeblocks/armgnu/bin/../lib/gcc/arm-none-eabi/4.8.3/../../../../arm-none-eabi/lib/armv7-m\libstdc++.a(cp-demangle.o)
 *(.rodata*)
 .rodata.GPIO_PIN
                0x0800fcc0        0x4 obj\Debug\lib\Utilities\STM32vldiscovery.o
                0x0800fcc0                GPIO_PIN
 .rodata.GPIO_CLK
                0x0800fcc4        0x8 obj\Debug\lib\Utilities\STM32vldiscovery.o
                0x0800fcc4                GPIO_CLK
 *fill*         0x0800fccc        0x4 
 .rodata._ZTV12ADConverter1
                0x0800fcd0       0x18 obj\Debug\src\adc.o
                0x0800fcd0                vtable for ADConverter1
 .rodata._ZTV11ADConverter
                0x0800fce8       0x10 obj\Debug\src\adc.o
                0x0800fce8                vtable for ADConverter
 .rodata._ZTI12ADConverter1
                0x0800fcf8        0xc obj\Debug\src\adc.o
                0x0800fcf8                typeinfo for ADConverter1
 .rodata._ZTS12ADConverter1
                0x0800fd04       0x10 obj\Debug\src\adc.o
                0x0800fd04                typeinfo name for ADConverter1
 .rodata._ZTS11ADConverter
                0x0800fd14       0x10 obj\Debug\src\adc.o
                0x0800fd14                typeinfo name for ADConverter
 .rodata._ZTI11ADConverter
                0x0800fd24        0x8 obj\Debug\src\adc.o
                0x0800fd24                typeinfo for ADConverter
 *fill*         0x0800fd2c        0x4 
 .rodata._ZTV4APB2
                0x0800fd30       0x18 obj\Debug\src\bus.o
                0x0800fd30                vtable for APB2
 .rodata._ZTV4APB1
                0x0800fd48       0x18 obj\Debug\src\bus.o
                0x0800fd48                vtable for APB1
 .rodata._ZTI4APB2
                0x0800fd60        0xc obj\Debug\src\bus.o
                0x0800fd60                typeinfo for APB2
 .rodata._ZTS4APB2
                0x0800fd6c        0x8 obj\Debug\src\bus.o
                0x0800fd6c                typeinfo name for APB2
 .rodata._ZTI4APB1
                0x0800fd74        0xc obj\Debug\src\bus.o
                0x0800fd74                typeinfo for APB1
 .rodata._ZTS4APB1
                0x0800fd80        0x8 obj\Debug\src\bus.o
                0x0800fd80                typeinfo name for APB1
 .rodata._ZTS3APB
                0x0800fd88        0x8 obj\Debug\src\bus.o
                0x0800fd88                typeinfo name for APB
 .rodata._ZTI3APB
                0x0800fd90        0x8 obj\Debug\src\bus.o
                0x0800fd90                typeinfo for APB
 .rodata._ZTV4Dac1
                0x0800fd98       0x10 obj\Debug\src\dac.o
                0x0800fd98                vtable for Dac1
 .rodata._ZTV3Dac
                0x0800fda8       0x10 obj\Debug\src\dac.o
                0x0800fda8                vtable for Dac
 .rodata._ZTI4Dac1
                0x0800fdb8        0xc obj\Debug\src\dac.o
                0x0800fdb8                typeinfo for Dac1
 .rodata._ZTS4Dac1
                0x0800fdc4        0x8 obj\Debug\src\dac.o
                0x0800fdc4                typeinfo name for Dac1
 .rodata._ZTS3Dac
                0x0800fdcc        0x8 obj\Debug\src\dac.o
                0x0800fdcc                typeinfo name for Dac
 .rodata._ZTI3Dac
                0x0800fdd4        0x8 obj\Debug\src\dac.o
                0x0800fdd4                typeinfo for Dac
 *fill*         0x0800fddc        0x4 
 .rodata._ZTVN10__cxxabiv120__si_class_type_infoE
                0x0800fde0       0x30 c:/_bin/codeblocks/armgnu/bin/../lib/gcc/arm-none-eabi/4.8.3/../../../../arm-none-eabi/lib/armv7-m\libstdc++.a(si_class_type_info.o)
                0x0800fde0                vtable for __cxxabiv1::__si_class_type_info
 .rodata._ZTIN10__cxxabiv120__si_class_type_infoE
                0x0800fe10        0xc c:/_bin/codeblocks/armgnu/bin/../lib/gcc/arm-none-eabi/4.8.3/../../../../arm-none-eabi/lib/armv7-m\libstdc++.a(si_class_type_info.o)
                0x0800fe10                typeinfo for __cxxabiv1::__si_class_type_info
 .rodata._ZTSN10__cxxabiv120__si_class_type_infoE
                0x0800fe1c       0x28 c:/_bin/codeblocks/armgnu/bin/../lib/gcc/arm-none-eabi/4.8.3/../../../../arm-none-eabi/lib/armv7-m\libstdc++.a(si_class_type_info.o)
                0x0800fe1c                typeinfo name for __cxxabiv1::__si_class_type_info
 .rodata.str1.4
                0x0800fe44       0x3b c:/_bin/codeblocks/armgnu/bin/../lib/gcc/arm-none-eabi/4.8.3/../../../../arm-none-eabi/lib/armv7-m\libstdc++.a(pure.o)
                                 0x3c (size before relaxing)
 *fill*         0x0800fe7f        0x1 
 .rodata._ZTVSt9exception
                0x0800fe80       0x18 c:/_bin/codeblocks/armgnu/bin/../lib/gcc/arm-none-eabi/4.8.3/../../../../arm-none-eabi/lib/armv7-m\libstdc++.a(eh_exception.o)
                0x0800fe80                vtable for std::exception
 .rodata._ZTIN10__cxxabiv115__forced_unwindE
                0x0800fe98        0x8 c:/_bin/codeblocks/armgnu/bin/../lib/gcc/arm-none-eabi/4.8.3/../../../../arm-none-eabi/lib/armv7-m\libstdc++.a(eh_exception.o)
                0x0800fe98                typeinfo for __cxxabiv1::__forced_unwind
 .rodata._ZTISt9exception
                0x0800fea0        0x8 c:/_bin/codeblocks/armgnu/bin/../lib/gcc/arm-none-eabi/4.8.3/../../../../arm-none-eabi/lib/armv7-m\libstdc++.a(eh_exception.o)
                0x0800fea0                typeinfo for std::exception
 .rodata._ZTSSt13bad_exception
                0x0800fea8       0x14 c:/_bin/codeblocks/armgnu/bin/../lib/gcc/arm-none-eabi/4.8.3/../../../../arm-none-eabi/lib/armv7-m\libstdc++.a(eh_exception.o)
                0x0800fea8                typeinfo name for std::bad_exception
 .rodata.str1.4
                0x0800febc       0x23 c:/_bin/codeblocks/armgnu/bin/../lib/gcc/arm-none-eabi/4.8.3/../../../../arm-none-eabi/lib/armv7-m\libstdc++.a(eh_exception.o)
                                 0x24 (size before relaxing)
 *fill*         0x0800fedf        0x1 
 .rodata._ZTSN10__cxxabiv119__foreign_exceptionE
                0x0800fee0       0x24 c:/_bin/codeblocks/armgnu/bin/../lib/gcc/arm-none-eabi/4.8.3/../../../../arm-none-eabi/lib/armv7-m\libstdc++.a(eh_exception.o)
                0x0800fee0                typeinfo name for __cxxabiv1::__foreign_exception
 .rodata._ZTIN10__cxxabiv119__foreign_exceptionE
                0x0800ff04        0x8 c:/_bin/codeblocks/armgnu/bin/../lib/gcc/arm-none-eabi/4.8.3/../../../../arm-none-eabi/lib/armv7-m\libstdc++.a(eh_exception.o)
                0x0800ff04                typeinfo for __cxxabiv1::__foreign_exception
 *fill*         0x0800ff0c        0x4 
 .rodata._ZTVSt13bad_exception
                0x0800ff10       0x18 c:/_bin/codeblocks/armgnu/bin/../lib/gcc/arm-none-eabi/4.8.3/../../../../arm-none-eabi/lib/armv7-m\libstdc++.a(eh_exception.o)
                0x0800ff10                vtable for std::bad_exception
 .rodata._ZTSSt9exception
                0x0800ff28       0x10 c:/_bin/codeblocks/armgnu/bin/../lib/gcc/arm-none-eabi/4.8.3/../../../../arm-none-eabi/lib/armv7-m\libstdc++.a(eh_exception.o)
                0x0800ff28                typeinfo name for std::exception
 .rodata._ZTSN10__cxxabiv115__forced_unwindE
                0x0800ff38       0x20 c:/_bin/codeblocks/armgnu/bin/../lib/gcc/arm-none-eabi/4.8.3/../../../../arm-none-eabi/lib/armv7-m\libstdc++.a(eh_exception.o)
                0x0800ff38                typeinfo name for __cxxabiv1::__forced_unwind
 .rodata._ZTISt13bad_exception
                0x0800ff58        0xc c:/_bin/codeblocks/armgnu/bin/../lib/gcc/arm-none-eabi/4.8.3/../../../../arm-none-eabi/lib/armv7-m\libstdc++.a(eh_exception.o)
                0x0800ff58                typeinfo for std::bad_exception
 *fill*         0x0800ff64        0x4 
 .rodata._ZTVN10__cxxabiv117__class_type_infoE
                0x0800ff68       0x30 c:/_bin/codeblocks/armgnu/bin/../lib/gcc/arm-none-eabi/4.8.3/../../../../arm-none-eabi/lib/armv7-m\libstdc++.a(class_type_info.o)
                0x0800ff68                vtable for __cxxabiv1::__class_type_info
 .rodata._ZTIN10__cxxabiv117__class_type_infoE
                0x0800ff98        0xc c:/_bin/codeblocks/armgnu/bin/../lib/gcc/arm-none-eabi/4.8.3/../../../../arm-none-eabi/lib/armv7-m\libstdc++.a(class_type_info.o)
                0x0800ff98                typeinfo for __cxxabiv1::__class_type_info
 .rodata._ZTSN10__cxxabiv117__class_type_infoE
                0x0800ffa4       0x24 c:/_bin/codeblocks/armgnu/bin/../lib/gcc/arm-none-eabi/4.8.3/../../../../arm-none-eabi/lib/armv7-m\libstdc++.a(class_type_info.o)
                0x0800ffa4                typeinfo name for __cxxabiv1::__class_type_info
 .rodata._ZTISt9type_info
                0x0800ffc8        0x8 c:/_bin/codeblocks/armgnu/bin/../lib/gcc/arm-none-eabi/4.8.3/../../../../arm-none-eabi/lib/armv7-m\libstdc++.a(tinfo.o)
                0x0800ffc8                typeinfo for std::type_info
 .rodata._ZTSSt9type_info
                0x0800ffd0       0x10 c:/_bin/codeblocks/armgnu/bin/../lib/gcc/arm-none-eabi/4.8.3/../../../../arm-none-eabi/lib/armv7-m\libstdc++.a(tinfo.o)
                0x0800ffd0                typeinfo name for std::type_info
 .rodata._ZTVSt9type_info
                0x0800ffe0       0x20 c:/_bin/codeblocks/armgnu/bin/../lib/gcc/arm-none-eabi/4.8.3/../../../../arm-none-eabi/lib/armv7-m\libstdc++.a(tinfo.o)
                0x0800ffe0                vtable for std::type_info
 .rodata.str1.4
                0x08010000       0x94 c:/_bin/codeblocks/armgnu/bin/../lib/gcc/arm-none-eabi/4.8.3/../../../../arm-none-eabi/lib/armv7-m\libstdc++.a(vterminate.o)
 .rodata.str1.4
                0x08010094      0x7f2 c:/_bin/codeblocks/armgnu/bin/../lib/gcc/arm-none-eabi/4.8.3/../../../../arm-none-eabi/lib/armv7-m\libstdc++.a(cp-demangle.o)
                                0x840 (size before relaxing)
 *fill*         0x08010886        0x2 
 .rodata.str1.4
                0x08010888        0x2 c:/_bin/codeblocks/armgnu/bin/../lib/gcc/arm-none-eabi/4.8.3/../../../../arm-none-eabi/lib/armv7-m\libc.a(lib_a-impure.o)
                                  0x4 (size before relaxing)
 *fill*         0x0801088a        0x2 
 .rodata._global_impure_ptr
                0x0801088c        0x4 c:/_bin/codeblocks/armgnu/bin/../lib/gcc/arm-none-eabi/4.8.3/../../../../arm-none-eabi/lib/armv7-m\libc.a(lib_a-impure.o)
                0x0801088c                _global_impure_ptr
 .rodata.blanks.6743
                0x08010890       0x10 c:/_bin/codeblocks/armgnu/bin/../lib/gcc/arm-none-eabi/4.8.3/../../../../arm-none-eabi/lib/armv7-m\libc.a(lib_a-svfprintf.o)
 .rodata.str1.4
                0x080108a0       0x42 c:/_bin/codeblocks/armgnu/bin/../lib/gcc/arm-none-eabi/4.8.3/../../../../arm-none-eabi/lib/armv7-m\libc.a(lib_a-svfprintf.o)
                                 0x44 (size before relaxing)
 *fill*         0x080108e2        0x2 
 .rodata.zeroes.6744
                0x080108e4       0x10 c:/_bin/codeblocks/armgnu/bin/../lib/gcc/arm-none-eabi/4.8.3/../../../../arm-none-eabi/lib/armv7-m\libc.a(lib_a-svfprintf.o)
 .rodata.str1.4
                0x080108f4       0x10 c:/_bin/codeblocks/armgnu/bin/../lib/gcc/arm-none-eabi/4.8.3/../../../../arm-none-eabi/lib/armv7-m\libc.a(lib_a-dtoa.o)
                                 0x14 (size before relaxing)
 .rodata.str1.4
                0x08010904        0x8 c:/_bin/codeblocks/armgnu/bin/../lib/gcc/arm-none-eabi/4.8.3/../../../../arm-none-eabi/lib/armv7-m\libc.a(lib_a-locale.o)
                                 0x14 (size before relaxing)
 .rodata.p05.5288
                0x0801090c        0xc c:/_bin/codeblocks/armgnu/bin/../lib/gcc/arm-none-eabi/4.8.3/../../../../arm-none-eabi/lib/armv7-m\libc.a(lib_a-mprec.o)
 .rodata.__mprec_tens
                0x08010918       0xc8 c:/_bin/codeblocks/armgnu/bin/../lib/gcc/arm-none-eabi/4.8.3/../../../../arm-none-eabi/lib/armv7-m\libc.a(lib_a-mprec.o)
                0x08010918                __mprec_tens
 .rodata.__mprec_bigtens
                0x080109e0       0x28 c:/_bin/codeblocks/armgnu/bin/../lib/gcc/arm-none-eabi/4.8.3/../../../../arm-none-eabi/lib/armv7-m\libc.a(lib_a-mprec.o)
                0x080109e0                __mprec_bigtens
 *(.glue_7)
 .glue_7        0x00000000        0x0 linker stubs
 *(.glue_7t)
 .glue_7t       0x00000000        0x0 linker stubs
 *(.init)
 .init          0x08010a08        0x4 c:/_bin/codeblocks/armgnu/bin/../lib/gcc/arm-none-eabi/4.8.3/armv7-m/crti.o
                0x08010a08                _init
 .init          0x08010a0c        0x8 c:/_bin/codeblocks/armgnu/bin/../lib/gcc/arm-none-eabi/4.8.3/armv7-m/crtn.o
 *(.fini)
 .fini          0x08010a14        0x4 c:/_bin/codeblocks/armgnu/bin/../lib/gcc/arm-none-eabi/4.8.3/armv7-m/crti.o
                0x08010a14                _fini
 .fini          0x08010a18        0x8 c:/_bin/codeblocks/armgnu/bin/../lib/gcc/arm-none-eabi/4.8.3/armv7-m/crtn.o
                0x08010a20                . = ALIGN (0x4)
                0x08010a20                _etext = .

.vfp11_veneer   0x08010a20        0x0
 .vfp11_veneer  0x00000000        0x0 linker stubs

.v4_bx          0x08010a20        0x0
 .v4_bx         0x00000000        0x0 linker stubs

.iplt           0x08010a20        0x0
 .iplt          0x00000000        0x0 c:/_bin/codeblocks/armgnu/bin/../lib/gcc/arm-none-eabi/4.8.3/armv7-m/crtbegin.o

.ARM.extab      0x08010a20      0x3ec
 *(.ARM.extab* .gnu.linkonce.armextab.*)
 .ARM.extab.text.ADC_DeInit
                0x08010a20        0xc obj\Debug\lib\STM32F10x_StdPeriph_Driver\src\stm32f10x_adc.o
 .ARM.extab.text.ADC_Init
                0x08010a2c        0xc obj\Debug\lib\STM32F10x_StdPeriph_Driver\src\stm32f10x_adc.o
 .ARM.extab.text.ADC_Cmd
                0x08010a38        0xc obj\Debug\lib\STM32F10x_StdPeriph_Driver\src\stm32f10x_adc.o
 .ARM.extab.text.ADC_ResetCalibration
                0x08010a44        0xc obj\Debug\lib\STM32F10x_StdPeriph_Driver\src\stm32f10x_adc.o
 .ARM.extab.text.ADC_GetResetCalibrationStatus
                0x08010a50        0xc obj\Debug\lib\STM32F10x_StdPeriph_Driver\src\stm32f10x_adc.o
 .ARM.extab.text.ADC_StartCalibration
                0x08010a5c        0xc obj\Debug\lib\STM32F10x_StdPeriph_Driver\src\stm32f10x_adc.o
 .ARM.extab.text.ADC_GetCalibrationStatus
                0x08010a68        0xc obj\Debug\lib\STM32F10x_StdPeriph_Driver\src\stm32f10x_adc.o
 .ARM.extab.text.ADC_SoftwareStartConvCmd
                0x08010a74        0xc obj\Debug\lib\STM32F10x_StdPeriph_Driver\src\stm32f10x_adc.o
 .ARM.extab.text.ADC_RegularChannelConfig
                0x08010a80        0xc obj\Debug\lib\STM32F10x_StdPeriph_Driver\src\stm32f10x_adc.o
 .ARM.extab.text.ADC_GetConversionValue
                0x08010a8c        0xc obj\Debug\lib\STM32F10x_StdPeriph_Driver\src\stm32f10x_adc.o
 .ARM.extab.text.ADC_TempSensorVrefintCmd
                0x08010a98        0xc obj\Debug\lib\STM32F10x_StdPeriph_Driver\src\stm32f10x_adc.o
 .ARM.extab.text.ADC_GetFlagStatus
                0x08010aa4        0xc obj\Debug\lib\STM32F10x_StdPeriph_Driver\src\stm32f10x_adc.o
 .ARM.extab.text.ADC_ClearFlag
                0x08010ab0        0xc obj\Debug\lib\STM32F10x_StdPeriph_Driver\src\stm32f10x_adc.o
 .ARM.extab.text.DAC_Cmd
                0x08010abc        0xc obj\Debug\lib\STM32F10x_StdPeriph_Driver\src\stm32f10x_dac.o
 .ARM.extab.text.GPIO_Init
                0x08010ac8        0xc obj\Debug\lib\STM32F10x_StdPeriph_Driver\src\stm32f10x_gpio.o
 .ARM.extab.text.RCC_APB2PeriphClockCmd
                0x08010ad4        0xc obj\Debug\lib\STM32F10x_StdPeriph_Driver\src\stm32f10x_rcc.o
 .ARM.extab.text.RCC_APB1PeriphClockCmd
                0x08010ae0        0xc obj\Debug\lib\STM32F10x_StdPeriph_Driver\src\stm32f10x_rcc.o
 .ARM.extab.text.RCC_APB2PeriphResetCmd
                0x08010aec        0xc obj\Debug\lib\STM32F10x_StdPeriph_Driver\src\stm32f10x_rcc.o
 .ARM.extab.text.RCC_APB1PeriphResetCmd
                0x08010af8        0xc obj\Debug\lib\STM32F10x_StdPeriph_Driver\src\stm32f10x_rcc.o
 .ARM.extab.text.TIM_DeInit
                0x08010b04        0xc obj\Debug\lib\STM32F10x_StdPeriph_Driver\src\stm32f10x_tim.o
 .ARM.extab.text.USART_SendData
                0x08010b10        0xc obj\Debug\lib\STM32F10x_StdPeriph_Driver\src\stm32f10x_usart.o
 .ARM.extab.text.USART_ReceiveData
                0x08010b1c        0xc obj\Debug\lib\STM32F10x_StdPeriph_Driver\src\stm32f10x_usart.o
 .ARM.extab.text.USART_GetFlagStatus
                0x08010b28        0xc obj\Debug\lib\STM32F10x_StdPeriph_Driver\src\stm32f10x_usart.o
 .ARM.extab.text.uart_putc
                0x08010b34        0xc obj\Debug\lib\syscalls.o
 .ARM.extab.text.uart_getc
                0x08010b40        0xc obj\Debug\lib\syscalls.o
 .ARM.extab.text._read_r
                0x08010b4c        0xc obj\Debug\lib\syscalls.o
 .ARM.extab.text._write_r
                0x08010b58        0xc obj\Debug\lib\syscalls.o
 .ARM.extab.text._sbrk_r
                0x08010b64        0xc obj\Debug\lib\syscalls.o
 .ARM.extab.text._kill
                0x08010b70        0xc obj\Debug\lib\syscalls.o
 .ARM.extab.text.STM32vldiscovery_LEDInit
                0x08010b7c       0x18 obj\Debug\lib\Utilities\STM32vldiscovery.o
 .ARM.extab.text.main
                0x08010b94       0x24 obj\Debug\main.o
 .ARM.extab.text._ZN11ADConverterC2Ev
                0x08010bb8        0x0 obj\Debug\src\adc.o
 .ARM.extab.text._ZN12ADConverter1C2Ev
                0x08010bb8       0x1c obj\Debug\src\adc.o
 .ARM.extab.text._ZN12ADConverter15startEv
                0x08010bd4        0xc obj\Debug\src\adc.o
 .ARM.extab.text._ZN12ADConverter14stopEv
                0x08010be0        0xc obj\Debug\src\adc.o
 .ARM.extab.text._ZN12ADConverter14readEv
                0x08010bec        0xc obj\Debug\src\adc.o
 .ARM.extab.text._ZN12ADConverter1D2Ev
                0x08010bf8       0x10 obj\Debug\src\adc.o
 .ARM.extab.text._ZN3PinI6APinIDE17setupSlowInAnalogEv
                0x08010c08       0x18 obj\Debug\src\adc.o
 .ARM.extab.text._ZN4APB16enableE12PeripheralID
                0x08010c20        0xc obj\Debug\src\bus.o
 .ARM.extab.text._ZN4APB17disableE12PeripheralID
                0x08010c2c        0xc obj\Debug\src\bus.o
 .ARM.extab.text._ZN4APB26enableE12PeripheralID
                0x08010c38        0xc obj\Debug\src\bus.o
 .ARM.extab.text._ZN4APB27disableE12PeripheralID
                0x08010c44        0xc obj\Debug\src\bus.o
 .ARM.extab.text._ZN4APB2D2Ev
                0x08010c50        0x0 obj\Debug\src\bus.o
 .ARM.extab.text._ZN4APB2D0Ev
                0x08010c50        0x0 obj\Debug\src\bus.o
 .ARM.extab.text._ZN4APB1D2Ev
                0x08010c50        0x0 obj\Debug\src\bus.o
 .ARM.extab.text._ZN4APB1D0Ev
                0x08010c50        0x0 obj\Debug\src\bus.o
 .ARM.extab.text._ZN3DacC2Ev
                0x08010c50        0x0 obj\Debug\src\dac.o
 .ARM.extab.text._ZN4Dac1C2Ev
                0x08010c50       0x1c obj\Debug\src\dac.o
 .ARM.extab.text._ZN4Dac1D2Ev
                0x08010c6c       0x10 obj\Debug\src\dac.o
 .ARM.extab.text._ZN4Dac15startEv
                0x08010c7c        0xc obj\Debug\src\dac.o
 .ARM.extab.text._ZN3PinI6APinIDE18setupSlowOutAnalogEv
                0x08010c88       0x18 obj\Debug\src\dac.o
 .ARM.extab.text._ZN3LedC2E5LedID
                0x08010ca0        0xc obj\Debug\src\led.o
 .ARM.extab.text._ZN3Led2onEv
                0x08010cac        0xc obj\Debug\src\led.o
 .ARM.extab.text._ZN3Led3offEv
                0x08010cb8        0xc obj\Debug\src\led.o
 .ARM.extab.text._ZN7PinBaseC2Eh
                0x08010cc4        0x0 obj\Debug\src\pin.o
 .ARM.extab.text._ZN3PinI6APinIDEC2ES0_
                0x08010cc4        0xc obj\Debug\src\pin.o
 .ARM.extab.text._ZN5TimerC2Ev
                0x08010cd0        0x0 obj\Debug\src\tim.o
 .ARM.extab.text._ZN6Timer6C2Ev
                0x08010cd0        0xc obj\Debug\src\tim.o
 .ARM.extab.text._ZN6Timer6D2Ev
                0x08010cdc       0x10 obj\Debug\src\tim.o
 .ARM.extab.text.__cxa_pure_virtual
                0x08010cec        0xc c:/_bin/codeblocks/armgnu/bin/../lib/gcc/arm-none-eabi/4.8.3/../../../../arm-none-eabi/lib/armv7-m\libstdc++.a(pure.o)
 .ARM.extab.text._ZL21base_of_encoded_valuehP15_Unwind_Context
                0x08010cf8        0xc c:/_bin/codeblocks/armgnu/bin/../lib/gcc/arm-none-eabi/4.8.3/../../../../arm-none-eabi/lib/armv7-m\libstdc++.a(eh_personality.o)
 .ARM.extab.text.__gxx_personality_v0
                0x08010d04       0x20 c:/_bin/codeblocks/armgnu/bin/../lib/gcc/arm-none-eabi/4.8.3/../../../../arm-none-eabi/lib/armv7-m\libstdc++.a(eh_personality.o)
 .ARM.extab.text._ZN10__cxxabiv111__terminateEPFvvE
                0x08010d24       0x2c c:/_bin/codeblocks/armgnu/bin/../lib/gcc/arm-none-eabi/4.8.3/../../../../arm-none-eabi/lib/armv7-m\libstdc++.a(eh_terminate.o)
 .ARM.extab.text._ZN10__cxxabiv112__unexpectedEPFvvE
                0x08010d50        0xc c:/_bin/codeblocks/armgnu/bin/../lib/gcc/arm-none-eabi/4.8.3/../../../../arm-none-eabi/lib/armv7-m\libstdc++.a(eh_terminate.o)
 .ARM.extab.text._ZSt10unexpectedv
                0x08010d5c        0xc c:/_bin/codeblocks/armgnu/bin/../lib/gcc/arm-none-eabi/4.8.3/../../../../arm-none-eabi/lib/armv7-m\libstdc++.a(eh_terminate.o)
 .ARM.extab.text.__cxa_call_unexpected
                0x08010d68       0x2c c:/_bin/codeblocks/armgnu/bin/../lib/gcc/arm-none-eabi/4.8.3/../../../../arm-none-eabi/lib/armv7-m\libstdc++.a(eh_call.o)
 .ARM.extab.text.__cxa_begin_catch
                0x08010d94       0x20 c:/_bin/codeblocks/armgnu/bin/../lib/gcc/arm-none-eabi/4.8.3/../../../../arm-none-eabi/lib/armv7-m\libstdc++.a(eh_catch.o)
 .ARM.extab.text._ZN9__gnu_cxx27__verbose_terminate_handlerEv
                0x08010db4       0x34 c:/_bin/codeblocks/armgnu/bin/../lib/gcc/arm-none-eabi/4.8.3/../../../../arm-none-eabi/lib/armv7-m\libstdc++.a(vterminate.o)
 .ARM.extab     0x08010de8        0xc c:/_bin/codeblocks/armgnu/bin/../lib/gcc/arm-none-eabi/4.8.3/armv7-m\libgcc.a(unwind-arm.o)
 .ARM.extab     0x08010df4       0x18 c:/_bin/codeblocks/armgnu/bin/../lib/gcc/arm-none-eabi/4.8.3/armv7-m\libgcc.a(pr-support.o)

.eh_frame       0x08010e0c        0x0
 .eh_frame      0x08010e0c        0x0 c:/_bin/codeblocks/armgnu/bin/../lib/gcc/arm-none-eabi/4.8.3/armv7-m/crtbegin.o

.ARM            0x08010e0c      0x420
                0x08010e0c                __exidx_start = .
 *(.ARM.exidx*)
 .ARM.exidx.text.SystemInit
                0x08010f04        0x8 obj\Debug\lib\CMSIS\CM3\DeviceSupport\ST\STM32F10x\system_stm32f10x.o
 .ARM.exidx.text.SetSysClock
                0x08010f0c        0x0 obj\Debug\lib\CMSIS\CM3\DeviceSupport\ST\STM32F10x\system_stm32f10x.o
                                  0x8 (size before relaxing)
 .ARM.exidx.text.SetSysClockTo24
                0x08010f0c        0x8 obj\Debug\lib\CMSIS\CM3\DeviceSupport\ST\STM32F10x\system_stm32f10x.o
 .ARM.exidx.text.ADC_DeInit
                0x08010f14        0x8 obj\Debug\lib\STM32F10x_StdPeriph_Driver\src\stm32f10x_adc.o
 .ARM.exidx.text.ADC_Init
                0x08010f1c        0x8 obj\Debug\lib\STM32F10x_StdPeriph_Driver\src\stm32f10x_adc.o
 .ARM.exidx.text.ADC_Cmd
                0x08010f24        0x8 obj\Debug\lib\STM32F10x_StdPeriph_Driver\src\stm32f10x_adc.o
 .ARM.exidx.text.ADC_ResetCalibration
                0x08010f2c        0x8 obj\Debug\lib\STM32F10x_StdPeriph_Driver\src\stm32f10x_adc.o
 .ARM.exidx.text.ADC_GetResetCalibrationStatus
                0x08010f34        0x8 obj\Debug\lib\STM32F10x_StdPeriph_Driver\src\stm32f10x_adc.o
 .ARM.exidx.text.ADC_StartCalibration
                0x08010f3c        0x8 obj\Debug\lib\STM32F10x_StdPeriph_Driver\src\stm32f10x_adc.o
 .ARM.exidx.text.ADC_GetCalibrationStatus
                0x08010f44        0x8 obj\Debug\lib\STM32F10x_StdPeriph_Driver\src\stm32f10x_adc.o
 .ARM.exidx.text.ADC_SoftwareStartConvCmd
                0x08010f4c        0x8 obj\Debug\lib\STM32F10x_StdPeriph_Driver\src\stm32f10x_adc.o
 .ARM.exidx.text.ADC_RegularChannelConfig
                0x08010f54        0x8 obj\Debug\lib\STM32F10x_StdPeriph_Driver\src\stm32f10x_adc.o
 .ARM.exidx.text.ADC_GetConversionValue
                0x08010f5c        0x8 obj\Debug\lib\STM32F10x_StdPeriph_Driver\src\stm32f10x_adc.o
 .ARM.exidx.text.ADC_TempSensorVrefintCmd
                0x08010f64        0x8 obj\Debug\lib\STM32F10x_StdPeriph_Driver\src\stm32f10x_adc.o
 .ARM.exidx.text.ADC_GetFlagStatus
                0x08010f6c        0x8 obj\Debug\lib\STM32F10x_StdPeriph_Driver\src\stm32f10x_adc.o
 .ARM.exidx.text.ADC_ClearFlag
                0x08010f74        0x8 obj\Debug\lib\STM32F10x_StdPeriph_Driver\src\stm32f10x_adc.o
 .ARM.exidx.text.DAC_DeInit
                0x08010f7c        0x8 obj\Debug\lib\STM32F10x_StdPeriph_Driver\src\stm32f10x_dac.o
 .ARM.exidx.text.DAC_Cmd
                0x08010f84        0x8 obj\Debug\lib\STM32F10x_StdPeriph_Driver\src\stm32f10x_dac.o
 .ARM.exidx.text.GPIO_Init
                0x08010f8c        0x8 obj\Debug\lib\STM32F10x_StdPeriph_Driver\src\stm32f10x_gpio.o
 .ARM.exidx.text.RCC_APB2PeriphClockCmd
                0x08010f94        0x8 obj\Debug\lib\STM32F10x_StdPeriph_Driver\src\stm32f10x_rcc.o
 .ARM.exidx.text.RCC_APB1PeriphClockCmd
                0x08010f9c        0x8 obj\Debug\lib\STM32F10x_StdPeriph_Driver\src\stm32f10x_rcc.o
 .ARM.exidx.text.RCC_APB2PeriphResetCmd
                0x08010fa4        0x8 obj\Debug\lib\STM32F10x_StdPeriph_Driver\src\stm32f10x_rcc.o
 .ARM.exidx.text.RCC_APB1PeriphResetCmd
                0x08010fac        0x8 obj\Debug\lib\STM32F10x_StdPeriph_Driver\src\stm32f10x_rcc.o
 .ARM.exidx.text.TIM_DeInit
                0x08010fb4        0x8 obj\Debug\lib\STM32F10x_StdPeriph_Driver\src\stm32f10x_tim.o
 .ARM.exidx.text.USART_SendData
                0x08010fbc        0x8 obj\Debug\lib\STM32F10x_StdPeriph_Driver\src\stm32f10x_usart.o
 .ARM.exidx.text.USART_ReceiveData
                0x08010fc4        0x8 obj\Debug\lib\STM32F10x_StdPeriph_Driver\src\stm32f10x_usart.o
 .ARM.exidx.text.USART_GetFlagStatus
                0x08010fcc        0x8 obj\Debug\lib\STM32F10x_StdPeriph_Driver\src\stm32f10x_usart.o
 .ARM.exidx.text.uart_putc
                0x08010fd4        0x8 obj\Debug\lib\syscalls.o
 .ARM.exidx.text.uart_getc
                0x08010fdc        0x8 obj\Debug\lib\syscalls.o
 .ARM.exidx.text._read_r
                0x08010fe4        0x8 obj\Debug\lib\syscalls.o
 .ARM.exidx.text._lseek_r
                0x08010fec        0x8 obj\Debug\lib\syscalls.o
 .ARM.exidx.text._write_r
                0x08010ff4        0x8 obj\Debug\lib\syscalls.o
 .ARM.exidx.text._close_r
                0x08010ffc        0x8 obj\Debug\lib\syscalls.o
 .ARM.exidx.text._sbrk_r
                0x08011004        0x8 obj\Debug\lib\syscalls.o
 .ARM.exidx.text._fstat_r
                0x0801100c        0x8 obj\Debug\lib\syscalls.o
 .ARM.exidx.text._isatty_r
                0x08011014        0x0 obj\Debug\lib\syscalls.o
                                  0x8 (size before relaxing)
 .ARM.exidx.text._getpid
                0x08011014        0x0 obj\Debug\lib\syscalls.o
                                  0x8 (size before relaxing)
 .ARM.exidx.text._kill
                0x08011014        0x8 obj\Debug\lib\syscalls.o
 .ARM.exidx.text._exit
                0x0801101c        0x8 obj\Debug\lib\syscalls.o
 .ARM.exidx.text.STM32vldiscovery_LEDInit
                0x08011024        0x8 obj\Debug\lib\Utilities\STM32vldiscovery.o
 .ARM.exidx.text.STM32vldiscovery_LEDOn
                0x0801102c        0x8 obj\Debug\lib\Utilities\STM32vldiscovery.o
 .ARM.exidx.text.STM32vldiscovery_LEDOff
                0x08011034        0x0 obj\Debug\lib\Utilities\STM32vldiscovery.o
                                  0x8 (size before relaxing)
 .ARM.exidx.text.main
                0x08011034        0x8 obj\Debug\main.o
 .ARM.exidx.text._Z5Delaym
                0x0801103c        0x8 obj\Debug\main.o
 .ARM.exidx.text.TIM6_DAC_IRQHandler
                0x08011044        0x8 obj\Debug\main.o
 .ARM.exidx.text.assert_failed
                0x0801104c        0x8 obj\Debug\main.o
 .ARM.exidx.text._ZN11ADConverterC2Ev
                0x08011054        0x0 obj\Debug\src\adc.o
                                  0x8 (size before relaxing)
 .ARM.exidx.text._ZN12ADConverter1C2Ev
                0x08011054        0x8 obj\Debug\src\adc.o
 .ARM.exidx.text._ZN12ADConverter15startEv
                0x0801105c        0x8 obj\Debug\src\adc.o
 .ARM.exidx.text._ZN12ADConverter14stopEv
                0x08011064        0x8 obj\Debug\src\adc.o
 .ARM.exidx.text._ZN12ADConverter14readEv
                0x0801106c        0x8 obj\Debug\src\adc.o
 .ARM.exidx.text._ZN12ADConverter1D2Ev
                0x08011074        0x8 obj\Debug\src\adc.o
 .ARM.exidx.text._ZN12ADConverter1D0Ev
                0x0801107c        0x8 obj\Debug\src\adc.o
 .ARM.exidx.text._ZN3PinI6APinIDE17setupSlowInAnalogEv
                0x08011084        0x8 obj\Debug\src\adc.o
 .ARM.exidx.text._ZN4APB16enableE12PeripheralID
                0x0801108c        0x8 obj\Debug\src\bus.o
 .ARM.exidx.text._ZN4APB17disableE12PeripheralID
                0x08011094        0x8 obj\Debug\src\bus.o
 .ARM.exidx.text._ZN4APB26enableE12PeripheralID
                0x0801109c        0x8 obj\Debug\src\bus.o
 .ARM.exidx.text._ZN4APB27disableE12PeripheralID
                0x080110a4        0x8 obj\Debug\src\bus.o
 .ARM.exidx.text._ZN4APB2D2Ev
                0x080110ac        0x8 obj\Debug\src\bus.o
 .ARM.exidx.text._ZN4APB2D0Ev
                0x080110b4        0x0 obj\Debug\src\bus.o
                                  0x8 (size before relaxing)
 .ARM.exidx.text._ZN4APB1D2Ev
                0x080110b4        0x0 obj\Debug\src\bus.o
                                  0x8 (size before relaxing)
 .ARM.exidx.text._ZN4APB1D0Ev
                0x080110b4        0x0 obj\Debug\src\bus.o
                                  0x8 (size before relaxing)
 .ARM.exidx.text._Z41__static_initialization_and_destruction_0ii
                0x080110b4        0x0 obj\Debug\src\bus.o
                                  0x8 (size before relaxing)
 .ARM.exidx.text._GLOBAL__sub_I_bus1
                0x080110b4        0x0 obj\Debug\src\bus.o
                                  0x8 (size before relaxing)
 .ARM.exidx.text._ZN3DacC2Ev
                0x080110b4        0x0 obj\Debug\src\dac.o
                                  0x8 (size before relaxing)
 .ARM.exidx.text._ZN4Dac1C2Ev
                0x080110b4        0x8 obj\Debug\src\dac.o
 .ARM.exidx.text._ZN4Dac1D2Ev
                0x080110bc        0x8 obj\Debug\src\dac.o
 .ARM.exidx.text._ZN4Dac15startEv
                0x080110c4        0x8 obj\Debug\src\dac.o
 .ARM.exidx.text._ZN4Dac14stopEv
                0x080110cc        0x8 obj\Debug\src\dac.o
 .ARM.exidx.text._ZN3Dac4tickEv
                0x080110d4        0x0 obj\Debug\src\dac.o
                                  0x8 (size before relaxing)
 .ARM.exidx.text._ZN3PinI6APinIDE18setupSlowOutAnalogEv
                0x080110d4        0x8 obj\Debug\src\dac.o
 .ARM.exidx.text._ZN3LedC2E5LedID
                0x080110dc        0x8 obj\Debug\src\led.o
 .ARM.exidx.text._ZN3Led2onEv
                0x080110e4        0x8 obj\Debug\src\led.o
 .ARM.exidx.text._ZN3Led3offEv
                0x080110ec        0x8 obj\Debug\src\led.o
 .ARM.exidx.text._ZN7PinBaseC2Eh
                0x080110f4        0x8 obj\Debug\src\pin.o
 .ARM.exidx.text._ZN3PinI6APinIDEC2ES0_
                0x080110fc        0x8 obj\Debug\src\pin.o
 .ARM.exidx.text.NVIC_EnableIRQ
                0x08011104        0x8 obj\Debug\src\tim.o
 .ARM.exidx.text._ZN5TimerC2Ev
                0x0801110c        0x0 obj\Debug\src\tim.o
                                  0x8 (size before relaxing)
 .ARM.exidx.text._ZN6Timer6C2Ev
                0x0801110c        0x8 obj\Debug\src\tim.o
 .ARM.exidx.text._ZN6Timer6D2Ev
                0x08011114        0x8 obj\Debug\src\tim.o
 .ARM.exidx.text._ZN10__cxxabiv120__si_class_type_infoD2Ev
                0x0801111c        0x8 c:/_bin/codeblocks/armgnu/bin/../lib/gcc/arm-none-eabi/4.8.3/../../../../arm-none-eabi/lib/armv7-m\libstdc++.a(si_class_type_info.o)
 .ARM.exidx.text._ZN10__cxxabiv120__si_class_type_infoD0Ev
                0x08011124        0x0 c:/_bin/codeblocks/armgnu/bin/../lib/gcc/arm-none-eabi/4.8.3/../../../../arm-none-eabi/lib/armv7-m\libstdc++.a(si_class_type_info.o)
                                  0x8 (size before relaxing)
 .ARM.exidx.text._ZNK10__cxxabiv120__si_class_type_info20__do_find_public_srcEiPKvPKNS_17__class_type_infoES2_
                0x08011124        0x8 c:/_bin/codeblocks/armgnu/bin/../lib/gcc/arm-none-eabi/4.8.3/../../../../arm-none-eabi/lib/armv7-m\libstdc++.a(si_class_type_info.o)
 .ARM.exidx.text._ZNK10__cxxabiv120__si_class_type_info12__do_dyncastEiNS_17__class_type_info10__sub_kindEPKS1_PKvS4_S6_RNS1_16__dyncast_resultE